High accuracy requested (DEF (default) settings). 
Opening File: maf66_DDEC6.cif
Radii analysis: the smallest atom r = 1.09 while the largest atoms r = 1.7.
Starting Voronoi decomposition
Box dimensions:
  va=(20.408000 0 0)
  vb=(0.000000 20.408000 0)
  vc=(0.000000 0.000000 13.099800)

Total particles = 10704

Internal grid size = (13 13 8)

Using voro++ with radii for particles.
Performing Voronoi decomposition.
Volume check:
  Total domain volume  = 5455.889381
  Total Voronoi volume = 5455.889381
Voronoi decomposition finished. Rerouting Voronoi network information.
Finished rerouting information.
Finished Voronoi decomposition
Command 0  -ha
Command 1  -block
Box dimensions:
  va=(20.408000 0 0)
  vb=(0.000000 20.408000 0)
  vc=(0.000000 0.000000 13.099800)

Total particles = 10704

Internal grid size = (13 13 8)

Using voro++ with radii for particles.
Performing Voronoi decomposition.
Volume check:
  Total domain volume  = 5455.889381
  Total Voronoi volume = 5455.889381
Voronoi decomposition finished. Rerouting Voronoi network information.
Finished rerouting information.
Voronoi network with 57084 nodes. 2681 of them are accessible. 

Finding channels and pockets in Dijkstra network of 57084 node(s). 2681 are expected to compose pores.
Analyzed and assigned 57084 nodes.
Identified 1 channels and 0 pockets.
2681 nodes assigned to pores. 
