구조 8개 -> 작업 24개 (Widom CO2/N2 + 0.15bar GCMC)

  [       ok] widom CO2 amIm025_clIm025_mIm050_DDEC6
  [       ok] widom N2  amIm025_clIm025_mIm050_DDEC6
  [       ok] widom CO2 amIm025_mIm050_nIm025_DDEC6
  [       ok] widom N2  amIm025_mIm050_nIm025_DDEC6
  [       ok] widom CO2 amIm050_nIm050_DDEC6
  [       ok] widom N2  amIm050_nIm050_DDEC6
  [       ok] widom CO2 amrIm012_mIm075_nIm012_DDEC6
  [       ok] widom N2  amrIm012_mIm075_nIm012_DDEC6
  [       ok] widom CO2 amrIm025_clIm025_mIm050_DDEC6
  [       ok] widom N2  amrIm025_clIm025_mIm050_DDEC6
  [       ok] widom CO2 amrIm025_mIm050_nIm025_DDEC6
  [       ok] widom N2  amrIm025_mIm050_nIm025_DDEC6
  [       ok] widom CO2 mIm075_saIm025_DDEC6
  [       ok] widom N2  mIm075_saIm025_DDEC6
  [       ok] widom CO2 mIm100_DDEC6
  [       ok] widom N2  mIm100_DDEC6
  [       ok] gcmc  CO2 amIm025_clIm025_mIm050_DDEC6
  [       ok] gcmc  CO2 amIm025_mIm050_nIm025_DDEC6
  [       ok] gcmc  CO2 amIm050_nIm050_DDEC6
  [       ok] gcmc  CO2 amrIm012_mIm075_nIm012_DDEC6
  [       ok] gcmc  CO2 amrIm025_clIm025_mIm050_DDEC6
  [       ok] gcmc  CO2 amrIm025_mIm050_nIm025_DDEC6
  [       ok] gcmc  CO2 mIm075_saIm025_DDEC6
  [       ok] gcmc  CO2 mIm100_DDEC6

========================================================================================================
구조                             KH(CO2)      KH(N2)   CO2/N2      Qst    0.15bar 로딩
--------------------------------------------------------------------------------------------------------
amIm025_clIm025_mIm050      1.4253e-05  2.0065e-06     7.10    13.76        0.2178
amIm025_mIm050_nIm025       1.7271e-05  1.9819e-06     8.71    14.99        0.2588
amIm050_nIm050              3.9473e-05  2.0136e-06    19.60    22.96        0.5494
amrIm012_mIm075_nIm012      1.8375e-05  2.2369e-06     8.21    14.97        0.2807
amrIm025_clIm025_mIm050     1.5552e-05  2.0537e-06     7.57    14.53        0.2395
amrIm025_mIm050_nIm025      1.9413e-05  2.0141e-06     9.64    16.20        0.2944
mIm075_saIm025              3.9351e-05  2.3362e-06    16.84    20.79        0.5820
mIm100                      1.7682e-05  2.4438e-06     7.24    14.07        0.2761

[OK] 저장: ddec6_results.json
