High accuracy requested (DEF (default) settings). 
Opening File: maf66_DDEC6.cif
Radii analysis: the smallest atom r = 1.09 while the largest atoms r = 1.7.
Starting Voronoi decomposition
Box dimensions:
  va=(20.408000 0 0)
  vb=(0.000000 20.408000 0)
  vc=(0.000000 0.000000 13.099800)

Total particles = 10704

Internal grid size = (13 13 8)

Using voro++ with radii for particles.
Performing Voronoi decomposition.
Volume check:
  Total domain volume  = 5455.889381
  Total Voronoi volume = 5455.889381
Voronoi decomposition finished. Rerouting Voronoi network information.
Finished rerouting information.
Finished Voronoi decomposition
Command 0  -ha
Command 1  -res
