11
 energy: -24.748742654094 gnorm: 0.063761559990 xtb: 6.7.1 (edcfbbe)
O            2.67269867000000        1.12529106000000       -0.25175695000000
N            2.00823604000000        0.10735341000000       -0.02764053000000
O            2.46361421000000       -1.02098544000000        0.21830896000000
C            0.58092453000000        0.21396830000000       -0.04800915000000
N           -0.11472279000000        1.30543975000000       -0.28540325000000
C           -1.42469478000000        0.90029378000000       -0.19404718000000
C           -1.50871194000000       -0.44399759000000        0.10028018000000
N           -0.21112088000000       -0.87219245000000        0.19128764000000
H           -2.23955454000000        1.59836377000000       -0.34513046000000
H           -2.34997461000000       -1.10739880000000        0.24718099000000
H            0.12330610000000       -1.80613579000000        0.39492973000000
11
 energy: -24.751915057556 gnorm: 0.021464458805 xtb: 6.7.1 (edcfbbe)
O            2.65118518670788        1.10469357242245       -0.24720572493560
N            1.99154861409346        0.10944864015094       -0.02806625419301
O            2.43706129503292       -1.00621422035445        0.21513340841546
C            0.57649604492544        0.21456060916785       -0.04813605250472
N           -0.12615212111875        1.29628467085499       -0.28338204506096
C           -1.41804710348998        0.89989758406644       -0.19397681449816
C           -1.49153478667799       -0.44154900465384        0.09969783968211
N           -0.20522890983824       -0.87248493998344        0.19134121138064
H           -2.22104357549695        1.59600810890501       -0.34463574937430
H           -2.32640612307752       -1.09748203761106        0.24495355414439
H            0.13212148893973       -1.80316298296488        0.39427660694415
11
 energy: -24.752221448374 gnorm: 0.006247795772 xtb: 6.7.1 (edcfbbe)
O            2.64877376397131        1.09519459543512       -0.24511720294007
N            1.98682172584474        0.11184920732308       -0.02858071521478
O            2.42377714452584       -1.00167788072511        0.21416520928798
C            0.57645065623203        0.21668607099097       -0.04860314966567
N           -0.13345364116164        1.29271439024943       -0.28258370667266
C           -1.41651840815307        0.89995921088674       -0.19399499075644
C           -1.48499874037038       -0.44321127163782        0.10005394672411
N           -0.20353371900334       -0.87168570872699        0.19115778724817
H           -2.21495528634187        1.59637938970553       -0.34473532295615
H           -2.31986498341342       -1.09606751819443        0.24463641160213
H            0.13750149786980       -1.80014048530653        0.39360171334337
11
 energy: -24.752248024101 gnorm: 0.003540242166 xtb: 6.7.1 (edcfbbe)
O            2.65298160413911        1.09344501733846       -0.24474443454485
N            1.98714244402035        0.11235856130192       -0.02869544418177
O            2.42009491042893       -1.00353885521873        0.21458408015357
C            0.57724887675477        0.21864406832636       -0.04903625801534
N           -0.13568409455445        1.29341467180028       -0.28273754722546
C           -1.41752446565004        0.89993127514844       -0.19398461085364
C           -1.48446722077822       -0.44466341144484        0.10036568858558
N           -0.20344850451694       -0.87052442590053        0.19090463353502
H           -2.21636892637037        1.59616990572598       -0.34467704797197
H           -2.32016892136785       -1.09707953702285        0.24485151090554
H            0.14019430789469       -1.79815727005449        0.39316940961332
11
 energy: -24.752261737610 gnorm: 0.000639682645 xtb: 6.7.1 (edcfbbe)
O            2.65839340646972        1.09047783132982       -0.24410535484066
N            1.98706105351382        0.11246525489589       -0.02871093487704
O            2.41476638519549       -1.00672812474291        0.21528302120975
C            0.57816099081241        0.22173246153020       -0.04971041567460
N           -0.13859349168603        1.29511371442236       -0.28309523771865
C           -1.41893931382311        0.89980251044124       -0.19395823964138
C           -1.48365655262747       -0.44643694581853        0.10075853143990
N           -0.20306616431369       -0.86867675090913        0.19049558896473
H           -2.21893093182844        1.59515605165917       -0.34446135258773
H           -2.32046405367352       -1.09794844068348        0.24504966379910
H            0.14526868196082       -1.79495756212465        0.39245470992658
11
 energy: -24.752262792869 gnorm: 0.000395851453 xtb: 6.7.1 (edcfbbe)
O            2.65883708562965        1.08952633337103       -0.24389333010820
N            1.98658568843349        0.11205698909111       -0.02864869366700
O            2.41373361278194       -1.00741063891552        0.21546349484808
C            0.57809992002712        0.22235677114640       -0.04986040993374
N           -0.13891694766643        1.29567912727808       -0.28323618769765
C           -1.41909941194287        0.89971513099104       -0.19392723310326
C           -1.48349712911562       -0.44653929403073        0.10076987930734
N           -0.20288048891421       -0.86832323633803        0.19042159885725
H           -2.21959451414790        1.59454381586004       -0.34429996712357
H           -2.32058881445679       -1.09759253566307        0.24495732399828
H            0.14732100937160       -1.79401246279036        0.39225350462245
