High accuracy requested (DEF (default) settings). 
Opening File: e4zif7_relaxed.cif
Radii analysis: the smallest atom r = 1.09 while the largest atoms r = 1.7.
Starting Voronoi decomposition
Box dimensions:
  va=(22.989000 0 0)
  vb=(-11.494500 19.909058 0)
  vc=(0.000000 0.000000 15.763000)

Total particles = 17622

Internal grid size = (15 13 11)

Using voro++ with radii for particles.
Performing Voronoi decomposition.
Volume check:
  Total domain volume  = 7214.556980
  Total Voronoi volume = 7214.556980
Voronoi decomposition finished. Rerouting Voronoi network information.
Finished rerouting information.
Finished Voronoi decomposition
Command 0  -ha
Command 1  -res
