High accuracy requested (DEF (default) settings). 
Opening File: e4zif8_relaxed.cif
Radii analysis: the smallest atom r = 1.09 while the largest atoms r = 1.7.
Starting Voronoi decomposition
Box dimensions:
  va=(16.991000 0 0)
  vb=(0.000000 16.991000 0)
  vc=(0.000000 0.000000 16.991000)

Total particles = 8076

Internal grid size = (10 10 10)

Using voro++ with radii for particles.
Performing Voronoi decomposition.
Volume check:
  Total domain volume  = 4905.201130
  Total Voronoi volume = 4905.201130
Voronoi decomposition finished. Rerouting Voronoi network information.
Finished rerouting information.
Finished Voronoi decomposition
Command 0  -ha
Command 1  -res
