High accuracy requested (DEF (default) settings). 
Opening File: e4zif90_relaxed.cif
Radii analysis: the smallest atom r = 1.09 while the largest atoms r = 1.7.
Starting Voronoi decomposition
Box dimensions:
  va=(17.271500 0 0)
  vb=(0.000000 17.271500 0)
  vc=(0.000000 0.000000 17.271500)

Total particles = 9252

Internal grid size = (11 11 11)

Using voro++ with radii for particles.
Performing Voronoi decomposition.
Volume check:
  Total domain volume  = 5152.169838
  Total Voronoi volume = 5152.169838
Voronoi decomposition finished. Rerouting Voronoi network information.
Finished rerouting information.
Finished Voronoi decomposition
Command 0  -ha
Command 1  -res
