RH90 유지율 재계산 — **v3w 계열** (수정 힘장)
  HERE /home/skyjun/mof_project/21_ZIF69_MTV/v3w_water_rep3_mslm025
  RUNS /home/skyjun/mof_project/21_ZIF69_MTV/water_runs_v3w_rep3_mslm025
  CHARGED /home/skyjun/mof_project/21_ZIF69_MTV/charged_v3
  RH [0.0, 0.9] · 워커 1 · 대상 2종  [--only]: mslm025, mslm025
  [파일 관문] /home/skyjun/RASPA/simulations/share/raspa/forcefield/UFF_MOF/force_field_mixing_rules.def
              md5 8e8ec933f9013c7e932da04dc256efd3  (**일치**)
구조 2개 x RH 2단계 중 실행 4개
CO2 0.15 bar 고정, 298 K, TIP5P-Ew(5사이트), 15000 사이클

  [              ok] RH  0% mslm025    CO2  0.8992  H2O   0.0000
  [              ok] RH 90% mslm025    CO2  0.8818  H2O   0.1468
  [          cached] RH  0% mslm025    CO2  0.8992  H2O   0.0000
  [          cached] RH 90% mslm025    CO2  0.8818  H2O   0.1468

============================================================================================================
구조                                  RH         CO2 [mol/kg]         H2O [mol/kg]               건조대비   H2O/CO2
------------------------------------------------------------------------------------------------------------
SO2CH3 25% — 구경 창(4.3~4.8 Å) 안의 비양성자성 술포닐 (⑩, 랩탑 §6-13 등록)    0%      0.8992 ± 0.0100      0.0000 ± 0.0000      100.0% (0.0σ)      0.00
SO2CH3 25% — 구경 창(4.3~4.8 Å) 안의 비양성자성 술포닐 (⑩, 랩탑 §6-13 등록)   90%      0.8818 ± 0.0112      0.1468 ± 0.0512       98.1% (1.2σ)      0.17

mslm025 (env V3W_EXTRA, ASSIGN §J 습윤 표 채우기)    0%      0.8992 ± 0.0100      0.0000 ± 0.0000      100.0% (0.0σ)      0.00
mslm025 (env V3W_EXTRA, ASSIGN §J 습윤 표 채우기)   90%      0.8818 ± 0.0112      0.1468 ± 0.0512       98.1% (1.2σ)      0.17

[OK] water_results.json — 이번 실행 4행, 보존 0행, 합계 2행

판정 기준(19_WaterCompetition 과 동일, 계산 전 확정):
  RH90 유지율 80% 이상 -> 유효 / 50~80% -> 조건부(전처리 건조 비용) / 50% 미만 -> 종료
  차이의 유의성은 1.5σ 를 기준으로 본다.
  난수 씨앗 회수 2/2행 (러너가 안 적어 출력 머리말에서 읽습니다 — 폴더를 지우면 사라집니다)
  힘장 확인 **2/2행 통과** (조성마다 자기 출력으로)
  기기별 태그 사본 water_results_desktop-nvsrr9m.json: 2행
  2행에 forcefield·ff_check 를 찍고 사이드카를 남겼습니다.
