이완 판정 통과 64종 / 미달 0종
  대조군: 이완된 무치환 모체를 포함합니다
  [이미있음] base      원자 600  순전하 -0.000025
  [이미있음] brbIm025  원자 600  순전하 +0.000053  <-- 순전하 5e-05 초과
  [이미있음] brbIm050  원자 600  순전하 +0.000042
  [이미있음] brbIm075  원자 600  순전하 +0.000027
  [이미있음] brbIm100  원자 600  순전하 +0.000036
  [이미있음] cf3Im025  원자 618  순전하 +0.000015
  [이미있음] cf3Im050  원자 636  순전하 -0.000005
  [이미있음] cf3Im075  원자 654  순전하 +0.000043
  [이미있음] cnbIm025  원자 606  순전하 +0.000057  <-- 순전하 5e-05 초과
  [이미있음] cnbIm050  원자 612  순전하 -0.000029
  [이미있음] cnbIm075  원자 618  순전하 -0.000006
  [이미있음] cnbIm100  원자 624  순전하 +0.000016
  [이미있음] fbIm025   원자 600  순전하 +0.000053  <-- 순전하 5e-05 초과
  [이미있음] fbIm050   원자 600  순전하 -0.000053  <-- 순전하 5e-05 초과
  [이미있음] fbIm075   원자 600  순전하 +0.000005
  [이미있음] fbIm100   원자 600  순전하 -0.000024
  [이미있음] mbIm025   원자 618  순전하 -0.000055  <-- 순전하 5e-05 초과
  [이미있음] mbIm050   원자 636  순전하 +0.000079  <-- 순전하 5e-05 초과
  [이미있음] mbIm075   원자 654  순전하 -0.000002
  [이미있음] mbIm100   원자 672  순전하 +0.000021
  [이미있음] ms50nb50  원자 696  순전하 -0.000035
  [이미있음] mslm025   원자 636  순전하 +0.000001
  [이미있음] mslm050   원자 672  순전하 -0.000007
  [이미있음] mslm075   원자 708  순전하 +0.000015
  [이미있음] nbIm025   원자 612  순전하 +0.000005
  [이미있음] nbIm050   원자 624  순전하 +0.000002
  [이미있음] nbIm075   원자 636  순전하 -0.000040
  [이미있음] nbIm100   원자 648  순전하 +0.000006
  [이미있음] sa25nb75  원자 660  순전하 -0.000033
  [이미있음] sa50nb50  원자 672  순전하 +0.000032
  [이미있음] sa50nb50e1 원자 672  순전하 +0.000032
  [이미있음] sa50nb50e2 원자 672  순전하 +0.000009
  [이미있음] sa50nb50e3 원자 672  순전하 +0.000056  <-- 순전하 5e-05 초과
  [이미있음] sa50nb50e4 원자 672  순전하 -0.000010
  [이미있음] sa50nb50e5 원자 672  순전하 -0.000009
  [이미있음] saIm025   원자 624  순전하 +0.000035
  [이미있음] saIm050   원자 648  순전하 +0.000018
  [이미있음] saIm050e1 원자 648  순전하 -0.000032
  [이미있음] saIm050e2 원자 648  순전하 +0.000017
  [이미있음] saIm050e3 원자 648  순전하 +0.000044
  [이미있음] saIm050e4 원자 648  순전하 +0.000023
  [이미있음] saIm050e5 원자 648  순전하 -0.000001
  [이미있음] saIm0583  원자 656  순전하 +0.000061  <-- 순전하 5e-05 초과
  [이미있음] saIm0583e1 원자 656  순전하 -0.000052  <-- 순전하 5e-05 초과
  [이미있음] saIm0583e2 원자 656  순전하 +0.000051  <-- 순전하 5e-05 초과
  [이미있음] saIm0583e3 원자 656  순전하 -0.000026
  [이미있음] saIm0583e4 원자 656  순전하 -0.000036
  [이미있음] saIm0583e5 원자 656  순전하 -0.000067  <-- 순전하 5e-05 초과
  [이미있음] saIm0583r1 원자 656  순전하 +0.000007
  [이미있음] saIm0583r2 원자 656  순전하 -0.000044
  [이미있음] saIm0583r3 원자 656  순전하 +0.000001
  [이미있음] saIm0583r4 원자 656  순전하 +0.000062  <-- 순전하 5e-05 초과
  [이미있음] saIm0583r5 원자 656  순전하 -0.000034
  [이미있음] saIm0625  원자 660  순전하 +0.000004
  [이미있음] saIm0667  원자 664  순전하 +0.000016
  [이미있음] saIm075   원자 672  순전하 -0.000075  <-- 순전하 5e-05 초과
/home/mangwon1/miniconda3/envs/coremof_tools/lib/python3.9/site-packages/PACMANCharge/pmcharge.py:2: UserWarning: pkg_resources is deprecated as an API. See https://setuptools.pypa.io/en/latest/pkg_resources.html. The pkg_resources package is slated for removal as early as 2025-11-30. Refrain from using this package or pin to Setuptools<81.
  from pkg_resources import resource_filename
Using device: cuda
CIF Name: /home/mangwon1/mof_project/21_ZIF69_MTV/charged_v3/saIm075e1.cif
Charge Type: DDEC6
Digits: 6
Atom Type: True
Neutral: True
Keep Connect: False
Compelete and save as /home/mangwon1/mof_project/21_ZIF69_MTV/charged_v3/saIm075e1_pacman.cif
  [ok] saIm075e1 원자 672  순전하 +0.000007
CIF Name: /home/mangwon1/mof_project/21_ZIF69_MTV/charged_v3/saIm075e2.cif
Charge Type: DDEC6
Digits: 6
Atom Type: True
Neutral: True
Keep Connect: False
Compelete and save as /home/mangwon1/mof_project/21_ZIF69_MTV/charged_v3/saIm075e2_pacman.cif
  [ok] saIm075e2 원자 672  순전하 +0.000009
CIF Name: /home/mangwon1/mof_project/21_ZIF69_MTV/charged_v3/saIm075e3.cif
Charge Type: DDEC6
Digits: 6
Atom Type: True
Neutral: True
Keep Connect: False
Compelete and save as /home/mangwon1/mof_project/21_ZIF69_MTV/charged_v3/saIm075e3_pacman.cif
  [ok] saIm075e3 원자 672  순전하 -0.000031
CIF Name: /home/mangwon1/mof_project/21_ZIF69_MTV/charged_v3/saIm075e4.cif
Charge Type: DDEC6
Digits: 6
Atom Type: True
Neutral: True
Keep Connect: False
Compelete and save as /home/mangwon1/mof_project/21_ZIF69_MTV/charged_v3/saIm075e4_pacman.cif
  [ok] saIm075e4 원자 672  순전하 +0.000033
CIF Name: /home/mangwon1/mof_project/21_ZIF69_MTV/charged_v3/saIm075e5.cif
Charge Type: DDEC6
Digits: 6
Atom Type: True
Neutral: True
Keep Connect: False
Compelete and save as /home/mangwon1/mof_project/21_ZIF69_MTV/charged_v3/saIm075e5_pacman.cif
  [ok] saIm075e5 원자 672  순전하 +0.000014
  [이미있음] saIm0875  원자 684  순전하 -0.000018
  [이미있음] saIm0917  원자 688  순전하 -0.000008
  [이미있음] saIm0958  원자 692  순전하 +0.000008
  [이미있음] saIm100   원자 696  순전하 -0.000034

전하 완료 65종, 실패 0종
순전하 경고 13종: ['brbIm025', 'cnbIm025', 'fbIm025', 'fbIm050', 'mbIm025', 'mbIm050', 'sa50nb50e3', 'saIm0583', 'saIm0583e1', 'saIm0583e2', 'saIm0583e5', 'saIm0583r4', 'saIm075']
[OK] charged_v3.json
