밀도맵 v3 (GFN-FF 셀 고정 이완 + DDEC6)
  입력   /home/skyjun/mof_project/21_ZIF69_MTV/charged_v3
  출력   /home/skyjun/mof_project/21_ZIF69_MTV/density_v3
  결과   /home/skyjun/mof_project/21_ZIF69_MTV/density_v3/density_results.json
  워커   8
조성 5개 x 전하 ON/OFF = 10작업
0.15 bar, 298 K, 5000 사이클, 격자 90^3, DDEC6 전하

  [          ok (밀도격자 2개)] q_on  base      로딩 0.5777
  [          ok (밀도격자 2개)] q_off base      로딩 0.3350
  [          ok (밀도격자 2개)] q_on  saIm025   로딩 0.9719
  [          ok (밀도격자 2개)] q_off saIm025   로딩 0.4469
  [          ok (밀도격자 2개)] q_on  saIm050   로딩 1.2557
  [          ok (밀도격자 2개)] q_off saIm050   로딩 0.4353
  [          ok (밀도격자 2개)] q_on  saIm075   로딩 1.3742
  [          ok (밀도격자 2개)] q_off saIm075   로딩 0.4978
  [          ok (밀도격자 2개)] q_on  saIm100   로딩 1.5432
  [          ok (밀도격자 2개)] q_off saIm100   로딩 0.4703

==============================================================================
조성                      전하 ON             전하 OFF         정전기 기여
------------------------------------------------------------------------------
base            0.5777 ± 0.0065      0.3350 ± 0.0261          42.0%
saIm025         0.9719 ± 0.0206      0.4469 ± 0.0102          54.0%
saIm050         1.2557 ± 0.0563      0.4353 ± 0.0162          65.3%
saIm075         1.3742 ± 0.0354      0.4978 ± 0.0208          63.8%
saIm100         1.5432 ± 0.0403      0.4703 ± 0.0192          69.5%

[OK] density_results.json

다음: export_diff_vtk.py 로 ParaView 용 차분맵을 뽑습니다.
     양수 등고면 = 정전기가 끌어들인 자리, 음수 = 밀려난 자리.
