  [파일 관문] /home/mangwon/RASPA/simulations/share/raspa/forcefield/UFF_MOF/force_field_mixing_rules.def
              md5 8e8ec933f9013c7e932da04dc256efd3  (**일치**)
T-J1′ 이원 GCMC CO₂/N₂ 0.15/0.85 · 100000 Pa · 298.0 K · 5000+15000 · 워커 10 · md5 8e8ec933f9013c7e932da04dc256efd3
  mslm050e1                N_super   5376 셀 [2, 2, 2] · S_Henry 73.9 (E-14d 실현표 S_ON(mslm050e1_DDEC6)) · L None
  mslm050e2                N_super   5376 셀 [2, 2, 2] · S_Henry 78.2 (E-14d 실현표 S_ON(mslm050e2_DDEC6)) · L None
  mslm050e3                N_super   5376 셀 [2, 2, 2] · S_Henry 64.7 (E-14d 실현표 S_ON(mslm050e3_DDEC6)) · L None
  mslm050e4                N_super   5376 셀 [2, 2, 2] · S_Henry 80.5 (E-14d 실현표 S_ON(mslm050e4_DDEC6)) · L None
  mslm050e5                N_super   5376 셀 [2, 2, 2] · S_Henry 68.4 (E-14d 실현표 S_ON(mslm050e5_DDEC6)) · L None
  saIm050e1                N_super   5184 셀 [2, 2, 2] · S_Henry 67.8 (E-14c 실현표 S_ON(saIm050e1_DDEC6)) · L None
  saIm050e2                N_super   5184 셀 [2, 2, 2] · S_Henry 52.0 (E-14c 실현표 S_ON(saIm050e2_DDEC6)) · L None
  saIm050e3                N_super   5184 셀 [2, 2, 2] · S_Henry 56.5 (E-14c 실현표 S_ON(saIm050e3_DDEC6)) · L None
  saIm050e4                N_super   5184 셀 [2, 2, 2] · S_Henry 54.0 (E-14c 실현표 S_ON(saIm050e4_DDEC6)) · L None
  saIm050e5                N_super   5184 셀 [2, 2, 2] · S_Henry 54.4 (E-14c 실현표 S_ON(saIm050e5_DDEC6)) · L None
  [ok] mslm050e1                S_mix 40.353910775987664 · 비 0.5462707743001469 · 243.4 min · 경과 4.06 h
  [ok] saIm050e2                S_mix 36.26750777539107 · 비 0.6970248744813425 · 262.7 min · 경과 4.40 h
  [ok] mslm050e3                S_mix 36.92125877223858 · 비 0.5702321443034446 · 275.0 min · 경과 4.59 h
  [ok] mslm050e2                S_mix 45.130596538399175 · 비 0.5774808135054327 · 276.6 min · 경과 4.61 h
  [ok] saIm050e4                S_mix 35.374790846560714 · 비 0.6551217005623464 · 286.4 min · 경과 4.81 h
  [ok] mslm050e5                S_mix 41.393548512254576 · 비 0.6052685454608515 · 289.8 min · 경과 4.85 h
  [ok] mslm050e4                S_mix 35.70603518382317 · 비 0.4435379451450577 · 302.2 min · 경과 5.05 h
  [ok] saIm050e3                S_mix 37.971929080617805 · 비 0.6723598462576056 · 301.9 min · 경과 5.06 h
  [ok] saIm050e5                S_mix 41.00917331574339 · 비 0.7541448373173487 · 301.7 min · 경과 5.07 h
  [ok] saIm050e1                S_mix 40.29896476359825 · 비 0.5944015163297964 · 304.3 min · 경과 5.09 h
저장 /home/mangwon/mof_project/21_ZIF69_MTV/results_e23_mix_junseok.json
