  e24g_br_100 (204 원자) -res LCD 4.91961 · PLD 3.81716 · Dif 4.91961 (2.0 s, 최대 290 MB)
  e24g_br_100 r=1.65: -chan 4 통로 · 차원 [1, 1, 1, 1] (stdout 통로 4 · 주머니 0) | -block 통로 4 · 주머니 0 · 구 0 · 구 부피 0.0 Å³(0.00 %) · 155.3 s · 최대 5681 MB
  e24g_br_100 r=1.82: -chan 4 통로 · 차원 [1, 1, 1, 1] (stdout 통로 4 · 주머니 0) | -block 통로 4 · 주머니 0 · 구 0 · 구 부피 0.0 Å³(0.00 %) · 154.4 s · 최대 5167 MB
  e24g_br_100 r=1.30: -chan 4 통로 · 차원 [1, 1, 1, 1] (stdout 통로 4 · 주머니 4) | -block 통로 4 · 주머니 4 · 구 4 · 구 부피 320.4 Å³(10.09 %) · 160.2 s · 최대 6160 MB
  e24g_cch_100 (220 원자) -res LCD 5.00414 · PLD 3.82743 · Dif 5.00028 (2.0 s, 최대 309 MB)
  e24g_cch_100 r=1.65: -chan 4 통로 · 차원 [1, 1, 1, 1] (stdout 통로 4 · 주머니 0) | -block 통로 4 · 주머니 0 · 구 0 · 구 부피 0.0 Å³(0.00 %) · 167.1 s · 최대 5138 MB
  e24g_cch_100 r=1.82: -chan 4 통로 · 차원 [1, 1, 1, 1] (stdout 통로 4 · 주머니 0) | -block 통로 4 · 주머니 0 · 구 0 · 구 부피 0.0 Å³(0.00 %) · 167.1 s · 최대 4994 MB
  e24g_cch_100 r=1.30: -chan 4 통로 · 차원 [1, 1, 1, 1] (stdout 통로 4 · 주머니 4) | -block 통로 4 · 주머니 4 · 구 4 · 구 부피 241.9 Å³(7.62 %) · 173.5 s · 최대 6294 MB
  e24g_cf3_100 (228 원자) -res LCD 4.23489 · PLD 3.18713 · Dif 4.11929 (2.0 s, 최대 320 MB)
  e24g_cf3_100 r=1.65: -chan 0 통로 · 차원 [] (stdout 통로 0 · 주머니 10) | -block 통로 0 · 주머니 10 · 구 8 · 구 부피 2864.7 Å³(90.24 %) · 158.6 s · 최대 6036 MB
  e24g_cf3_100 r=1.82: -chan 0 통로 · 차원 [] (stdout 통로 0 · 주머니 8) | -block 통로 0 · 주머니 8 · 구 8 · 구 부피 2396.8 Å³(75.50 %) · 156.6 s · 최대 5344 MB
  e24g_cf3_100 r=1.30: -chan 4 통로 · 차원 [1, 1, 1, 1] (stdout 통로 4 · 주머니 4) | -block 통로 4 · 주머니 4 · 구 4 · 구 부피 104.6 Å³(3.29 %) · 161.5 s · 최대 6129 MB
  e24g_nc3h7_100 (276 원자) -res LCD 4.71169 · PLD 3.68276 · Dif 4.71166 (2.0 s, 최대 379 MB)
  e24g_nc3h7_100 r=1.65: -chan 2 통로 · 차원 [1, 1] (stdout 통로 2 · 주머니 2) | -block 통로 2 · 주머니 2 · 구 2 · 구 부피 295.0 Å³(9.29 %) · 146.5 s · 최대 5400 MB
  e24g_nc3h7_100 r=1.82: -chan 2 통로 · 차원 [1, 1] (stdout 통로 2 · 주머니 2) | -block 통로 2 · 주머니 2 · 구 2 · 구 부피 241.1 Å³(7.60 %) · 145.6 s · 최대 5570 MB
  e24g_nc3h7_100 r=1.30: -chan 2 통로 · 차원 [1, 1] (stdout 통로 2 · 주머니 8) | -block 통로 2 · 주머니 8 · 구 8 · 구 부피 1159.2 Å³(36.51 %) · 152.5 s · 최대 5444 MB
  e24h_c2h5_050a (228 원자) -res LCD 5.27561 · PLD 3.8184 · Dif 5.27561 (1.0 s, 최대 0 MB)
  e24h_c2h5_050a r=1.65: -chan 3 통로 · 차원 [1, 1, 1] (stdout 통로 3 · 주머니 2) | -block 통로 3 · 주머니 2 · 구 2 · 구 부피 759.4 Å³(23.92 %) · 159.3 s · 최대 6204 MB
  e24h_c2h5_050a r=1.82: -chan 3 통로 · 차원 [1, 1, 1] (stdout 통로 3 · 주머니 1) | -block 통로 3 · 주머니 1 · 구 1 · 구 부피 342.1 Å³(10.78 %) · 153.2 s · 최대 6134 MB
  e24h_c2h5_050a r=1.30: -chan 4 통로 · 차원 [1, 1, 1, 1] (stdout 통로 4 · 주머니 4) | -block 통로 4 · 주머니 4 · 구 4 · 구 부피 125.5 Å³(3.95 %) · 162.2 s · 최대 5718 MB
  e24h_c2h5_050b (228 원자) -res LCD 5.27572 · PLD 3.81863 · Dif 5.27572 (1.0 s, 최대 0 MB)
  e24h_c2h5_050b r=1.65: -chan 3 통로 · 차원 [1, 1, 1] (stdout 통로 3 · 주머니 2) | -block 통로 3 · 주머니 2 · 구 2 · 구 부피 756.8 Å³(23.84 %) · 158.3 s · 최대 6008 MB
  e24h_c2h5_050b r=1.82: -chan 3 통로 · 차원 [1, 1, 1] (stdout 통로 3 · 주머니 1) | -block 통로 3 · 주머니 1 · 구 1 · 구 부피 600.0 Å³(18.90 %) · 154.3 s · 최대 5192 MB
  e24h_c2h5_050b r=1.30: -chan 4 통로 · 차원 [1, 1, 1, 1] (stdout 통로 4 · 주머니 4) | -block 통로 4 · 주머니 4 · 구 4 · 구 부피 135.7 Å³(4.27 %) · 162.3 s · 최대 6389 MB
  e24h_cl_050a (204 원자) -res LCD 5.26931 · PLD 3.81836 · Dif 5.26931 (1.0 s, 최대 0 MB)
  e24h_cl_050a r=1.65: -chan 4 통로 · 차원 [1, 1, 1, 1] (stdout 통로 4 · 주머니 0) | -block 통로 4 · 주머니 0 · 구 0 · 구 부피 0.0 Å³(0.00 %) · 152.1 s · 최대 5265 MB
  e24h_cl_050a r=1.82: -chan 4 통로 · 차원 [1, 1, 1, 1] (stdout 통로 4 · 주머니 0) | -block 통로 4 · 주머니 0 · 구 0 · 구 부피 0.0 Å³(0.00 %) · 152.3 s · 최대 5863 MB
  e24h_cl_050a r=1.30: -chan 4 통로 · 차원 [1, 1, 1, 1] (stdout 통로 4 · 주머니 6) | -block 통로 4 · 주머니 6 · 구 4 · 구 부피 156.0 Å³(4.91 %) · 162.6 s · 최대 6199 MB
  e24h_cl_050b (204 원자) -res LCD 5.26937 · PLD 3.81847 · Dif 5.26937 (1.0 s, 최대 0 MB)
  e24h_cl_050b r=1.65: -chan 4 통로 · 차원 [1, 1, 1, 1] (stdout 통로 4 · 주머니 0) | -block 통로 4 · 주머니 0 · 구 0 · 구 부피 0.0 Å³(0.00 %) · 153.4 s · 최대 5325 MB
  e24h_cl_050b r=1.82: -chan 4 통로 · 차원 [1, 1, 1, 1] (stdout 통로 4 · 주머니 0) | -block 통로 4 · 주머니 0 · 구 0 · 구 부피 0.0 Å³(0.00 %) · 153.6 s · 최대 5319 MB
  e24h_cl_050b r=1.30: -chan 4 통로 · 차원 [1, 1, 1, 1] (stdout 통로 4 · 주머니 6) | -block 통로 4 · 주머니 6 · 구 5 · 구 부피 157.4 Å³(4.96 %) · 163.6 s · 최대 5622 MB
저장 /home/mangwon/mof_project/21_ZIF69_MTV/results_e24g_access_junseok.json (3825 s)
  e24g_br_100 {"PLD": 3.81716, "LCD": 4.91961, "PLD_lt_3.64": false, "channels_1.65": 4, "channels_1.82": 4, "channels_1.30": 4, "pockets_1.65": 0, "pockets_1.82": 0, "pockets_1.30": 4, "spheres_1.65": 0, "spheres_1.82": 0, "spheres_1.30": 4}
  e24g_cch_100 {"PLD": 3.82743, "LCD": 5.00414, "PLD_lt_3.64": false, "channels_1.65": 4, "channels_1.82": 4, "channels_1.30": 4, "pockets_1.65": 0, "pockets_1.82": 0, "pockets_1.30": 4, "spheres_1.65": 0, "spheres_1.82": 0, "spheres_1.30": 4}
  e24g_cf3_100 {"PLD": 3.18713, "LCD": 4.23489, "PLD_lt_3.64": true, "channels_1.65": 0, "channels_1.82": 0, "channels_1.30": 4, "pockets_1.65": 10, "pockets_1.82": 8, "pockets_1.30": 4, "spheres_1.65": 8, "spheres_1.82": 8, "spheres_1.30": 4}
  e24g_nc3h7_100 {"PLD": 3.68276, "LCD": 4.71169, "PLD_lt_3.64": false, "channels_1.65": 2, "channels_1.82": 2, "channels_1.30": 2, "pockets_1.65": 2, "pockets_1.82": 2, "pockets_1.30": 8, "spheres_1.65": 2, "spheres_1.82": 2, "spheres_1.30": 8}
  e24h_c2h5_050a {"PLD": 3.8184, "LCD": 5.27561, "PLD_lt_3.64": false, "channels_1.65": 3, "channels_1.82": 3, "channels_1.30": 4, "pockets_1.65": 2, "pockets_1.82": 1, "pockets_1.30": 4, "spheres_1.65": 2, "spheres_1.82": 1, "spheres_1.30": 4}
  e24h_c2h5_050b {"PLD": 3.81863, "LCD": 5.27572, "PLD_lt_3.64": false, "channels_1.65": 3, "channels_1.82": 3, "channels_1.30": 4, "pockets_1.65": 2, "pockets_1.82": 1, "pockets_1.30": 4, "spheres_1.65": 2, "spheres_1.82": 1, "spheres_1.30": 4}
  e24h_cl_050a {"PLD": 3.81836, "LCD": 5.26931, "PLD_lt_3.64": false, "channels_1.65": 4, "channels_1.82": 4, "channels_1.30": 4, "pockets_1.65": 0, "pockets_1.82": 0, "pockets_1.30": 6, "spheres_1.65": 0, "spheres_1.82": 0, "spheres_1.30": 4}
  e24h_cl_050b {"PLD": 3.81847, "LCD": 5.26937, "PLD_lt_3.64": false, "channels_1.65": 4, "channels_1.82": 4, "channels_1.30": 4, "pockets_1.65": 0, "pockets_1.82": 0, "pockets_1.30": 6, "spheres_1.65": 0, "spheres_1.82": 0, "spheres_1.30": 5}
