착수 2026-09-26 16:51:26 ·  HWC_V3W_TARGETS=e24i_c2h5_open_h1,e24i_c2h5_open_h2,e24i_c2h5_open_h3 HWC_V3W_WORKERS=9 HWC_V3W_RESULT=humid_working_capacity_w2_e24i_c2h5_open_junseok.json python -u run_e24i_c2h5_humid_wc.py · 가지 HEAD e1d4f6fa
  [파일 관문] /home/mangwon/RASPA/simulations/share/raspa/forcefield/UFF_MOF/force_field_mixing_rules.def
              md5 8e8ec933f9013c7e932da04dc256efd3  (**일치**)
  파일 관문 md5 8e8ec933f9013c7e932da04dc256efd3 일치
E-24i 습윤 작업 용량(C₂H₅ 열린 자리 막음) — 착수 간격 15 s(+ 2 s 잠금) · 작업 9 · 막음 CO₂ 4 구 · 물 5 구 · 스모크 False · 사이클 15000+5000
  CHARGED      /home/mangwon/mof_project/21_ZIF69_MTV/charged_v3
  RUNS         /home/mangwon/mof_project/21_ZIF69_MTV/humid_wc_runs_v3w
  RESULT       /home/mangwon/mof_project/21_ZIF69_MTV/v3w_humid_wc/humid_working_capacity_w2_e24i_c2h5_open_junseok.json
  TARGETS      ['e24i_c2h5_open_h1', 'e24i_c2h5_open_h2', 'e24i_c2h5_open_h3']
  MAX_WORKERS  9
습윤 작업 용량 — 물 분압 2852.1 Pa 고정, 작업 9개, 워커 9
  ads  CO2  0.15 bar  298.0 K  -> RH  90.0%
  tsa  CO2  0.15 bar  373.0 K  -> RH   2.8%
  vsa  CO2  0.05 bar  298.0 K  -> RH  90.0%

  [              ok] ads  e24i_c2h5_open_h1 CO2 1.5534  물 0.025
  [              ok] tsa  e24i_c2h5_open_h1 CO2 0.4333  물 0.005
  [              ok] vsa  e24i_c2h5_open_h1 CO2 1.1690  물 0.030
  [              ok] ads  e24i_c2h5_open_h2 CO2 1.5352  물 0.025
  [              ok] tsa  e24i_c2h5_open_h2 CO2 0.4375  물 0.005
  [              ok] vsa  e24i_c2h5_open_h2 CO2 1.1384  물 0.027
  [              ok] ads  e24i_c2h5_open_h3 CO2 1.5412  물 0.031
  [              ok] tsa  e24i_c2h5_open_h3 CO2 0.4369  물 0.005
  [              ok] vsa  e24i_c2h5_open_h3 CO2 1.1344  물 0.029

====================================================================================================
조성                    흡착 CO2            TSA 잔류            VSA 잔류       WC(TSA)       WC(VSA)
----------------------------------------------------------------------------------------------------
e24i_c2h5_open_h1     1.5534±0.0703     0.4333±0.0087     1.1690±0.0271 1.1201±0.0709 0.3844±0.0754
e24i_c2h5_open_h2     1.5352±0.0381     0.4375±0.0143     1.1384±0.0332 1.0976±0.0407 0.3968±0.0506
e24i_c2h5_open_h3     1.5412±0.0668     0.4369±0.0114     1.1344±0.0498 1.1044±0.0677 0.4068±0.0833

[OK] humid_working_capacity_w2_e24i_c2h5_open_junseok.json
감사 {"n": 9, "n_ok": 9, "seeds_distinct": true}
  ads  e24i_c2h5_open_h1  ok True · 막음 {"CO2": {"n_blocked": 24, "blocked_line": true, "block_file": "e24i_c2h5_open_co2.block"}, "water": {"n_blocked": 30, "blocked_line": true, "block_file": "e24i_c2h5_open_water.block"}} · 기대 {'CO2': 24, 'water': 30} · rc 0 · not-found False · 씨앗 1790409086
  tsa  e24i_c2h5_open_h1  ok True · 막음 {"CO2": {"n_blocked": 24, "blocked_line": true, "block_file": "e24i_c2h5_open_co2.block"}, "water": {"n_blocked": 30, "blocked_line": true, "block_file": "e24i_c2h5_open_water.block"}} · 기대 {'CO2': 24, 'water': 30} · rc 0 · not-found False · 씨앗 1790409101
  vsa  e24i_c2h5_open_h1  ok True · 막음 {"CO2": {"n_blocked": 24, "blocked_line": true, "block_file": "e24i_c2h5_open_co2.block"}, "water": {"n_blocked": 30, "blocked_line": true, "block_file": "e24i_c2h5_open_water.block"}} · 기대 {'CO2': 24, 'water': 30} · rc 0 · not-found False · 씨앗 1790409117
  ads  e24i_c2h5_open_h2  ok True · 막음 {"CO2": {"n_blocked": 24, "blocked_line": true, "block_file": "e24i_c2h5_open_co2.block"}, "water": {"n_blocked": 30, "blocked_line": true, "block_file": "e24i_c2h5_open_water.block"}} · 기대 {'CO2': 24, 'water': 30} · rc 0 · not-found False · 씨앗 1790409132
  tsa  e24i_c2h5_open_h2  ok True · 막음 {"CO2": {"n_blocked": 24, "blocked_line": true, "block_file": "e24i_c2h5_open_co2.block"}, "water": {"n_blocked": 30, "blocked_line": true, "block_file": "e24i_c2h5_open_water.block"}} · 기대 {'CO2': 24, 'water': 30} · rc 0 · not-found False · 씨앗 1790409147
  vsa  e24i_c2h5_open_h2  ok True · 막음 {"CO2": {"n_blocked": 24, "blocked_line": true, "block_file": "e24i_c2h5_open_co2.block"}, "water": {"n_blocked": 30, "blocked_line": true, "block_file": "e24i_c2h5_open_water.block"}} · 기대 {'CO2': 24, 'water': 30} · rc 0 · not-found False · 씨앗 1790409162
  ads  e24i_c2h5_open_h3  ok True · 막음 {"CO2": {"n_blocked": 24, "blocked_line": true, "block_file": "e24i_c2h5_open_co2.block"}, "water": {"n_blocked": 30, "blocked_line": true, "block_file": "e24i_c2h5_open_water.block"}} · 기대 {'CO2': 24, 'water': 30} · rc 0 · not-found False · 씨앗 1790409177
  tsa  e24i_c2h5_open_h3  ok True · 막음 {"CO2": {"n_blocked": 24, "blocked_line": true, "block_file": "e24i_c2h5_open_co2.block"}, "water": {"n_blocked": 30, "blocked_line": true, "block_file": "e24i_c2h5_open_water.block"}} · 기대 {'CO2': 24, 'water': 30} · rc 0 · not-found False · 씨앗 1790409192
  vsa  e24i_c2h5_open_h3  ok True · 막음 {"CO2": {"n_blocked": 24, "blocked_line": true, "block_file": "e24i_c2h5_open_co2.block"}, "water": {"n_blocked": 30, "blocked_line": true, "block_file": "e24i_c2h5_open_water.block"}} · 기대 {'CO2': 24, 'water': 30} · rc 0 · not-found False · 씨앗 1790409207
요약 저장 /home/mangwon/mof_project/21_ZIF69_MTV/results_e24i_e24i_c2h5_open_humid_summary_junseok.json · {"WC_TSA_each": [1.1201, 1.0976, 1.1044], "WC_TSA_mean": 1.1073666666666666, "WC_TSA_mean_err": 0.034506301088566636, "WC_VSA_each": [0.3844, 0.3968, 0.4068], "WC_VSA_mean": 0.396, "WC_VSA_mean_err": 0.0402798037804629}
드라이버 rc=0 · 끝 2026-09-26 17:14:04
