2026-09-26 16:53:56 사슬 시작 — C₂H₅ 끝 기다림
2026-09-26 17:14:12 C₂H₅ 끝(드라이버 rc=0 · 끝 2026-09-26 17:14:04) — CN 착수
simulate 9 · 17:16:42
ads_e24i_cn_open_h1 씨앗 1790410452 · 입력 막음 줄 0
ads_e24i_cn_open_h2 씨앗 1790410497 · 입력 막음 줄 0
ads_e24i_cn_open_h3 씨앗 1790410542 · 입력 막음 줄 0
tsa_e24i_cn_open_h1 씨앗 1790410467 · 입력 막음 줄 0
tsa_e24i_cn_open_h2 씨앗 1790410512 · 입력 막음 줄 0
tsa_e24i_cn_open_h3 씨앗 1790410557 · 입력 막음 줄 0
vsa_e24i_cn_open_h1 씨앗 1790410482 · 입력 막음 줄 0
vsa_e24i_cn_open_h2 씨앗 1790410527 · 입력 막음 줄 0
vsa_e24i_cn_open_h3 씨앗 1790410572 · 입력 막음 줄 0
착수 2026-09-26 17:14:12 · E24I_HWC_TAG=e24i_cn_open E24I_MACHINE=junseok E24I_CHAIN=/home/mangwon/.junseok_chain HWC_V3W_TARGETS=e24i_cn_open_h1,e24i_cn_open_h2,e24i_cn_open_h3 HWC_V3W_WORKERS=9 HWC_V3W_RESULT=humid_
  [파일 관문] /home/mangwon/RASPA/simulations/share/raspa/forcefield/UFF_MOF/force_field_mixing_rules.def
              md5 8e8ec933f9013c7e932da04dc256efd3  (**일치**)
  파일 관문 md5 8e8ec933f9013c7e932da04dc256efd3 일치
E-24g 후속 보완 습윤 작업 용량(Br, 차단 없음) — 착수 간격 15 s(+ 2 s 잠금) · 작업 9 · 스모크 False · 사이클 15000+5000
  CHARGED      /home/mangwon/mof_project/21_ZIF69_MTV/charged_v3
  RUNS         /home/mangwon/mof_project/21_ZIF69_MTV/humid_wc_runs_v3w
  RESULT       /home/mangwon/mof_project/21_ZIF69_MTV/v3w_humid_wc/humid_working_capacity_w2_e24i_cn_open_junseok.json
  TARGETS      ['e24i_cn_open_h1', 'e24i_cn_open_h2', 'e24i_cn_open_h3']
  MAX_WORKERS  9
습윤 작업 용량 — 물 분압 2852.1 Pa 고정, 작업 9개, 워커 9
  ads  CO2  0.15 bar  298.0 K  -> RH  90.0%
2026-09-26 17:16:42 CN 착수 스크립트 rc=0
2026-09-26 17:29:23 사슬 2 시작 — CN 끝 기다림
2026-09-26 18:03:24 CN 끝(드라이버 rc=0 · 끝 2026-09-26 18:03:10)
Merge made by the 'ort' strategy.
 21_ZIF69_MTV/ASSIGN_MAGI5B_20260925.md             |      4 +
 21_ZIF69_MTV/COMMS/desktop.md                      |      5 +
 21_ZIF69_MTV/MAGI5_DESIGN_FINAL_20260926.md        |     45 +-
 21_ZIF69_MTV/MAGI5_E22_VERDICT_20260925.md         |     32 +-
 21_ZIF69_MTV/MAGI5_E23_FINAL_RANKING_20260926.md   |      8 +
 21_ZIF69_MTV/MAGI5_USER_DECISIONS_20260925.md      |      8 +
 .../density_v3_tpl4/hkhome/density_results.json    |     42 +
 .../diff_vtk/e24i_br_open__ELECTROSTATIC_GAIN.vtk  | 729010 ++++++++++++++++++
 .../hkhome/diff_vtk/e24i_br_open__RHO_total.vtk    | 729010 ++++++++++++++++++
 .../e24i_c2h5_open__ELECTROSTATIC_GAIN.vtk         | 729010 ++++++++++++++++++
 .../hkhome/diff_vtk/e24i_c2h5_open__RHO_total.vtk  | 729010 ++++++++++++++++++
 .../diff_vtk/e24i_ch3_open__ELECTROSTATIC_GAIN.vtk | 729010 ++++++++++++++++++
 .../hkhome/diff_vtk/e24i_ch3_open__RHO_total.vtk   | 729010 ++++++++++++++++++
 .../diff_vtk/e24i_cl_open__ELECTROSTATIC_GAIN.vtk  | 729010 ++++++++++++++++++
 .../hkhome/diff_vtk/e24i_cl_open__RHO_total.vtk    | 729010 ++++++++++++++++++
 .../diff_vtk/e24i_cn_open__ELECTROSTATIC_GAIN.vtk  | 729010 ++++++++++++++++++
 .../hkhome/diff_vtk/e24i_cn_open__RHO_total.vtk    | 729010 ++++++++++++++++++
 .../VTK/System_0/COMDensityProfile_CO2.vtk.gz      |    Bin 0 -> 43216 bytes
 .../hkhome/e24i_br_open__q_off/simulation.input    |     29 +
 .../VTK/System_0/COMDensityProfile_CO2.vtk.gz      |    Bin 0 -> 44367 bytes
 .../hkhome/e24i_br_open__q_on/simulation.input     |     29 +
 .../VTK/System_0/COMDensityProfile_CO2.vtk.gz      |    Bin 0 -> 27086 bytes
 .../hkhome/e24i_c2h5_open__q_off/simulation.input  |     31 +
 .../VTK/System_0/COMDensityProfile_CO2.vtk.gz      |    Bin 0 -> 26478 bytes
 .../hkhome/e24i_c2h5_open__q_on/simulation.input   |     31 +
 .../VTK/System_0/COMDensityProfile_CO2.vtk.gz      |    Bin 0 -> 43632 bytes
 .../hkhome/e24i_ch3_open__q_off/simulation.input   |     29 +
 .../VTK/System_0/COMDensityProfile_CO2.vtk.gz      |    Bin 0 -> 43172 bytes
 .../hkhome/e24i_ch3_open__q_on/simulation.input    |     29 +
 .../VTK/System_0/COMDensityProfile_CO2.vtk.gz      |    Bin 0 -> 46109 bytes
 .../hkhome/e24i_cl_open__q_off/simulation.input    |     29 +
 .../VTK/System_0/COMDensityProfile_CO2.vtk.gz      |    Bin 0 -> 46429 bytes
 .../hkhome/e24i_cl_open__q_on/simulation.input     |     29 +
 .../VTK/System_0/COMDensityProfile_CO2.vtk.gz      |    Bin 0 -> 45387 bytes
 .../hkhome/e24i_cn_open__q_off/simulation.input    |     29 +
 .../VTK/System_0/COMDensityProfile_CO2.vtk.gz      |    Bin 0 -> 46192 bytes
 .../hkhome/e24i_cn_open__q_on/simulation.input     |     29 +
 .../tpl_e24i_c2h5_open/water_results.json          |     19 +
 21_ZIF69_MTV/e24i_hwc_table.py                     |     49 +
 21_ZIF69_MTV/e24i_judge.py                         |      9 +-
 21_ZIF69_MTV/figs_e28/e28e_dry_e24i_open.png       |    Bin 0 -> 466588 bytes
 .../results_e24i_e24i_br_open_mix_laptop2.json     |     59 +-
 ...ts_e24i_e24i_ch3_open_humid_summary_laptop.json |    384 +
 .../results_e24i_e24i_ch3_open_mix_laptop2.json    |     59 +-
 .../results_e24i_e24i_cn_open_mix_hkhome.json      |     59 +-
 21_ZIF69_MTV/results_e24i_mix_summary_laptop2.json |    214 +
 21_ZIF69_MTV/results_e24i_relax300_laptop.json     |    152 +
 21_ZIF69_MTV/results_e24i_water_hkhome.json        |    193 +-
 ...d_working_capacity_w2_e24i_ch3_open_laptop.json |    165 +
 .../VTK/System_0/COMDensityProfile_CO2.vtk.gz      |    Bin 0 -> 35469 bytes
 .../VTK/System_0/COMDensityProfile_water.vtk.gz    |    Bin 0 -> 13652 bytes
 51 files changed, 7291833 insertions(+), 67 deletions(-)
 create mode 100644 21_ZIF69_MTV/density_v3_tpl4/hkhome/density_results.json
 create mode 100644 21_ZIF69_MTV/density_v3_tpl4/hkhome/diff_vtk/e24i_br_open__ELECTROSTATIC_GAIN.vtk
 create mode 100644 21_ZIF69_MTV/density_v3_tpl4/hkhome/diff_vtk/e24i_br_open__RHO_total.vtk
 create mode 100644 21_ZIF69_MTV/density_v3_tpl4/hkhome/diff_vtk/e24i_c2h5_open__ELECTROSTATIC_GAIN.vtk
 create mode 100644 21_ZIF69_MTV/density_v3_tpl4/hkhome/diff_vtk/e24i_c2h5_open__RHO_total.vtk
 create mode 100644 21_ZIF69_MTV/density_v3_tpl4/hkhome/diff_vtk/e24i_ch3_open__ELECTROSTATIC_GAIN.vtk
 create mode 100644 21_ZIF69_MTV/density_v3_tpl4/hkhome/diff_vtk/e24i_ch3_open__RHO_total.vtk
 create mode 100644 21_ZIF69_MTV/density_v3_tpl4/hkhome/diff_vtk/e24i_cl_open__ELECTROSTATIC_GAIN.vtk
 create mode 100644 21_ZIF69_MTV/density_v3_tpl4/hkhome/diff_vtk/e24i_cl_open__RHO_total.vtk
 create mode 100644 21_ZIF69_MTV/density_v3_tpl4/hkhome/diff_vtk/e24i_cn_open__ELECTROSTATIC_GAIN.vtk
 create mode 100644 21_ZIF69_MTV/density_v3_tpl4/hkhome/diff_vtk/e24i_cn_open__RHO_total.vtk
 create mode 100644 21_ZIF69_MTV/density_v3_tpl4/hkhome/e24i_br_open__q_off/VTK/System_0/COMDensityProfile_CO2.vtk.gz
 create mode 100644 21_ZIF69_MTV/density_v3_tpl4/hkhome/e24i_br_open__q_off/simulation.input
 create mode 100644 21_ZIF69_MTV/density_v3_tpl4/hkhome/e24i_br_open__q_on/VTK/System_0/COMDensityProfile_CO2.vtk.gz
 create mode 100644 21_ZIF69_MTV/density_v3_tpl4/hkhome/e24i_br_open__q_on/simulation.input
 create mode 100644 21_ZIF69_MTV/density_v3_tpl4/hkhome/e24i_c2h5_open__q_off/VTK/System_0/COMDensityProfile_CO2.vtk.gz
 create mode 100644 21_ZIF69_MTV/density_v3_tpl4/hkhome/e24i_c2h5_open__q_off/simulation.input
 create mode 100644 21_ZIF69_MTV/density_v3_tpl4/hkhome/e24i_c2h5_open__q_on/VTK/System_0/COMDensityProfile_CO2.vtk.gz
 create mode 100644 21_ZIF69_MTV/density_v3_tpl4/hkhome/e24i_c2h5_open__q_on/simulation.input
 create mode 100644 21_ZIF69_MTV/density_v3_tpl4/hkhome/e24i_ch3_open__q_off/VTK/System_0/COMDensityProfile_CO2.vtk.gz
 create mode 100644 21_ZIF69_MTV/density_v3_tpl4/hkhome/e24i_ch3_open__q_off/simulation.input
 create mode 100644 21_ZIF69_MTV/density_v3_tpl4/hkhome/e24i_ch3_open__q_on/VTK/System_0/COMDensityProfile_CO2.vtk.gz
 create mode 100644 21_ZIF69_MTV/density_v3_tpl4/hkhome/e24i_ch3_open__q_on/simulation.input
 create mode 100644 21_ZIF69_MTV/density_v3_tpl4/hkhome/e24i_cl_open__q_off/VTK/System_0/COMDensityProfile_CO2.vtk.gz
 create mode 100644 21_ZIF69_MTV/density_v3_tpl4/hkhome/e24i_cl_open__q_off/simulation.input
 create mode 100644 21_ZIF69_MTV/density_v3_tpl4/hkhome/e24i_cl_open__q_on/VTK/System_0/COMDensityProfile_CO2.vtk.gz
 create mode 100644 21_ZIF69_MTV/density_v3_tpl4/hkhome/e24i_cl_open__q_on/simulation.input
 create mode 100644 21_ZIF69_MTV/density_v3_tpl4/hkhome/e24i_cn_open__q_off/VTK/System_0/COMDensityProfile_CO2.vtk.gz
 create mode 100644 21_ZIF69_MTV/density_v3_tpl4/hkhome/e24i_cn_open__q_off/simulation.input
 create mode 100644 21_ZIF69_MTV/density_v3_tpl4/hkhome/e24i_cn_open__q_on/VTK/System_0/COMDensityProfile_CO2.vtk.gz
 create mode 100644 21_ZIF69_MTV/density_v3_tpl4/hkhome/e24i_cn_open__q_on/simulation.input
 create mode 100644 21_ZIF69_MTV/density_water_v3w/tpl_e24i_c2h5_open/water_results.json
 create mode 100644 21_ZIF69_MTV/e24i_hwc_table.py
 create mode 100644 21_ZIF69_MTV/figs_e28/e28e_dry_e24i_open.png
 create mode 100644 21_ZIF69_MTV/results_e24i_e24i_ch3_open_humid_summary_laptop.json
 create mode 100644 21_ZIF69_MTV/results_e24i_mix_summary_laptop2.json
 create mode 100644 21_ZIF69_MTV/results_e24i_relax300_laptop.json
 create mode 100644 21_ZIF69_MTV/v3w_humid_wc/humid_working_capacity_w2_e24i_ch3_open_laptop.json
 create mode 100644 21_ZIF69_MTV/water_runs_density_v3w/rh90_e24i_c2h5_open/VTK/System_0/COMDensityProfile_CO2.vtk.gz
 create mode 100644 21_ZIF69_MTV/water_runs_density_v3w/rh90_e24i_c2h5_open/VTK/System_0/COMDensityProfile_water.vtk.gz
2026-09-26 18:03:26 병합 rc=0 · HEAD 13b7c042
2026-09-26 18:03:26 Cl 착수
simulate 9 · 18:05:56
ads_e24i_cl_open_h1 씨앗 1790413407 · 입력 막음 줄 0
ads_e24i_cl_open_h2 씨앗 1790413452 · 입력 막음 줄 0
ads_e24i_cl_open_h3 씨앗 1790413497 · 입력 막음 줄 0
tsa_e24i_cl_open_h1 씨앗 1790413422 · 입력 막음 줄 0
tsa_e24i_cl_open_h2 씨앗 1790413467 · 입력 막음 줄 0
tsa_e24i_cl_open_h3 씨앗 1790413512 · 입력 막음 줄 0
vsa_e24i_cl_open_h1 씨앗 1790413437 · 입력 막음 줄 0
vsa_e24i_cl_open_h2 씨앗 1790413482 · 입력 막음 줄 0
vsa_e24i_cl_open_h3 씨앗 1790413527 · 입력 막음 줄 0
착수 2026-09-26 18:03:26 · E24I_HWC_TAG=e24i_cl_open E24I_MACHINE=junseok E24I_CHAIN=/home/mangwon/.junseok_chain HWC_V3W_TARGETS=e24i_cl_open_h1,e24i_cl_open_h2,e24i_cl_open_h3 HWC_V3W_WORKERS=9 HWC_V3W_RESULT=humid_
  [파일 관문] /home/mangwon/RASPA/simulations/share/raspa/forcefield/UFF_MOF/force_field_mixing_rules.def
              md5 8e8ec933f9013c7e932da04dc256efd3  (**일치**)
  파일 관문 md5 8e8ec933f9013c7e932da04dc256efd3 일치
E-24g 후속 보완 습윤 작업 용량(Br, 차단 없음) — 착수 간격 15 s(+ 2 s 잠금) · 작업 9 · 스모크 False · 사이클 15000+5000
  CHARGED      /home/mangwon/mof_project/21_ZIF69_MTV/charged_v3
  RUNS         /home/mangwon/mof_project/21_ZIF69_MTV/humid_wc_runs_v3w
  RESULT       /home/mangwon/mof_project/21_ZIF69_MTV/v3w_humid_wc/humid_working_capacity_w2_e24i_cl_open_junseok.json
  TARGETS      ['e24i_cl_open_h1', 'e24i_cl_open_h2', 'e24i_cl_open_h3']
  MAX_WORKERS  9
습윤 작업 용량 — 물 분압 2852.1 Pa 고정, 작업 9개, 워커 9
  ads  CO2  0.15 bar  298.0 K  -> RH  90.0%
2026-09-26 18:05:56 Cl 착수 스크립트 rc=0
