착수 2026-09-26 18:03:26 · E24I_HWC_TAG=e24i_cl_open E24I_MACHINE=junseok E24I_CHAIN=/home/mangwon/.junseok_chain HWC_V3W_TARGETS=e24i_cl_open_h1,e24i_cl_open_h2,e24i_cl_open_h3 HWC_V3W_WORKERS=9 HWC_V3W_RESULT=humid_working_capacity_w2_e24i_cl_open_junseok.json python -u run_e24i_humid_wc.py · 가지 HEAD 13b7c042
  [파일 관문] /home/mangwon/RASPA/simulations/share/raspa/forcefield/UFF_MOF/force_field_mixing_rules.def
              md5 8e8ec933f9013c7e932da04dc256efd3  (**일치**)
  파일 관문 md5 8e8ec933f9013c7e932da04dc256efd3 일치
E-24g 후속 보완 습윤 작업 용량(Br, 차단 없음) — 착수 간격 15 s(+ 2 s 잠금) · 작업 9 · 스모크 False · 사이클 15000+5000
  CHARGED      /home/mangwon/mof_project/21_ZIF69_MTV/charged_v3
  RUNS         /home/mangwon/mof_project/21_ZIF69_MTV/humid_wc_runs_v3w
  RESULT       /home/mangwon/mof_project/21_ZIF69_MTV/v3w_humid_wc/humid_working_capacity_w2_e24i_cl_open_junseok.json
  TARGETS      ['e24i_cl_open_h1', 'e24i_cl_open_h2', 'e24i_cl_open_h3']
  MAX_WORKERS  9
습윤 작업 용량 — 물 분압 2852.1 Pa 고정, 작업 9개, 워커 9
  ads  CO2  0.15 bar  298.0 K  -> RH  90.0%
  tsa  CO2  0.15 bar  373.0 K  -> RH   2.8%
  vsa  CO2  0.05 bar  298.0 K  -> RH  90.0%

  [              ok] ads  e24i_cl_open_h1 CO2 3.1136  물 0.020
  [              ok] tsa  e24i_cl_open_h1 CO2 0.7958  물 0.006
  [              ok] vsa  e24i_cl_open_h1 CO2 2.2654  물 0.030
  [              ok] ads  e24i_cl_open_h2 CO2 3.1139  물 0.025
  [              ok] tsa  e24i_cl_open_h2 CO2 0.7966  물 0.006
  [              ok] vsa  e24i_cl_open_h2 CO2 2.2558  물 0.030
  [              ok] ads  e24i_cl_open_h3 CO2 3.1019  물 0.021
  [              ok] tsa  e24i_cl_open_h3 CO2 0.8079  물 0.006
  [              ok] vsa  e24i_cl_open_h3 CO2 2.2458  물 0.025

====================================================================================================
조성                    흡착 CO2            TSA 잔류            VSA 잔류       WC(TSA)       WC(VSA)
----------------------------------------------------------------------------------------------------
e24i_cl_open_h1     3.1136±0.0264     0.7958±0.0099     2.2654±0.0435 2.3178±0.0281 0.8482±0.0508
e24i_cl_open_h2     3.1139±0.0117     0.7966±0.0119     2.2558±0.0252 2.3173±0.0167 0.8581±0.0278
e24i_cl_open_h3     3.1019±0.0444     0.8079±0.0140     2.2458±0.0217 2.2939±0.0465 0.8561±0.0494

[OK] humid_working_capacity_w2_e24i_cl_open_junseok.json
감사 {"n": 9, "n_ok": 9, "seeds_distinct": true}
  ads  e24i_cl_open_h1    ok True · 입력 막음 줄 0 · 완주 True · rc 0 · not-found False · 씨앗 1790413407
  tsa  e24i_cl_open_h1    ok True · 입력 막음 줄 0 · 완주 True · rc 0 · not-found False · 씨앗 1790413422
  vsa  e24i_cl_open_h1    ok True · 입력 막음 줄 0 · 완주 True · rc 0 · not-found False · 씨앗 1790413437
  ads  e24i_cl_open_h2    ok True · 입력 막음 줄 0 · 완주 True · rc 0 · not-found False · 씨앗 1790413452
  tsa  e24i_cl_open_h2    ok True · 입력 막음 줄 0 · 완주 True · rc 0 · not-found False · 씨앗 1790413467
  vsa  e24i_cl_open_h2    ok True · 입력 막음 줄 0 · 완주 True · rc 0 · not-found False · 씨앗 1790413482
  ads  e24i_cl_open_h3    ok True · 입력 막음 줄 0 · 완주 True · rc 0 · not-found False · 씨앗 1790413497
  tsa  e24i_cl_open_h3    ok True · 입력 막음 줄 0 · 완주 True · rc 0 · not-found False · 씨앗 1790413512
  vsa  e24i_cl_open_h3    ok True · 입력 막음 줄 0 · 완주 True · rc 0 · not-found False · 씨앗 1790413527
요약 저장 /home/mangwon/mof_project/21_ZIF69_MTV/results_e24i_e24i_cl_open_humid_summary_junseok.json · {"WC_TSA_each": [2.3178, 2.3173, 2.2939], "WC_TSA_mean": 2.3096666666666668, "WC_TSA_mean_err": 0.017570693192337613, "WC_VSA_each": [0.8482, 0.8581, 0.8561], "WC_VSA_mean": 0.8541333333333333, "WC_VSA_mean_err": 0.024633611485424034}
드라이버 rc=0 · 끝 2026-09-26 18:36:32
