착수 2026-09-26 15:50:28 · e24i_zeo_junseok.py e24i_cl_open,e24i_c2h5_open,e24i_ch3_open,e24i_br_open,e24i_cn_open · 워커 2 · 가지 HEAD 25f07084
  e24i_cl_open (204 원자) -res LCD 5.03476 · PLD 3.82121 · Dif 5.03476 (2.0 s, 최대 340 MB)
  e24i_c2h5_open (228 원자) -res LCD 4.65535 · PLD 3.80981 · Dif 4.65535 (2.0 s, 최대 279 MB)
  e24i_c2h5_open r=1.65: -chan 2 통로 · 차원 [1, 1] (stdout 통로 2 · 주머니 4) | -block 통로 2 · 주머니 4 · 구 4 · 구 부피 977.3 Å³(30.78 %) · 157.2 s · 최대 5826 MB
  e24i_cl_open r=1.65: -chan 4 통로 · 차원 [1, 1, 1, 1] (stdout 통로 4 · 주머니 0) | -block 통로 4 · 주머니 0 · 구 0 · 구 부피 0.0 Å³(0.00 %) · 161.2 s · 최대 5610 MB
  e24i_c2h5_open r=1.82: -chan 2 통로 · 차원 [1, 1] (stdout 통로 2 · 주머니 4) | -block 통로 2 · 주머니 4 · 구 4 · 구 부피 595.3 Å³(18.75 %) · 152.3 s · 최대 5764 MB
  e24i_cl_open r=1.82: -chan 4 통로 · 차원 [1, 1, 1, 1] (stdout 통로 4 · 주머니 0) | -block 통로 4 · 주머니 0 · 구 0 · 구 부피 0.0 Å³(0.00 %) · 158.2 s · 최대 5404 MB
  e24i_c2h5_open r=1.30: -chan 4 통로 · 차원 [1, 1, 1, 1] (stdout 통로 4 · 주머니 6) | -block 통로 4 · 주머니 6 · 구 5 · 구 부피 250.1 Å³(7.88 %) · 160.2 s · 최대 5795 MB
  e24i_ch3_open (216 원자) -res LCD 4.64922 · PLD 3.81806 · Dif 4.64236 (2.0 s, 최대 303 MB)
  e24i_cl_open r=1.30: -chan 4 통로 · 차원 [1, 1, 1, 1] (stdout 통로 4 · 주머니 8) | -block 통로 4 · 주머니 8 · 구 4 · 구 부피 231.1 Å³(7.28 %) · 166.2 s · 최대 6443 MB
  e24i_br_open (204 원자) -res LCD 4.92885 · PLD 3.81882 · Dif 4.91125 (2.0 s, 최대 304 MB)
  e24i_ch3_open r=1.65: -chan 4 통로 · 차원 [1, 1, 1, 1] (stdout 통로 4 · 주머니 0) | -block 통로 4 · 주머니 0 · 구 0 · 구 부피 0.0 Å³(0.00 %) · 156.2 s · 최대 5977 MB
  e24i_br_open r=1.65: -chan 4 통로 · 차원 [1, 1, 1, 1] (stdout 통로 4 · 주머니 0) | -block 통로 4 · 주머니 0 · 구 0 · 구 부피 0.0 Å³(0.00 %) · 157.2 s · 최대 6341 MB
  e24i_ch3_open r=1.82: -chan 4 통로 · 차원 [1, 1, 1, 1] (stdout 통로 4 · 주머니 0) | -block 통로 4 · 주머니 0 · 구 0 · 구 부피 0.0 Å³(0.00 %) · 156.2 s · 최대 5191 MB
  e24i_br_open r=1.82: -chan 4 통로 · 차원 [1, 1, 1, 1] (stdout 통로 4 · 주머니 0) | -block 통로 4 · 주머니 0 · 구 0 · 구 부피 0.0 Å³(0.00 %) · 155.2 s · 최대 5404 MB
  e24i_ch3_open r=1.30: -chan 4 통로 · 차원 [1, 1, 1, 1] (stdout 통로 4 · 주머니 6) | -block 통로 4 · 주머니 6 · 구 5 · 구 부피 229.2 Å³(7.22 %) · 165.2 s · 최대 5379 MB
  e24i_cn_open (208 원자) -res LCD 5.0287 · PLD 3.82412 · Dif 5.0287 (2.0 s, 최대 284 MB)
  e24i_br_open r=1.30: -chan 4 통로 · 차원 [1, 1, 1, 1] (stdout 통로 4 · 주머니 6) | -block 통로 4 · 주머니 6 · 구 5 · 구 부피 261.3 Å³(8.23 %) · 165.2 s · 최대 5956 MB
  e24i_cn_open r=1.65: -chan 4 통로 · 차원 [1, 1, 1, 1] (stdout 통로 4 · 주머니 0) | -block 통로 4 · 주머니 0 · 구 0 · 구 부피 0.0 Å³(0.00 %) · 159.2 s · 최대 5925 MB
  e24i_cn_open r=1.82: -chan 4 통로 · 차원 [1, 1, 1, 1] (stdout 통로 4 · 주머니 0) | -block 통로 4 · 주머니 0 · 구 0 · 구 부피 0.0 Å³(0.00 %) · 156.2 s · 최대 6036 MB
  e24i_cn_open r=1.30: -chan 4 통로 · 차원 [1, 1, 1, 1] (stdout 통로 4 · 주머니 6) | -block 통로 4 · 주머니 6 · 구 4 · 구 부피 228.7 Å³(7.20 %) · 166.2 s · 최대 5369 MB
저장 /home/mangwon/mof_project/21_ZIF69_MTV/results_e24i_access_junseok.json (1444 s)
  e24i_cl_open {"PLD": 3.82121, "LCD": 5.03476, "PLD_lt_3.64": false, "channels_1.65": 4, "channels_1.82": 4, "channels_1.30": 4, "pockets_1.65": 0, "pockets_1.82": 0, "pockets_1.30": 8, "spheres_1.65": 0, "spheres_1.82": 0, "spheres_1.30": 4}
  e24i_c2h5_open {"PLD": 3.80981, "LCD": 4.65535, "PLD_lt_3.64": false, "channels_1.65": 2, "channels_1.82": 2, "channels_1.30": 4, "pockets_1.65": 4, "pockets_1.82": 4, "pockets_1.30": 6, "spheres_1.65": 4, "spheres_1.82": 4, "spheres_1.30": 5}
  e24i_ch3_open {"PLD": 3.81806, "LCD": 4.64922, "PLD_lt_3.64": false, "channels_1.65": 4, "channels_1.82": 4, "channels_1.30": 4, "pockets_1.65": 0, "pockets_1.82": 0, "pockets_1.30": 6, "spheres_1.65": 0, "spheres_1.82": 0, "spheres_1.30": 5}
  e24i_br_open {"PLD": 3.81882, "LCD": 4.92885, "PLD_lt_3.64": false, "channels_1.65": 4, "channels_1.82": 4, "channels_1.30": 4, "pockets_1.65": 0, "pockets_1.82": 0, "pockets_1.30": 6, "spheres_1.65": 0, "spheres_1.82": 0, "spheres_1.30": 5}
  e24i_cn_open {"PLD": 3.82412, "LCD": 5.0287, "PLD_lt_3.64": false, "channels_1.65": 4, "channels_1.82": 4, "channels_1.30": 4, "pockets_1.65": 0, "pockets_1.82": 0, "pockets_1.30": 6, "spheres_1.65": 0, "spheres_1.82": 0, "spheres_1.30": 4}
드라이버 rc=0 · 끝 2026-09-26 16:14:33
