RH90 사슬 잇기 — 라운드 병렬, 전 조성 동일 조각 수
  뿌리 /home/skyjun/mof_project/21_ZIF69_MTV/water_runs_v3w_chunk   (CHAIN_ROOT=water_runs_v3w_chunk)
  라운드 3 (조각당 3000 사이클, 창은 마지막 5조각 고정)

=== 관문 ===
  [파일 관문] /home/skyjun/RASPA/simulations/share/raspa/forcefield/UFF_MOF/force_field_mixing_rules.def
              md5 8e8ec933f9013c7e932da04dc256efd3  (**일치**)
  힘장 md5 ✓
  물 5사이트 ✓
  base       완주 6조각  마지막 chunk5  Restart 1개  씨앗 1788830322   ✓
  saIm050    완주 6조각  마지막 chunk5  Restart 1개  씨앗 1788830324   ✓

=== 현재 상태 (라운드 0) ===

  조성           조각     물 Δ40       폭      남는 물      판정
  ----------------------------------------------------
  base          5     +7.5%    9.7%     0.019      정지
  saIm050       5     -6.2%    8.8%     0.030      정지

  '남는 물' 은 정지 시 남는 물 표류의 절대량(mol/kg)이다 —
  유지율 옆에 **병기**할 수다(WATER_FIX §8). 문턱이 아니다.
  라운드 판정: **전 조성 정지** (한 조성이라도 남으면 다 같이 간다)

=== 라운드 1/3 — 조각 6, 2종 동시 ===
  [base] 조각 6 이어 넘기기 — 1개 이어 넘김
  [saIm050] 조각 6 이어 넘기기 — 1개 이어 넘김
  [base] 조각 6 종료 rc=0  12:26:38
  [saIm050] 조각 6 종료 rc=0  13:12:03
  라운드 1 벽시계 1.41 h

=== 라운드 2/3 — 조각 7, 2종 동시 ===
  [base] 조각 7 이어 넘기기 — 1개 이어 넘김
  [saIm050] 조각 7 이어 넘기기 — 1개 이어 넘김
  [base] 조각 7 종료 rc=0  13:51:36
  [saIm050] 조각 7 종료 rc=0  14:29:16
  라운드 2 벽시계 1.29 h

=== 라운드 3/3 — 조각 8, 2종 동시 ===
  [base] 조각 8 이어 넘기기 — 1개 이어 넘김
  [saIm050] 조각 8 이어 넘기기 — 1개 이어 넘김
  [base] 조각 8 종료 rc=0  15:02:27
  [saIm050] 조각 8 종료 rc=0  15:41:09
  라운드 3 벽시계 1.20 h
