군 B 저압 — sa50nb50 앙상블 e1~e5 × RH 5/10/15 (15작업)
  입력   /home/skyjun/mof_project/21_ZIF69_MTV/charged_v3
  작업   /home/skyjun/mof_project/21_ZIF69_MTV/water_runs_lowrh_grpb
  결과   /home/skyjun/mof_project/21_ZIF69_MTV/v3_water_lowrh_grpb/water_results.json
  워커   5
  RH     [0.15, 0.1, 0.05]
  대상   sa50nb50e1 sa50nb50e2 sa50nb50e3 sa50nb50e4 sa50nb50e5
  조성 검사 5/5 통과 (총 672원자, S 12, Cl 0)
  물 정의 사이트 5개 (TIP5P-Ew 는 5)

구조 5개 x RH 3단계 중 실행 15개
CO2 0.15 bar 고정, 298 K, TIP5P-Ew(5사이트), 15000 사이클

  [              ok] RH 15% sa50nb50e1 CO2  0.8163  H2O   0.0888
  [              ok] RH 10% sa50nb50e1 CO2  0.8215  H2O   0.0600
  [              ok] RH  5% sa50nb50e1 CO2  0.8291  H2O   0.0339
  [              ok] RH 15% sa50nb50e2 CO2  0.9817  H2O   0.5862
  [              ok] RH 10% sa50nb50e2 CO2  0.9983  H2O   0.4985
  [              ok] RH  5% sa50nb50e2 CO2  1.0329  H2O   0.3376
  [              ok] RH 15% sa50nb50e3 CO2  1.0123  H2O   0.4750
  [              ok] RH 10% sa50nb50e3 CO2  1.0515  H2O   0.3875
  [              ok] RH  5% sa50nb50e3 CO2  1.1029  H2O   0.2776
  [              ok] RH 15% sa50nb50e4 CO2  1.0218  H2O   0.5122
  [              ok] RH 10% sa50nb50e4 CO2  1.0629  H2O   0.4437
  [              ok] RH  5% sa50nb50e4 CO2  1.1081  H2O   0.3038
  [              ok] RH 15% sa50nb50e5 CO2  0.8791  H2O   0.1287
  [              ok] RH 10% sa50nb50e5 CO2  0.8866  H2O   0.0928
  [              ok] RH  5% sa50nb50e5 CO2  0.8950  H2O   0.0466

============================================================================================================
구조                                  RH         CO2 [mol/kg]         H2O [mol/kg]               건조대비   H2O/CO2
------------------------------------------------------------------------------------------------------------
SO3H 50% + NO2 50% — 실현 1          15%      0.8163 ± 0.0202      0.0888 ± 0.0129        nan% (nanσ)      0.11
SO3H 50% + NO2 50% — 실현 1          10%      0.8215 ± 0.0046      0.0600 ± 0.0058        nan% (nanσ)      0.07
SO3H 50% + NO2 50% — 실현 1           5%      0.8291 ± 0.0223      0.0339 ± 0.0069        nan% (nanσ)      0.04

SO3H 50% + NO2 50% — 실현 2          15%      0.9817 ± 0.0238      0.5862 ± 0.0311        nan% (nanσ)      0.60
SO3H 50% + NO2 50% — 실현 2          10%      0.9983 ± 0.0207      0.4985 ± 0.0303        nan% (nanσ)      0.50
SO3H 50% + NO2 50% — 실현 2           5%      1.0329 ± 0.0128      0.3376 ± 0.0124        nan% (nanσ)      0.33

SO3H 50% + NO2 50% — 실현 3          15%      1.0123 ± 0.0213      0.4750 ± 0.0225        nan% (nanσ)      0.47
SO3H 50% + NO2 50% — 실현 3          10%      1.0515 ± 0.0105      0.3875 ± 0.0110        nan% (nanσ)      0.37
SO3H 50% + NO2 50% — 실현 3           5%      1.1029 ± 0.0303      0.2776 ± 0.0251        nan% (nanσ)      0.25

SO3H 50% + NO2 50% — 실현 4          15%      1.0218 ± 0.0275      0.5122 ± 0.0273        nan% (nanσ)      0.50
SO3H 50% + NO2 50% — 실현 4          10%      1.0629 ± 0.0286      0.4437 ± 0.0216        nan% (nanσ)      0.42
SO3H 50% + NO2 50% — 실현 4           5%      1.1081 ± 0.0194      0.3038 ± 0.0210        nan% (nanσ)      0.27

SO3H 50% + NO2 50% — 실현 5          15%      0.8791 ± 0.0190      0.1287 ± 0.0112        nan% (nanσ)      0.15
SO3H 50% + NO2 50% — 실현 5          10%      0.8866 ± 0.0158      0.0928 ± 0.0209        nan% (nanσ)      0.10
SO3H 50% + NO2 50% — 실현 5           5%      0.8950 ± 0.0186      0.0466 ± 0.0085        nan% (nanσ)      0.05

[OK] water_results.json — 이번 실행 15행, 보존 0행, 합계 15행

판정 기준(19_WaterCompetition 과 동일, 계산 전 확정):
  RH90 유지율 80% 이상 -> 유효 / 50~80% -> 조건부(전처리 건조 비용) / 50% 미만 -> 종료
  차이의 유의성은 1.5σ 를 기준으로 본다.
  기기명 사본 저장: water_results_desktop-nvsrr9m.json
