  [파일 관문] /home/skyjun/RASPA/simulations/share/raspa/forcefield/UFF_MOF/force_field_mixing_rules.def
              md5 8e8ec933f9013c7e932da04dc256efd3  (**일치**)
T-NF-0v 헬륨 공극률 — 9구조 x 반복 2 = 18건, 워커 6, 3초 어긋내기
  자(T-NF-0k 와 동일): 사이클 15000/3000, UFF_MOF, 컷오프 12.0, 298.0 K
  He LJ 대조값: eps 10.9 / sigma 2.64 (UFF_MOF 40행)
  [ok] zif90     r1  phi 0.4919  rho 0.9883  씨앗 1789068971
  [ok] zif90     r2  phi 0.492315  rho 0.9883  씨앗 1789068974
  [ok] zif71     r1  phi 0.477176  rho 1.1548  씨앗 1789068967
  [ok] zif71     r2  phi 0.477846  rho 1.1548  씨앗 1789068970
  [ok] zif93     r2  phi 0.4448  rho 0.9914  씨앗 1789068968
  [ok] zif93     r1  phi 0.444881  rho 0.9914  씨앗 1789068965
  [ok] saIm100   r1  phi 0.409567  rho 1.3056  씨앗 1789069168
  [ok] saIm100   r2  phi 0.410179  rho 1.3056  씨앗 1789069176
  [ok] saIm050   r1  phi 0.45615  rho 1.2261  씨앗 1789069245
  [ok] saIm050   r2  phi 0.456442  rho 1.2261  씨앗 1789069254
  [ok] nbIm050   r1  phi 0.487246  rho 1.1650  씨앗 1789069615
  [ok] nbIm050   r2  phi 0.486949  rho 1.1650  씨앗 1789069629
  [ok] mbIm050   r1  phi 0.427905  rho 1.1110  씨앗 1789069824
  [ok] mbIm050   r2  phi 0.428331  rho 1.1110  씨앗 1789069837
  [ok] base      r1  phi 0.43397  rho 1.1466  씨앗 1789069870
  [ok] base      r2  phi 0.433635  rho 1.1466  씨앗 1789069876
  [ok] mbIm025   r1  phi 0.479649  rho 1.1288  씨앗 1789070230
  [ok] mbIm025   r2  phi 0.479496  rho 1.1288  씨앗 1789070266

[OK] 18/18 -> /home/skyjun/mof_project/21_ZIF69_MTV/v3w_helium_void/helium_void_desktop-nvsrr9m.json
  씨앗: 구조 안에서 전부 다름
