  [파일 관문] /home/skyjun/RASPA/simulations/share/raspa/forcefield/UFF_MOF/force_field_mixing_rules.def
              md5 8e8ec933f9013c7e932da04dc256efd3  (**일치**)
T-NF-0q 보충 — 우리 6조성 x 반복 3 = 18건, 워커 6
  자: T-NF-0k 와 동일 (사이클 15000/3000, 298.0 K, 컷오프 12.0)
  RUNS /home/skyjun/mof_project/21_ZIF69_MTV/khours_runs
  OUT  /home/skyjun/mof_project/21_ZIF69_MTV/v3w_water_kh_ours
  [ok] saIm050   r3  K_H 0.000235254  ± 9.50286e-05  씨앗 1789071206
  [ok] saIm050   r1  K_H 0.000237772  ± 7.44791e-05  씨앗 1789071200
  [ok] saIm100   r1  K_H 0.00302438  ± 0.000508318  씨앗 1789071191
  [ok] saIm100   r2  K_H 0.00362443  ± 0.000821961  씨앗 1789071194
  [ok] saIm050   r2  K_H 0.000212593  ± 5.28758e-05  씨앗 1789071203
  [ok] saIm100   r3  K_H 0.00364917  ± 0.00133485  씨앗 1789071197
  [ok] nbIm050   r2  K_H 4.20188e-05  ± 3.92785e-06  씨앗 1789074839
  [ok] nbIm050   r1  K_H 4.31226e-05  ± 2.75513e-06  씨앗 1789074822
  [ok] nbIm050   r3  K_H 4.08322e-05  ± 4.03912e-06  씨앗 1789075051
  [ok] mbIm050   r1  K_H 0.000100499  ± 1.28646e-05  씨앗 1789075062
  [ok] mbIm050   r3  K_H 9.8095e-05  ± 2.28325e-05  씨앗 1789075102
  [ok] mbIm050   r2  K_H 8.47432e-05  ± 2.04383e-05  씨앗 1789075086
  [ok] base      r1  K_H 7.7346e-05  ± 1.12106e-05  씨앗 1789078347
  [ok] base      r2  K_H 7.17486e-05  ± 6.03951e-06  씨앗 1789078383
  [ok] base      r3  K_H 7.1236e-05  ± 1.29044e-05  씨앗 1789078560
  [ok] mbIm025   r1  K_H 1.68036e-05  ± 1.81505e-06  씨앗 1789078604
  [ok] mbIm025   r2  K_H 1.65651e-05  ± 1.86995e-06  씨앗 1789078644
  [ok] mbIm025   r3  K_H 1.81141e-05  ± 1.9181e-06  씨앗 1789078648

[OK] 18/18 -> /home/skyjun/mof_project/21_ZIF69_MTV/v3w_water_kh_ours/water_kh_ours_desktop-nvsrr9m.json
  씨앗: 조성 안에서 전부 다름
