  [파일 관문] /home/mangwon/RASPA/simulations/share/raspa/forcefield/UFF_MOF/force_field_mixing_rules.def
              md5 8e8ec933f9013c7e932da04dc256efd3  (**일치**)
  [착수 전 머리말 관문] ok True · HwHw ZERO_POTENTIAL · OwHw ZERO_POTENTIAL · OwLw ZERO_POTENTIAL · LwLw ZERO_POTENTIAL · OwOw ε 89.633
E-19 12작업 · 워커 12 · 착수 간격 15 s · 착수 12:32:12
  [    ok] nbIm050   s1 K_H(H2O) 3.89785e-05 ± 2.94824e-06 · 관문 True · 표지 True · 씨앗 1790307179 · 53.4 분
  [    ok] nbIm100   s1 K_H(H2O) 0.000140632 ± 1.50263e-05 · 관문 True · 표지 True · 씨앗 1790307163 · 55.8 분
  [    ok] mslm050   s1 K_H(H2O) 0.000144056 ± 9.60199e-06 · 관문 True · 표지 True · 씨앗 1790307133 · 56.3 분
  [    ok] nbIm050   s2 K_H(H2O) 4.02632e-05 ± 3.4524e-06 · 관문 True · 표지 True · 씨앗 1790307238 · 54.7 분
  [    ok] nbIm100   s2 K_H(H2O) 0.000157324 ± 2.27947e-05 · 관문 True · 표지 True · 씨앗 1790307224 · 56.9 분
  [    ok] nbIm050   s3 K_H(H2O) 3.96071e-05 ± 1.09021e-06 · 관문 True · 표지 True · 씨앗 1790307299 · 56.2 분
  [    ok] sa50nb50  s1 K_H(H2O) 0.00038201 ± 9.04629e-05 · 관문 True · 표지 True · 씨앗 1790307148 · 59.1 분
  [    ok] mslm050   s3 K_H(H2O) 0.000134635 ± 1.61063e-05 · 관문 True · 표지 True · 씨앗 1790307253 · 57.5 분
  [    ok] mslm050   s2 K_H(H2O) 0.000158123 ± 2.58948e-05 · 관문 True · 표지 True · 씨앗 1790307193 · 58.7 분
  [    ok] sa50nb50  s2 K_H(H2O) 0.000621453 ± 0.000432015 · 관문 True · 표지 True · 씨앗 1790307208 · 58.8 분
  [    ok] nbIm100   s3 K_H(H2O) 0.000141352 ± 4.22062e-05 · 관문 True · 표지 True · 씨앗 1790307284 · 57.6 분
  [    ok] sa50nb50  s3 K_H(H2O) 0.000369008 ± 0.000127211 · 관문 True · 표지 True · 씨앗 1790307268 · 58.5 분

저장 /home/mangwon/mof_project/21_ZIF69_MTV/results_magi5_e19_water_seeds_junseok.json
  mslm050   n 4 · K_H(H2O) 평균 0.00014344925 ± 9.12582375e-06 · 지수 0.7178420589088944 ± 0.05019658260547893 · saIm050 대비 -2.1623729940493033 단위 · G 4.694844271076537
  sa50nb50  n 4 · K_H(H2O) 평균 0.00046260025 ± 0.0001077208625 · 지수 2.470877999797031 ± 0.5815884999402524 · saIm050 대비 1.7484000483175501 단위 · G 5.872782406792541
  nbIm100   n 4 · K_H(H2O) 평균 0.000142249 ± 1.36422375e-05 · 지수 1.1876847290640393 ± 0.12242020401269016 · saIm050 대비 -0.4931508668187499 단위 · G 4.657820477487825
  nbIm050   n 4 · K_H(H2O) 평균 3.9793025e-05 ± 1.34139625e-06 · 지수 0.279355159148028 ± 0.018986451490858147 · saIm050 대비 -3.7358060000842452 단위 · G 3.925262328993908
  saIm050   n 4 · K_H(H2O) 평균 0.0002353755 ± 4.92385625e-05 · 지수 1.3397129050435137 ± 0.2834544316542809 · saIm050 대비 -0.00034800385955379896 단위 · G 4.8545445477190015
  base      n 4 · K_H(H2O) 평균 7.29197e-05 ± 4.8827325000000004e-06 · 지수 1.3672349752595452 ± 0.09613778079268868 · saIm050 대비 0.09154725223445785 단위 · G 2.1399015266032104
  ρ(K_H(H2O), G) 6조성 0.9428571428571428
