  [파일 관문] /home/mangwon/RASPA/simulations/share/raspa/forcefield/UFF_MOF/force_field_mixing_rules.def
              md5 8e8ec933f9013c7e932da04dc256efd3  (**일치**)
E-2b  2016[Co][pts]3[ASR]5 · 반경 (1.5, 1.65, 1.82, 2.0) · 표본 50000 · 기체 ('CO2', 'N2') · 참조(차단 없음, laptop2) S 113.38 ± 1.75
  대기 — E-3b 드라이버 True · simulate 4 (Zeo++ 와 RASPA 동시 금지)  02:15:22
  비었음 — Zeo++ 착수  04:15:29
  Zeo++ -ha -res  원문 "2016_Co__pts_3_ASR_5.res 4.23296 3.57101 4.23296" → Di 4.233 · Df(PLD) 3.571 · Dif 4.233 Å  (CoRE PLD 3.571 · LCD 4.233)  0 s
  Zeo++ -ha -block 1.50 50000  구 0개 · 반지름 None~None Å · 좌표 최대 0.000  35 s
  Zeo++ -ha -block 1.65 50000  구 0개 · 반지름 None~None Å · 좌표 최대 0.000  34 s
  Zeo++ -ha -block 1.82 50000  구 1개 · 반지름 4.253~4.253 Å · 좌표 최대 0.315  34 s
  Zeo++ -ha -block 2.00 50000  구 2개 · 반지름 2.59083~2.74329 Å · 좌표 최대 0.978  34 s
  Widom 8작업 · 워커 8 · 착수 간격 15 s
  착수 r=1.50 CO2  04:17:47
  착수 r=1.50 N2  04:18:02
  착수 r=1.65 CO2  04:18:17
  착수 r=1.65 N2  04:18:32
  착수 r=1.82 CO2  04:18:47
  착수 r=1.82 N2  04:19:02
  착수 r=2.00 CO2  04:19:17
  착수 r=2.00 N2  04:19:32
  [    ok] r=1.50 CO2 K_H 0.000316253 ± 9.07695e-06 · N 0/0 · 표지 True · 씨앗 1790277467 · 13.2 분
  [    ok] r=1.50 N2  K_H 2.70578e-06 ± 3.71866e-08 · N 0/0 · 표지 True · 씨앗 1790277482 · 13.3 분
  [    ok] r=1.65 CO2 K_H 0.000316947 ± 4.91999e-06 · N 0/0 · 표지 True · 씨앗 1790277497 · 13.3 분
  [    ok] r=1.82 CO2 K_H 2.24746e-157 ± 6.23706e-157 · N 36/36 · 표지 True · 씨앗 1790277527 · 12.8 분
  [    ok] r=1.65 N2  K_H 2.7061e-06 ± 2.95509e-08 · N 0/0 · 표지 True · 씨앗 1790277512 · 13.3 분
  [    ok] r=1.82 N2  K_H 3.60602e-112 ± 1.00103e-111 · N 36/36 · 표지 True · 씨앗 1790277542 · 13.0 분
  [    ok] r=2.00 CO2 K_H 3.82088e-21 ± 9.19335e-21 · N 72/72 · 표지 True · 씨앗 1790277557 · 13.0 분
  [    ok] r=2.00 N2  K_H 2.72677e-18 ± 6.62303e-18 · N 72/72 · 표지 True · 씨앗 1790277572 · 13.1 분

저장 /home/mangwon/mof_project/21_ZIF69_MTV/results_magi5_e2b_blockpockets_junseok.json
