E-15 대상 46행 (3D 12 · 2D 34) · LPT 첫 셋 [('2024_Zn__sql_2_ASR_3', 4032), ('2017_Cd__kgd_2_FSR_1', 3984), ('2024_Co__pcu_3_ASR_1', 3816)] · 마지막 2014_Co__sql_2_FSR_1 1144
  [파일 관문] /home/mangwon/RASPA/simulations/share/raspa/forcefield/UFF_MOF/force_field_mixing_rules.def
              md5 8e8ec933f9013c7e932da04dc256efd3  (**일치**)
E-1 전하 OFF Widom  92작업 · 워커 10 · 착수 간격 12 s · 힘장 md5 8e8ec933f9013c7e932da04dc256efd3
  [      ok] CO2 2024_Co__sql_2_ASR_2  (1/92, 17.8 min)  관문 OFF 0/240 비영 · LJ ok
  [      ok] N2  2024_Co__sql_2_ASR_2  (2/92, 18.1 min)  관문 OFF 0/240 비영 · LJ ok
  [      ok] CO2 2017_Cd__kgd_2_FSR_1  (3/92, 21.0 min)  관문 OFF 0/332 비영 · LJ ok
  [      ok] N2  2017_Cd__kgd_2_FSR_1  (4/92, 21.6 min)  관문 OFF 0/332 비영 · LJ ok
  [      ok] CO2 2024_Co__pcu_3_ASR_1  (5/92, 23.9 min)  관문 OFF 0/212 비영 · LJ ok
  [      ok] CO2 2024_Co__pcu_3_FSR_1  (6/92, 24.4 min)  관문 OFF 0/212 비영 · LJ ok
  [      ok] N2  2024_Co__pcu_3_ASR_1  (7/92, 24.5 min)  관문 OFF 0/212 비영 · LJ ok
  [      ok] N2  2024_Co__pcu_3_FSR_1  (8/92, 24.9 min)  관문 OFF 0/212 비영 · LJ ok
  [      ok] CO2 2024_Zn__sql_2_ASR_3  (9/92, 25.0 min)  관문 OFF 0/224 비영 · LJ ok
  [      ok] N2  2024_Zn__sql_2_ASR_3  (10/92, 25.4 min)  관문 OFF 0/224 비영 · LJ ok
  [      ok] CO2 2024_Co__sql_2_FSR_3  (11/92, 33.1 min)  관문 OFF 0/240 비영 · LJ ok
  [      ok] N2  2024_Co__sql_2_FSR_3  (12/92, 33.8 min)  관문 OFF 0/240 비영 · LJ ok
  [      ok] CO2 2024_Zn__sql_2_ASR_4  (13/92, 36.8 min)  관문 OFF 0/240 비영 · LJ ok
  [      ok] N2  2024_Zn__sql_2_ASR_4  (14/92, 37.9 min)  관문 OFF 0/240 비영 · LJ ok
  [      ok] CO2 2024_Zn__sql_2_FSR_3  (15/92, 40.2 min)  관문 OFF 0/240 비영 · LJ ok
  [      ok] N2  2024_Zn__sql_2_FSR_3  (16/92, 41.0 min)  관문 OFF 0/240 비영 · LJ ok
  [      ok] CO2 2020_Cu__kgm_2_FSR_1  (17/92, 42.7 min)  관문 OFF 0/168 비영 · LJ ok
  [      ok] CO2 2018_Zn__sql_2_ASR_3  (18/92, 42.9 min)  관문 OFF 0/108 비영 · LJ ok
  [      ok] N2  2018_Zn__sql_2_ASR_3  (19/92, 43.4 min)  관문 OFF 0/108 비영 · LJ ok
  [      ok] N2  2020_Cu__kgm_2_FSR_1  (20/92, 43.5 min)  관문 OFF 0/168 비영 · LJ ok
  [      ok] CO2 2018_Zn__sql_2_FSR_4  (21/92, 49.0 min)  관문 OFF 0/108 비영 · LJ ok
  [      ok] N2  2018_Zn__sql_2_FSR_4  (22/92, 50.1 min)  관문 OFF 0/108 비영 · LJ ok
  [      ok] CO2 2016_Co__sql_2_FSR_10  (23/92, 53.2 min)  관문 OFF 0/40 비영 · LJ ok
  [      ok] N2  2016_Co__sql_2_FSR_10  (24/92, 54.7 min)  관문 OFF 0/40 비영 · LJ ok
  [      ok] CO2 2016_Co__sql_2_FSR_13  (25/92, 56.9 min)  관문 OFF 0/40 비영 · LJ ok
  [      ok] N2  2016_Co__sql_2_FSR_13  (26/92, 58.0 min)  관문 OFF 0/40 비영 · LJ ok
  [      ok] CO2 2016_Co__sql_2_FSR_15  (27/92, 59.9 min)  관문 OFF 0/40 비영 · LJ ok
  [      ok] N2  2016_Co__sql_2_FSR_15  (28/92, 60.6 min)  관문 OFF 0/40 비영 · LJ ok
  [      ok] CO2 2016_Co__sql_2_FSR_16  (29/92, 60.9 min)  관문 OFF 0/40 비영 · LJ ok
  [      ok] N2  2016_Co__sql_2_FSR_16  (30/92, 61.5 min)  관문 OFF 0/40 비영 · LJ ok
  [      ok] CO2 2016_Co__sql_2_FSR_17  (31/92, 64.9 min)  관문 OFF 0/40 비영 · LJ ok
  [      ok] N2  2016_Co__sql_2_FSR_17  (32/92, 66.4 min)  관문 OFF 0/40 비영 · LJ ok
  [      ok] CO2 2016_Co__sql_2_FSR_18  (33/92, 69.4 min)  관문 OFF 0/40 비영 · LJ ok
  [      ok] N2  2016_Co__sql_2_FSR_18  (34/92, 71.4 min)  관문 OFF 0/40 비영 · LJ ok
  [      ok] CO2 2016_Co__sql_2_FSR_7  (35/92, 73.5 min)  관문 OFF 0/40 비영 · LJ ok
  [      ok] N2  2016_Co__sql_2_FSR_7  (36/92, 75.1 min)  관문 OFF 0/40 비영 · LJ ok
  [      ok] CO2 2018_Cd__dia_3_ASR_4  (37/92, 75.4 min)  관문 OFF 0/196 비영 · LJ ok
  [      ok] N2  2018_Cd__dia_3_ASR_4  (38/92, 76.3 min)  관문 OFF 0/196 비영 · LJ ok
  [      ok] CO2 2016_Co__sql_2_FSR_8  (39/92, 76.8 min)  관문 OFF 0/40 비영 · LJ ok
  [      ok] CO2 2018_Cd__dia_3_ASR_6  (40/92, 77.6 min)  관문 OFF 0/196 비영 · LJ ok
  [      ok] N2  2016_Co__sql_2_FSR_8  (41/92, 77.9 min)  관문 OFF 0/40 비영 · LJ ok
  [      ok] N2  2018_Cd__dia_3_ASR_6  (42/92, 79.3 min)  관문 OFF 0/196 비영 · LJ ok
  [      ok] CO2 2018_Cd__dia_3_FSR_3  (43/92, 82.6 min)  관문 OFF 0/196 비영 · LJ ok
  [      ok] N2  2018_Cd__dia_3_FSR_3  (44/92, 84.9 min)  관문 OFF 0/196 비영 · LJ ok
  [      ok] CO2 2018_Cd__dia_3_FSR_4  (45/92, 87.1 min)  관문 OFF 0/196 비영 · LJ ok
  [      ok] N2  2018_Cd__dia_3_FSR_4  (46/92, 89.2 min)  관문 OFF 0/196 비영 · LJ ok
  [      ok] CO2 2018_Cd__dia_3_FSR_5  (47/92, 89.6 min)  관문 OFF 0/196 비영 · LJ ok
  [      ok] N2  2018_Cd__dia_3_FSR_5  (48/92, 90.9 min)  관문 OFF 0/196 비영 · LJ ok
  [      ok] CO2 2021_Zn__srs_3_FSR_1  (49/92, 92.2 min)  관문 OFF 0/128 비영 · LJ ok
  [      ok] CO2 2016_Co__sql_2_ASR_17  (50/92, 92.9 min)  관문 OFF 0/37 비영 · LJ ok
  [      ok] N2  2021_Zn__srs_3_FSR_1  (51/92, 93.2 min)  관문 OFF 0/128 비영 · LJ ok
  [      ok] N2  2016_Co__sql_2_ASR_17  (52/92, 95.0 min)  관문 OFF 0/37 비영 · LJ ok
  [      ok] CO2 2020_Cu__sql_2_ASR_6  (53/92, 98.2 min)  관문 OFF 0/176 비영 · LJ ok
  [      ok] CO2 2014_Cu__dia_3_ASR_5  (54/92, 100.3 min)  관문 OFF 0/164 비영 · LJ ok
  [      ok] N2  2020_Cu__sql_2_ASR_6  (55/92, 100.3 min)  관문 OFF 0/176 비영 · LJ ok
  [      ok] N2  2014_Cu__dia_3_ASR_5  (56/92, 102.7 min)  관문 OFF 0/164 비영 · LJ ok
  [      ok] CO2 2014_Cu__dia_3_FSR_6  (57/92, 103.2 min)  관문 OFF 0/164 비영 · LJ ok
  [      ok] N2  2014_Cu__dia_3_FSR_6  (58/92, 104.8 min)  관문 OFF 0/164 비영 · LJ ok
  [      ok] CO2 2016_Co__sql_2_FSR_12  (59/92, 106.6 min)  관문 OFF 0/40 비영 · LJ ok
  [      ok] CO2 2016_Co__sql_2_FSR_11  (60/92, 107.1 min)  관문 OFF 0/40 비영 · LJ ok
  [      ok] N2  2016_Co__sql_2_FSR_11  (61/92, 108.3 min)  관문 OFF 0/40 비영 · LJ ok
  [      ok] N2  2016_Co__sql_2_FSR_12  (62/92, 108.8 min)  관문 OFF 0/40 비영 · LJ ok
  [      ok] CO2 2016_Co__sql_2_FSR_14  (63/92, 112.4 min)  관문 OFF 0/40 비영 · LJ ok
  [      ok] CO2 2016_Co__sql_2_FSR_21  (64/92, 114.4 min)  관문 OFF 0/40 비영 · LJ ok
  [      ok] N2  2016_Co__sql_2_FSR_14  (65/92, 114.6 min)  관문 OFF 0/40 비영 · LJ ok
  [      ok] N2  2016_Co__sql_2_FSR_21  (66/92, 117.3 min)  관문 OFF 0/40 비영 · LJ ok
  [      ok] CO2 2016_Co__sql_2_FSR_24  (67/92, 117.5 min)  관문 OFF 0/40 비영 · LJ ok
  [      ok] N2  2016_Co__sql_2_FSR_24  (68/92, 119.4 min)  관문 OFF 0/40 비영 · LJ ok
  [      ok] CO2 2016_Co__sql_2_FSR_25  (69/92, 121.9 min)  관문 OFF 0/40 비영 · LJ ok
  [      ok] CO2 2016_Co__sql_2_FSR_26  (70/92, 122.2 min)  관문 OFF 0/40 비영 · LJ ok
  [      ok] N2  2016_Co__sql_2_FSR_25  (71/92, 122.9 min)  관문 OFF 0/40 비영 · LJ ok
  [      ok] N2  2016_Co__sql_2_FSR_26  (72/92, 123.0 min)  관문 OFF 0/40 비영 · LJ ok
  [      ok] CO2 2016_Co__sql_2_FSR_27  (73/92, 126.4 min)  관문 OFF 0/40 비영 · LJ ok
  [      ok] CO2 2016_Co__sql_2_FSR_28  (74/92, 128.9 min)  관문 OFF 0/40 비영 · LJ ok
  [      ok] N2  2016_Co__sql_2_FSR_27  (75/92, 128.9 min)  관문 OFF 0/40 비영 · LJ ok
  [      ok] CO2 2016_Co__sql_2_FSR_6  (76/92, 131.7 min)  관문 OFF 0/40 비영 · LJ ok
  [      ok] N2  2016_Co__sql_2_FSR_28  (77/92, 132.0 min)  관문 OFF 0/40 비영 · LJ ok
  [      ok] N2  2016_Co__sql_2_FSR_6  (78/92, 134.1 min)  관문 OFF 0/40 비영 · LJ ok
  [      ok] CO2 2016_Cd__kgd_2_ASR_1  (79/92, 135.8 min)  관문 OFF 0/105 비영 · LJ ok
  [      ok] N2  2016_Cd__kgd_2_ASR_1  (80/92, 136.2 min)  관문 OFF 0/105 비영 · LJ ok
  [      ok] CO2 2024_Ni__sql_2_FSR_4  (81/92, 136.4 min)  관문 OFF 0/40 비영 · LJ ok
  [      ok] N2  2024_Ni__sql_2_FSR_4  (82/92, 137.2 min)  관문 OFF 0/40 비영 · LJ ok
  [      ok] CO2 2021_Co__dia_3_FSR_1  (83/92, 137.5 min)  관문 OFF 0/140 비영 · LJ ok
  [      ok] CO2 2017_Cd__hcb_2_ASR_1  (84/92, 140.0 min)  관문 OFF 0/126 비영 · LJ ok
  [      ok] N2  2021_Co__dia_3_FSR_1  (85/92, 140.2 min)  관문 OFF 0/140 비영 · LJ ok
  [      ok] CO2 2017_Zn__dia_3_ASR_1  (86/92, 142.5 min)  관문 OFF 0/204 비영 · LJ ok
  [      ok] N2  2017_Cd__hcb_2_ASR_1  (87/92, 142.9 min)  관문 OFF 0/126 비영 · LJ ok
  [      ok] N2  2017_Zn__dia_3_ASR_1  (88/92, 144.6 min)  관문 OFF 0/204 비영 · LJ ok
  [      ok] CO2 2014_Co__sql_2_FSR_1  (89/92, 145.5 min)  관문 OFF 0/286 비영 · LJ ok
  [      ok] N2  2014_Co__sql_2_FSR_1  (90/92, 146.4 min)  관문 OFF 0/286 비영 · LJ ok
  [      ok] CO2 2014_Co__sql_2_ASR_1  (91/92, 146.5 min)  관문 OFF 0/286 비영 · LJ ok
  [      ok] N2  2014_Co__sql_2_ASR_1  (92/92, 146.9 min)  관문 OFF 0/286 비영 · LJ ok

저장 /home/mangwon/mof_project/21_ZIF69_MTV/results_magi5_e15_offwidom_junseok.json — ok 46/46 · seed 겹침 0건 · 벽시계 146.9 min
