=========== 반복 1/3  2026-09-03 02:29:36 ===========
랩탑 R 측정 — RH0 반복 1/3
  구조   saIm0625  (원본: run_water_v3grid_rest3.py, 8워커)
  입력   /home/skyjun/mof_project/21_ZIF69_MTV/charged_v3
  작업   /home/skyjun/mof_project/21_ZIF69_MTV/water_runs_Rrep1   (새 디렉터리)
  결과   /home/skyjun/mof_project/21_ZIF69_MTV/v3_water_Rrep/rep1/water_results.json
  워커   1   RH [0.0]
  물 정의 사이트 5개 (TIP5P-Ew 는 5)

구조 1개 x RH 1단계 중 실행 1개
CO2 0.15 bar 고정, 298 K, TIP5P-Ew(5사이트), 15000 사이클

  [              ok] RH  0% saIm0625   CO2  1.3758  H2O   0.0000

============================================================================================================
구조                                  RH         CO2 [mol/kg]         H2O [mol/kg]               건조대비   H2O/CO2
------------------------------------------------------------------------------------------------------------
SO3H 62.5% (15/24)                  0%      1.3758 ± 0.0114      0.0000 ± 0.0000      100.0% (0.0σ)      0.00

[OK] water_results.json — 이번 실행 1행, 보존 0행, 합계 1행

판정 기준(19_WaterCompetition 과 동일, 계산 전 확정):
  RH90 유지율 80% 이상 -> 유효 / 50~80% -> 조건부(전처리 건조 비용) / 50% 미만 -> 종료
  차이의 유의성은 1.5σ 를 기준으로 본다.
=========== 반복 1 종료  2026-09-03 05:09:39 ===========
=========== 반복 2/3  2026-09-03 05:09:40 ===========
랩탑 R 측정 — RH0 반복 2/3
  구조   saIm0625  (원본: run_water_v3grid_rest3.py, 8워커)
  입력   /home/skyjun/mof_project/21_ZIF69_MTV/charged_v3
  작업   /home/skyjun/mof_project/21_ZIF69_MTV/water_runs_Rrep2   (새 디렉터리)
  결과   /home/skyjun/mof_project/21_ZIF69_MTV/v3_water_Rrep/rep2/water_results.json
  워커   1   RH [0.0]
  물 정의 사이트 5개 (TIP5P-Ew 는 5)

구조 1개 x RH 1단계 중 실행 1개
CO2 0.15 bar 고정, 298 K, TIP5P-Ew(5사이트), 15000 사이클

  [              ok] RH  0% saIm0625   CO2  1.3911  H2O   0.0000

============================================================================================================
구조                                  RH         CO2 [mol/kg]         H2O [mol/kg]               건조대비   H2O/CO2
------------------------------------------------------------------------------------------------------------
SO3H 62.5% (15/24)                  0%      1.3911 ± 0.0204      0.0000 ± 0.0000      100.0% (0.0σ)      0.00

[OK] water_results.json — 이번 실행 1행, 보존 0행, 합계 1행

판정 기준(19_WaterCompetition 과 동일, 계산 전 확정):
  RH90 유지율 80% 이상 -> 유효 / 50~80% -> 조건부(전처리 건조 비용) / 50% 미만 -> 종료
  차이의 유의성은 1.5σ 를 기준으로 본다.
=========== 반복 2 종료  2026-09-03 07:58:11 ===========
=========== 반복 3/3  2026-09-03 07:58:11 ===========
랩탑 R 측정 — RH0 반복 3/3
  구조   saIm0625  (원본: run_water_v3grid_rest3.py, 8워커)
  입력   /home/skyjun/mof_project/21_ZIF69_MTV/charged_v3
  작업   /home/skyjun/mof_project/21_ZIF69_MTV/water_runs_Rrep3   (새 디렉터리)
  결과   /home/skyjun/mof_project/21_ZIF69_MTV/v3_water_Rrep/rep3/water_results.json
  워커   1   RH [0.0]
  물 정의 사이트 5개 (TIP5P-Ew 는 5)

구조 1개 x RH 1단계 중 실행 1개
CO2 0.15 bar 고정, 298 K, TIP5P-Ew(5사이트), 15000 사이클

  [              ok] RH  0% saIm0625   CO2  1.3732  H2O   0.0000

============================================================================================================
구조                                  RH         CO2 [mol/kg]         H2O [mol/kg]               건조대비   H2O/CO2
------------------------------------------------------------------------------------------------------------
SO3H 62.5% (15/24)                  0%      1.3732 ± 0.0104      0.0000 ± 0.0000      100.0% (0.0σ)      0.00

[OK] water_results.json — 이번 실행 1행, 보존 0행, 합계 1행

판정 기준(19_WaterCompetition 과 동일, 계산 전 확정):
  RH90 유지율 80% 이상 -> 유효 / 50~80% -> 조건부(전처리 건조 비용) / 50% 미만 -> 종료
  차이의 유의성은 1.5σ 를 기준으로 본다.
=========== 반복 3 종료  2026-09-03 10:38:57 ===========
=== 3회 완료 2026-09-03 10:38:57 ===
