  !! 워커를 4 -> 1 로 낮춥니다 (가용 22.8 GB, Zeo++ 9.5 GB/건)
  안정성 관문 자기 산포 — base + saIm0583 11실현 (총 12종)
  staging 12종 -> /home/mangwon/mof_project/21_ZIF69_MTV/structures_v3ensA_stage
  STRUCT   /home/mangwon/mof_project/21_ZIF69_MTV/structures_v3ensA_stage
  결과     /home/mangwon/mof_project/21_ZIF69_MTV/risk_results_v3ensA.json
  워커     1  (Zeo++ 9.5 GB/건, 가용 22.8 GB)
  대상 12종

대상: risk_v3ensA_index.json -> 12종, 작업 /home/mangwon/mof_project/21_ZIF69_MTV/lmp_v3ensA
구조 12개 UFF4MOF 이완 + Zeo++

  !! 워커를 4 -> 1 로 낮춥니다 (가용 22.7 GB, Zeo++ 9.5 GB/건)
/home/mangwon/miniconda3/envs/lammps_mof/lib/python3.11/site-packages/ase/io/lammpsdata.py:72: FutureWarning: "style" is deprecated; please use "atom_style".
  warnings.warn(
    base: 이완 산출물 재사용 (다시 돌리지 않음)
  [                          ok] base
  !! 워커를 4 -> 1 로 낮춥니다 (가용 22.4 GB, Zeo++ 9.5 GB/건)
/home/mangwon/miniconda3/envs/lammps_mof/lib/python3.11/site-packages/ase/io/lammpsdata.py:72: FutureWarning: "style" is deprecated; please use "atom_style".
  warnings.warn(
    saIm0583: 이완 산출물 재사용 (다시 돌리지 않음)
  [                          ok] saIm0583
  !! 워커를 4 -> 1 로 낮춥니다 (가용 22.4 GB, Zeo++ 9.5 GB/건)
    saIm0583e1: group 1개 제거(상한 32), min_eval 1e-6 -> 1e-4, 바깥루프 <= 12, 안쪽반복 <= 2000
fatal: not a git repository (or any of the parent directories): .git
/home/mangwon/miniconda3/envs/lammps_mof/lib/python3.11/site-packages/ase/io/lammpsdata.py:72: FutureWarning: "style" is deprecated; please use "atom_style".
  warnings.warn(
  [                          ok] saIm0583e1
  !! 워커를 4 -> 1 로 낮춥니다 (가용 22.5 GB, Zeo++ 9.5 GB/건)
    saIm0583e2: group 1개 제거(상한 32), min_eval 1e-6 -> 1e-4, 바깥루프 <= 12, 안쪽반복 <= 2000
fatal: not a git repository (or any of the parent directories): .git
/home/mangwon/miniconda3/envs/lammps_mof/lib/python3.11/site-packages/ase/io/lammpsdata.py:72: FutureWarning: "style" is deprecated; please use "atom_style".
  warnings.warn(
  [                          ok] saIm0583e2
  !! 워커를 4 -> 1 로 낮춥니다 (가용 22.5 GB, Zeo++ 9.5 GB/건)
    saIm0583e3: group 1개 제거(상한 32), min_eval 1e-6 -> 1e-4, 바깥루프 <= 12, 안쪽반복 <= 2000
fatal: not a git repository (or any of the parent directories): .git
[17:13:53] === 드라이버 기동 (ZEO_GB_PER_JOB=4.0) ===

===== 2026-08-27 17:13:53 재기동: ZEO_GB_PER_JOB=4.0 (워커 4 목표) =====
  안정성 관문 자기 산포 — base + saIm0583 11실현 (총 12종)
  staging 12종 -> /home/mangwon/mof_project/21_ZIF69_MTV/structures_v3ensA_stage
  STRUCT   /home/mangwon/mof_project/21_ZIF69_MTV/structures_v3ensA_stage
  결과     /home/mangwon/mof_project/21_ZIF69_MTV/risk_results_v3ensA.json
  워커     4  (Zeo++ 4.0 GB/건, 가용 22.7 GB)
  대상 12종

대상: risk_v3ensA_index.json -> 12종, 작업 /home/mangwon/mof_project/21_ZIF69_MTV/lmp_v3ensA
구조 12개 UFF4MOF 이완 + Zeo++

/home/mangwon/miniconda3/envs/lammps_mof/lib/python3.11/site-packages/ase/io/lammpsdata.py:72: FutureWarning: "style" is deprecated; please use "atom_style".
  warnings.warn(
    base: 이완 산출물 재사용 (다시 돌리지 않음)
/home/mangwon/miniconda3/envs/lammps_mof/lib/python3.11/site-packages/ase/io/lammpsdata.py:72: FutureWarning: "style" is deprecated; please use "atom_style".
  warnings.warn(
/home/mangwon/miniconda3/envs/lammps_mof/lib/python3.11/site-packages/ase/io/lammpsdata.py:72: FutureWarning: "style" is deprecated; please use "atom_style".
  warnings.warn(
    saIm0583e1: 이완 산출물 재사용 (다시 돌리지 않음)
    saIm0583: 이완 산출물 재사용 (다시 돌리지 않음)
/home/mangwon/miniconda3/envs/lammps_mof/lib/python3.11/site-packages/ase/io/lammpsdata.py:72: FutureWarning: "style" is deprecated; please use "atom_style".
  warnings.warn(
    saIm0583e2: 이완 산출물 재사용 (다시 돌리지 않음)
/home/mangwon/miniconda3/envs/lammps_mof/lib/python3.11/multiprocessing/resource_tracker.py:254: UserWarning: resource_tracker: There appear to be 5 leaked semaphore objects to clean up at shutdown
  warnings.warn('resource_tracker: There appear to be %d '

===== 2026-08-27 17:22:03 재기동: env 없음 (ZEO_GB_PER_JOB 기본 9.5, 워커 1) =====
===== 직전 4워커 시도는 17:15:44 OOM 으로 실패. network 4개 합 24.0 GB. =====
  !! 워커를 4 -> 1 로 낮춥니다 (가용 22.7 GB, Zeo++ 9.5 GB/건)
  안정성 관문 자기 산포 — base + saIm0583 11실현 (총 12종)
  staging 12종 -> /home/mangwon/mof_project/21_ZIF69_MTV/structures_v3ensA_stage
  STRUCT   /home/mangwon/mof_project/21_ZIF69_MTV/structures_v3ensA_stage
  결과     /home/mangwon/mof_project/21_ZIF69_MTV/risk_results_v3ensA.json
  워커     1  (Zeo++ 9.5 GB/건, 가용 22.7 GB)
  대상 12종

대상: risk_v3ensA_index.json -> 12종, 작업 /home/mangwon/mof_project/21_ZIF69_MTV/lmp_v3ensA
구조 12개 UFF4MOF 이완 + Zeo++

  !! 워커를 4 -> 1 로 낮춥니다 (가용 22.7 GB, Zeo++ 9.5 GB/건)
/home/mangwon/miniconda3/envs/lammps_mof/lib/python3.11/site-packages/ase/io/lammpsdata.py:72: FutureWarning: "style" is deprecated; please use "atom_style".
  warnings.warn(
    base: 이완 산출물 재사용 (다시 돌리지 않음)
  [                          ok] base
  !! 워커를 4 -> 1 로 낮춥니다 (가용 22.5 GB, Zeo++ 9.5 GB/건)
/home/mangwon/miniconda3/envs/lammps_mof/lib/python3.11/site-packages/ase/io/lammpsdata.py:72: FutureWarning: "style" is deprecated; please use "atom_style".
  warnings.warn(
    saIm0583: 이완 산출물 재사용 (다시 돌리지 않음)

===== 2026-08-27 17:26:39 재기동: env 없음 (ZEO_GB_PER_JOB 기본 9.5, 워커 1) =====
===== 직전 4워커 시도는 17:15:44 OOM 으로 실패. network 4개 합 24.0 GB. =====
  !! 워커를 4 -> 1 로 낮춥니다 (가용 22.7 GB, Zeo++ 9.5 GB/건)
  안정성 관문 자기 산포 — base + saIm0583 11실현 (총 12종)
  staging 12종 -> /home/mangwon/mof_project/21_ZIF69_MTV/structures_v3ensA_stage
  STRUCT   /home/mangwon/mof_project/21_ZIF69_MTV/structures_v3ensA_stage
  결과     /home/mangwon/mof_project/21_ZIF69_MTV/risk_results_v3ensA.json
  워커     1  (Zeo++ 9.5 GB/건, 가용 22.7 GB)
  대상 12종

대상: risk_v3ensA_index.json -> 12종, 작업 /home/mangwon/mof_project/21_ZIF69_MTV/lmp_v3ensA
구조 12개 UFF4MOF 이완 + Zeo++

  !! 워커를 4 -> 1 로 낮춥니다 (가용 22.7 GB, Zeo++ 9.5 GB/건)
/home/mangwon/miniconda3/envs/lammps_mof/lib/python3.11/site-packages/ase/io/lammpsdata.py:72: FutureWarning: "style" is deprecated; please use "atom_style".
  warnings.warn(
    base: 이완 산출물 재사용 (다시 돌리지 않음)
  [                          ok] base
  !! 워커를 4 -> 1 로 낮춥니다 (가용 22.5 GB, Zeo++ 9.5 GB/건)
/home/mangwon/miniconda3/envs/lammps_mof/lib/python3.11/site-packages/ase/io/lammpsdata.py:72: FutureWarning: "style" is deprecated; please use "atom_style".
  warnings.warn(
    saIm0583: 이완 산출물 재사용 (다시 돌리지 않음)

===== 2026-08-27 17:30:23 재기동: env 없음 (ZEO_GB_PER_JOB 기본 9.5, 워커 1) =====
===== 직전 4워커 시도는 17:15:44 OOM 으로 실패. network 4개 합 24.0 GB. =====
  !! 워커를 4 -> 1 로 낮춥니다 (가용 22.7 GB, Zeo++ 9.5 GB/건)
  안정성 관문 자기 산포 — base + saIm0583 11실현 (총 12종)
  staging 12종 -> /home/mangwon/mof_project/21_ZIF69_MTV/structures_v3ensA_stage
  STRUCT   /home/mangwon/mof_project/21_ZIF69_MTV/structures_v3ensA_stage
  결과     /home/mangwon/mof_project/21_ZIF69_MTV/risk_results_v3ensA.json
  워커     1  (Zeo++ 9.5 GB/건, 가용 22.7 GB)
  대상 12종

대상: risk_v3ensA_index.json -> 12종, 작업 /home/mangwon/mof_project/21_ZIF69_MTV/lmp_v3ensA
구조 12개 UFF4MOF 이완 + Zeo++

  !! 워커를 4 -> 1 로 낮춥니다 (가용 22.7 GB, Zeo++ 9.5 GB/건)
/home/mangwon/miniconda3/envs/lammps_mof/lib/python3.11/site-packages/ase/io/lammpsdata.py:72: FutureWarning: "style" is deprecated; please use "atom_style".
  warnings.warn(
    base: 이완 산출물 재사용 (다시 돌리지 않음)
  [                          ok] base
  !! 워커를 4 -> 1 로 낮춥니다 (가용 22.4 GB, Zeo++ 9.5 GB/건)
/home/mangwon/miniconda3/envs/lammps_mof/lib/python3.11/site-packages/ase/io/lammpsdata.py:72: FutureWarning: "style" is deprecated; please use "atom_style".
  warnings.warn(
    saIm0583: 이완 산출물 재사용 (다시 돌리지 않음)

===== 2026-08-27 17:35:43 재기동: env 없음 (ZEO_GB_PER_JOB 기본 9.5, 워커 1) =====
===== 직전 4워커 시도는 17:15:44 OOM 으로 실패. network 4개 합 24.0 GB. =====
  !! 워커를 4 -> 1 로 낮춥니다 (가용 22.7 GB, Zeo++ 9.5 GB/건)
  안정성 관문 자기 산포 — base + saIm0583 11실현 (총 12종)
  staging 12종 -> /home/mangwon/mof_project/21_ZIF69_MTV/structures_v3ensA_stage
  STRUCT   /home/mangwon/mof_project/21_ZIF69_MTV/structures_v3ensA_stage
  결과     /home/mangwon/mof_project/21_ZIF69_MTV/risk_results_v3ensA.json
  워커     1  (Zeo++ 9.5 GB/건, 가용 22.7 GB)
  대상 12종

대상: risk_v3ensA_index.json -> 12종, 작업 /home/mangwon/mof_project/21_ZIF69_MTV/lmp_v3ensA
구조 12개 UFF4MOF 이완 + Zeo++

  !! 워커를 4 -> 1 로 낮춥니다 (가용 22.7 GB, Zeo++ 9.5 GB/건)
/home/mangwon/miniconda3/envs/lammps_mof/lib/python3.11/site-packages/ase/io/lammpsdata.py:72: FutureWarning: "style" is deprecated; please use "atom_style".
  warnings.warn(
    base: 이완 산출물 재사용 (다시 돌리지 않음)
  [                          ok] base
  !! 워커를 4 -> 1 로 낮춥니다 (가용 22.5 GB, Zeo++ 9.5 GB/건)
/home/mangwon/miniconda3/envs/lammps_mof/lib/python3.11/site-packages/ase/io/lammpsdata.py:72: FutureWarning: "style" is deprecated; please use "atom_style".
  warnings.warn(
    saIm0583: 이완 산출물 재사용 (다시 돌리지 않음)
  [                          ok] saIm0583
  !! 워커를 4 -> 1 로 낮춥니다 (가용 22.5 GB, Zeo++ 9.5 GB/건)
/home/mangwon/miniconda3/envs/lammps_mof/lib/python3.11/site-packages/ase/io/lammpsdata.py:72: FutureWarning: "style" is deprecated; please use "atom_style".
  warnings.warn(
    saIm0583e1: 이완 산출물 재사용 (다시 돌리지 않음)
  [                          ok] saIm0583e1
  !! 워커를 4 -> 1 로 낮춥니다 (가용 22.4 GB, Zeo++ 9.5 GB/건)
/home/mangwon/miniconda3/envs/lammps_mof/lib/python3.11/site-packages/ase/io/lammpsdata.py:72: FutureWarning: "style" is deprecated; please use "atom_style".
  warnings.warn(
    saIm0583e2: 이완 산출물 재사용 (다시 돌리지 않음)
  [                          ok] saIm0583e2
  !! 워커를 4 -> 1 로 낮춥니다 (가용 22.3 GB, Zeo++ 9.5 GB/건)
fatal: not a git repository (or any of the parent directories): .git
/home/mangwon/miniconda3/envs/lammps_mof/lib/python3.11/site-packages/ase/io/lammpsdata.py:72: FutureWarning: "style" is deprecated; please use "atom_style".
  warnings.warn(
  [                          ok] saIm0583e3
  !! 워커를 4 -> 1 로 낮춥니다 (가용 22.4 GB, Zeo++ 9.5 GB/건)
  [lammps-interface 실패: /bin/sh] saIm0583e4
  !! 워커를 4 -> 1 로 낮춥니다 (가용 22.3 GB, Zeo++ 9.5 GB/건)
  [lammps-interface 실패: /bin/sh] saIm0583e5
  !! 워커를 4 -> 1 로 낮춥니다 (가용 22.3 GB, Zeo++ 9.5 GB/건)
  [lammps-interface 실패: /bin/sh] saIm0583r1
  !! 워커를 4 -> 1 로 낮춥니다 (가용 22.1 GB, Zeo++ 9.5 GB/건)
  [lammps-interface 실패: /bin/sh] saIm0583r2
  !! 워커를 4 -> 1 로 낮춥니다 (가용 22.1 GB, Zeo++ 9.5 GB/건)
  [lammps-interface 실패: /bin/sh] saIm0583r3
  !! 워커를 4 -> 1 로 낮춥니다 (가용 22.3 GB, Zeo++ 9.5 GB/건)
  [lammps-interface 실패: /bin/sh] saIm0583r4
  !! 워커를 4 -> 1 로 낮춥니다 (가용 22.2 GB, Zeo++ 9.5 GB/건)
  [lammps-interface 실패: /bin/sh] saIm0583r5
  !! 워커를 4 -> 1 로 낮춥니다 (가용 22.2 GB, Zeo++ 9.5 GB/건)

==============================================================================================================================
조성             PLD(전)     AV(전)   LCD(전)   LCD(후)    LCD감소%      최소거리    루프      EDiff  판정
------------------------------------------------------------------------------------------------------------------------------
base            5.157    1232.2    8.898    7.620       0.0     1.079    12      0.338  통과 *덜수렴
saIm0583        3.778    1024.1    9.421    6.437      15.5     0.990    12      0.985  통과 *덜수렴
saIm0583e1      3.991    1008.1    9.387    6.309      17.2     0.990    12       1.86  통과 *덜수렴
saIm0583e2      4.132    1091.5   10.043    6.671      12.4     0.990    12       1.66  통과 *덜수렴
saIm0583e3      3.761    1037.8    9.827    6.830      10.4     0.990    12       2.01  통과 *덜수렴
saIm0583e4   lammps-interface 실패: /bin/sh: 1: python: not found

saIm0583e5   lammps-interface 실패: /bin/sh: 1: python: not found

saIm0583r1   lammps-interface 실패: /bin/sh: 1: python: not found

saIm0583r2   lammps-interface 실패: /bin/sh: 1: python: not found

saIm0583r3   lammps-interface 실패: /bin/sh: 1: python: not found

saIm0583r4   lammps-interface 실패: /bin/sh: 1: python: not found

saIm0583r5   lammps-interface 실패: /bin/sh: 1: python: not found


[OK] risk_results_v3ensA.json

주: PLD/AV 는 이완 **전**, LCD 감소·최소거리는 이완 **후** 값으로 판정했습니다 (MIGRATION.md 3-6).

===== 2026-08-27 19:56:41 재기동: PATH 복원 (lammps_mof/bin 선두) =====
===== 직전 판은 PATH 누락으로 lammps-interface 7종 실패 (python: not found) =====
===== which python = /home/mangwon/miniconda3/envs/lammps_mof/bin/python =====
  !! 워커를 4 -> 1 로 낮춥니다 (가용 22.8 GB, Zeo++ 9.5 GB/건)
  안정성 관문 자기 산포 — base + saIm0583 11실현 (총 12종)
  staging 12종 -> /home/mangwon/mof_project/21_ZIF69_MTV/structures_v3ensA_stage
  STRUCT   /home/mangwon/mof_project/21_ZIF69_MTV/structures_v3ensA_stage
  결과     /home/mangwon/mof_project/21_ZIF69_MTV/risk_results_v3ensA.json
  워커     1  (Zeo++ 9.5 GB/건, 가용 22.8 GB)
  대상 12종

대상: risk_v3ensA_index.json -> 12종, 작업 /home/mangwon/mof_project/21_ZIF69_MTV/lmp_v3ensA
구조 12개 UFF4MOF 이완 + Zeo++

  !! 워커를 4 -> 1 로 낮춥니다 (가용 22.7 GB, Zeo++ 9.5 GB/건)
/home/mangwon/miniconda3/envs/lammps_mof/lib/python3.11/site-packages/ase/io/lammpsdata.py:72: FutureWarning: "style" is deprecated; please use "atom_style".
  warnings.warn(
    base: 이완 산출물 재사용 (다시 돌리지 않음)
  [                          ok] base
  !! 워커를 4 -> 1 로 낮춥니다 (가용 22.5 GB, Zeo++ 9.5 GB/건)
/home/mangwon/miniconda3/envs/lammps_mof/lib/python3.11/site-packages/ase/io/lammpsdata.py:72: FutureWarning: "style" is deprecated; please use "atom_style".
  warnings.warn(
    saIm0583: 이완 산출물 재사용 (다시 돌리지 않음)
  [                          ok] saIm0583
  !! 워커를 4 -> 1 로 낮춥니다 (가용 22.4 GB, Zeo++ 9.5 GB/건)
/home/mangwon/miniconda3/envs/lammps_mof/lib/python3.11/site-packages/ase/io/lammpsdata.py:72: FutureWarning: "style" is deprecated; please use "atom_style".
  warnings.warn(
    saIm0583e1: 이완 산출물 재사용 (다시 돌리지 않음)
  [                          ok] saIm0583e1
  !! 워커를 4 -> 1 로 낮춥니다 (가용 22.4 GB, Zeo++ 9.5 GB/건)
/home/mangwon/miniconda3/envs/lammps_mof/lib/python3.11/site-packages/ase/io/lammpsdata.py:72: FutureWarning: "style" is deprecated; please use "atom_style".
  warnings.warn(
    saIm0583e2: 이완 산출물 재사용 (다시 돌리지 않음)
  [                          ok] saIm0583e2
  !! 워커를 4 -> 1 로 낮춥니다 (가용 22.3 GB, Zeo++ 9.5 GB/건)
/home/mangwon/miniconda3/envs/lammps_mof/lib/python3.11/site-packages/ase/io/lammpsdata.py:72: FutureWarning: "style" is deprecated; please use "atom_style".
  warnings.warn(
    saIm0583e3: 이완 산출물 재사용 (다시 돌리지 않음)
  [                          ok] saIm0583e3
  !! 워커를 4 -> 1 로 낮춥니다 (가용 22.4 GB, Zeo++ 9.5 GB/건)
    saIm0583e4: group 1개 제거(상한 32), min_eval 1e-6 -> 1e-4, 바깥루프 <= 12, 안쪽반복 <= 2000
fatal: not a git repository (or any of the parent directories): .git
/home/mangwon/miniconda3/envs/lammps_mof/lib/python3.11/site-packages/ase/io/lammpsdata.py:72: FutureWarning: "style" is deprecated; please use "atom_style".
  warnings.warn(
  [                          ok] saIm0583e4
  !! 워커를 4 -> 1 로 낮춥니다 (가용 22.5 GB, Zeo++ 9.5 GB/건)
    saIm0583e5: group 1개 제거(상한 32), min_eval 1e-6 -> 1e-4, 바깥루프 <= 12, 안쪽반복 <= 2000
fatal: not a git repository (or any of the parent directories): .git
/home/mangwon/miniconda3/envs/lammps_mof/lib/python3.11/site-packages/ase/io/lammpsdata.py:72: FutureWarning: "style" is deprecated; please use "atom_style".
  warnings.warn(
  [                          ok] saIm0583e5
  !! 워커를 4 -> 1 로 낮춥니다 (가용 22.4 GB, Zeo++ 9.5 GB/건)
    saIm0583r1: group 1개 제거(상한 32), min_eval 1e-6 -> 1e-4, 바깥루프 <= 12, 안쪽반복 <= 2000
fatal: not a git repository (or any of the parent directories): .git
/home/mangwon/miniconda3/envs/lammps_mof/lib/python3.11/site-packages/ase/io/lammpsdata.py:72: FutureWarning: "style" is deprecated; please use "atom_style".
  warnings.warn(
  [                          ok] saIm0583r1
  !! 워커를 4 -> 1 로 낮춥니다 (가용 22.4 GB, Zeo++ 9.5 GB/건)
    saIm0583r2: group 1개 제거(상한 32), min_eval 1e-6 -> 1e-4, 바깥루프 <= 12, 안쪽반복 <= 2000
fatal: not a git repository (or any of the parent directories): .git
/home/mangwon/miniconda3/envs/lammps_mof/lib/python3.11/site-packages/ase/io/lammpsdata.py:72: FutureWarning: "style" is deprecated; please use "atom_style".
  warnings.warn(
  [                          ok] saIm0583r2
  !! 워커를 4 -> 1 로 낮춥니다 (가용 22.4 GB, Zeo++ 9.5 GB/건)
    saIm0583r3: group 1개 제거(상한 32), min_eval 1e-6 -> 1e-4, 바깥루프 <= 12, 안쪽반복 <= 2000
fatal: not a git repository (or any of the parent directories): .git
/home/mangwon/miniconda3/envs/lammps_mof/lib/python3.11/site-packages/ase/io/lammpsdata.py:72: FutureWarning: "style" is deprecated; please use "atom_style".
  warnings.warn(
  [                          ok] saIm0583r3
  !! 워커를 4 -> 1 로 낮춥니다 (가용 22.5 GB, Zeo++ 9.5 GB/건)
    saIm0583r4: group 1개 제거(상한 32), min_eval 1e-6 -> 1e-4, 바깥루프 <= 12, 안쪽반복 <= 2000
fatal: not a git repository (or any of the parent directories): .git
/home/mangwon/miniconda3/envs/lammps_mof/lib/python3.11/site-packages/ase/io/lammpsdata.py:72: FutureWarning: "style" is deprecated; please use "atom_style".
  warnings.warn(
  [                          ok] saIm0583r4
  !! 워커를 4 -> 1 로 낮춥니다 (가용 22.5 GB, Zeo++ 9.5 GB/건)
    saIm0583r5: group 1개 제거(상한 32), min_eval 1e-6 -> 1e-4, 바깥루프 <= 12, 안쪽반복 <= 2000
fatal: not a git repository (or any of the parent directories): .git
/home/mangwon/miniconda3/envs/lammps_mof/lib/python3.11/site-packages/ase/io/lammpsdata.py:72: FutureWarning: "style" is deprecated; please use "atom_style".
  warnings.warn(
  [                          ok] saIm0583r5
  !! 워커를 4 -> 1 로 낮춥니다 (가용 22.4 GB, Zeo++ 9.5 GB/건)

==============================================================================================================================
조성             PLD(전)     AV(전)   LCD(전)   LCD(후)    LCD감소%      최소거리    루프      EDiff  판정
------------------------------------------------------------------------------------------------------------------------------
base            5.157    1232.2    8.898    7.620       0.0     1.079    12      0.338  통과 *덜수렴
saIm0583        3.778    1024.1    9.421    6.437      15.5     0.990    12      0.985  통과 *덜수렴
saIm0583e1      3.991    1008.1    9.387    6.309      17.2     0.990    12       1.86  통과 *덜수렴
saIm0583e2      4.132    1091.5   10.043    6.671      12.4     0.990    12       1.66  통과 *덜수렴
saIm0583e3      3.761    1037.8    9.827    6.830      10.4     0.990    12       2.01  통과 *덜수렴
saIm0583e4      3.829     984.6    8.920    7.219       5.3     0.990    12       3.66  통과 *덜수렴
saIm0583e5      4.336    1083.5    9.899    6.640      12.9     0.990    12       1.62  통과 *덜수렴
saIm0583r1      4.452     461.4    9.876    6.390      16.1     0.990    12       0.67  통과 *덜수렴
saIm0583r2      3.816    1049.8   10.112    6.582      13.6     0.990    12       2.29  통과 *덜수렴
saIm0583r3      3.961    1039.5    9.202    6.557      13.9     0.990    12      0.633  통과 *덜수렴
saIm0583r4      3.656    1018.4    9.680    6.535      14.2     0.990    12       3.52  통과 *덜수렴
saIm0583r5      4.256     727.9    9.750    6.694      12.2     0.990    12      0.816  통과 *덜수렴

[OK] risk_results_v3ensA.json

주: PLD/AV 는 이완 **전**, LCD 감소·최소거리는 이완 **후** 값으로 판정했습니다 (MIGRATION.md 3-6).
