  [spawn 안전 실행기] 최상위에서 STRUCT 고정: /home/skyjun/mof_project/21_ZIF69_MTV/structures_v3_stage
  staging 30종 -> /home/skyjun/mof_project/21_ZIF69_MTV/structures_v3_stage
  대상 30종
  STRUCT   /home/skyjun/mof_project/21_ZIF69_MTV/structures_v3_stage
  결과     /home/skyjun/mof_project/21_ZIF69_MTV/risk_results_v3.json
  워커     4  (Zeo++ 3.2 GB/건)

대상: risk_v3_index.json -> 30종, 작업 /home/skyjun/mof_project/21_ZIF69_MTV/lmp_v3
구조 30개 UFF4MOF 이완 + Zeo++

/home/skyjun/miniconda3/envs/lammps_mof/lib/python3.11/site-packages/ase/io/lammpsdata.py:72: FutureWarning: "style" is deprecated; please use "atom_style".
  warnings.warn(
    brbIm025: 이완 산출물 재사용 (다시 돌리지 않음)
    brbIm050: group 1개 제거(상한 32), min_eval 1e-6 -> 1e-4, 바깥루프 <= 12, 안쪽반복 <= 2000
    brbIm100: group 1개 제거(상한 32), min_eval 1e-6 -> 1e-4, 바깥루프 <= 12, 안쪽반복 <= 2000
fatal: not a git repository (or any of the parent directories): .git
    brbIm075: group 1개 제거(상한 32), min_eval 1e-6 -> 1e-4, 바깥루프 <= 12, 안쪽반복 <= 2000
fatal: not a git repository (or any of the parent directories): .git
fatal: not a git repository (or any of the parent directories): .git
  [                          ok] brbIm025
    cf3Im025: group 1개 제거(상한 32), min_eval 1e-6 -> 1e-4, 바깥루프 <= 12, 안쪽반복 <= 2000
fatal: not a git repository (or any of the parent directories): .git
/home/skyjun/miniconda3/envs/lammps_mof/lib/python3.11/site-packages/ase/io/lammpsdata.py:72: FutureWarning: "style" is deprecated; please use "atom_style".
  warnings.warn(
/home/skyjun/miniconda3/envs/lammps_mof/lib/python3.11/site-packages/ase/io/lammpsdata.py:72: FutureWarning: "style" is deprecated; please use "atom_style".
  warnings.warn(
/home/skyjun/miniconda3/envs/lammps_mof/lib/python3.11/site-packages/ase/io/lammpsdata.py:72: FutureWarning: "style" is deprecated; please use "atom_style".
  warnings.warn(
/home/skyjun/miniconda3/envs/lammps_mof/lib/python3.11/multiprocessing/resource_tracker.py:254: UserWarning: resource_tracker: There appear to be 5 leaked semaphore objects to clean up at shutdown
  warnings.warn('resource_tracker: There appear to be %d '
  [spawn 안전 실행기] 최상위에서 STRUCT 고정: /home/skyjun/mof_project/21_ZIF69_MTV/structures_v3_stage
  staging 30종 -> /home/skyjun/mof_project/21_ZIF69_MTV/structures_v3_stage
  대상 30종
  STRUCT   /home/skyjun/mof_project/21_ZIF69_MTV/structures_v3_stage
  결과     /home/skyjun/mof_project/21_ZIF69_MTV/risk_results_v3.json
  워커     2  (Zeo++ 3.2 GB/건)

대상: risk_v3_index.json -> 30종, 작업 /home/skyjun/mof_project/21_ZIF69_MTV/lmp_v3
구조 30개 UFF4MOF 이완 + Zeo++

/home/skyjun/miniconda3/envs/lammps_mof/lib/python3.11/site-packages/ase/io/lammpsdata.py:72: FutureWarning: "style" is deprecated; please use "atom_style".
  warnings.warn(
    brbIm050: 이완 산출물 재사용 (다시 돌리지 않음)
/home/skyjun/miniconda3/envs/lammps_mof/lib/python3.11/site-packages/ase/io/lammpsdata.py:72: FutureWarning: "style" is deprecated; please use "atom_style".
  warnings.warn(
    brbIm025: 이완 산출물 재사용 (다시 돌리지 않음)
  [spawn 안전 실행기] 최상위에서 STRUCT 고정: /home/skyjun/mof_project/21_ZIF69_MTV/structures_v3_stage
  staging 30종 -> /home/skyjun/mof_project/21_ZIF69_MTV/structures_v3_stage
  대상 31종
  STRUCT   /home/skyjun/mof_project/21_ZIF69_MTV/structures_v3_stage
  결과     /home/skyjun/mof_project/21_ZIF69_MTV/risk_results_v3.json
  워커     2  (Zeo++ 3.2 GB/건)

대상: risk_v3_index.json -> 31종, 작업 /home/skyjun/mof_project/21_ZIF69_MTV/lmp_v3
구조 31개 UFF4MOF 이완 + Zeo++

/home/skyjun/miniconda3/envs/lammps_mof/lib/python3.11/site-packages/ase/io/lammpsdata.py:72: FutureWarning: "style" is deprecated; please use "atom_style".
  warnings.warn(
    brbIm025: 이완 산출물 재사용 (다시 돌리지 않음)
    base: group 1개 제거(상한 32), min_eval 1e-6 -> 1e-4, 바깥루프 <= 12, 안쪽반복 <= 2000
fatal: not a git repository (or any of the parent directories): .git
  [spawn 안전 실행기] 최상위에서 STRUCT 고정: /home/skyjun/mof_project/21_ZIF69_MTV/structures_v3_stage
  staging 30종 -> /home/skyjun/mof_project/21_ZIF69_MTV/structures_v3_stage
  대상 31종
  STRUCT   /home/skyjun/mof_project/21_ZIF69_MTV/structures_v3_stage
  결과     /home/skyjun/mof_project/21_ZIF69_MTV/risk_results_v3.json
  워커     2  (Zeo++ 3.2 GB/건)

대상: risk_v3_index.json -> 31종, 작업 /home/skyjun/mof_project/21_ZIF69_MTV/lmp_v3
구조 31개 UFF4MOF 이완 + Zeo++

/home/skyjun/miniconda3/envs/lammps_mof/lib/python3.11/site-packages/ase/io/lammpsdata.py:72: FutureWarning: "style" is deprecated; please use "atom_style".
  warnings.warn(
    brbIm025: 이완 산출물 재사용 (다시 돌리지 않음)
    base: group 1개 제거(상한 32), min_eval 1e-6 -> 1e-4, 바깥루프 <= 12, 안쪽반복 <= 2000
fatal: not a git repository (or any of the parent directories): .git
  [spawn 안전 실행기] 최상위에서 STRUCT 고정: /home/skyjun/mof_project/21_ZIF69_MTV/structures_v3_stage
  [spawn 안전 실행기] 최상위에서 STRUCT 고정: /home/skyjun/mof_project/21_ZIF69_MTV/structures_v3_stage
  staging 30종 -> /home/skyjun/mof_project/21_ZIF69_MTV/structures_v3_stage
  staging 30종 -> /home/skyjun/mof_project/21_ZIF69_MTV/structures_v3_stage
  대상 31종
  STRUCT   /home/skyjun/mof_project/21_ZIF69_MTV/structures_v3_stage
  결과     /home/skyjun/mof_project/21_ZIF69_MTV/risk_results_v3.json
  워커     2  (Zeo++ 3.2 GB/건)

대상: risk_v3_index.json -> 31종, 작업 /home/skyjun/mof_project/21_ZIF69_MTV/lmp_v3
  대상 31종
  STRUCT   /home/skyjun/mof_project/21_ZIF69_MTV/structures_v3_stage
  결과     /home/skyjun/mof_project/21_ZIF69_MTV/risk_results_v3.json
  워커     2  (Zeo++ 3.2 GB/건)

구조 31개 UFF4MOF 이완 + Zeo++

대상: risk_v3_index.json -> 31종, 작업 /home/skyjun/mof_project/21_ZIF69_MTV/lmp_v3
구조 31개 UFF4MOF 이완 + Zeo++

/home/skyjun/miniconda3/envs/lammps_mof/lib/python3.11/site-packages/ase/io/lammpsdata.py:72: FutureWarning: "style" is deprecated; please use "atom_style".
  warnings.warn(
/home/skyjun/miniconda3/envs/lammps_mof/lib/python3.11/site-packages/ase/io/lammpsdata.py:72: FutureWarning: "style" is deprecated; please use "atom_style".
  warnings.warn(
    brbIm025: 이완 산출물 재사용 (다시 돌리지 않음)
    brbIm025: 이완 산출물 재사용 (다시 돌리지 않음)
    base: group 1개 제거(상한 32), min_eval 1e-6 -> 1e-4, 바깥루프 <= 12, 안쪽반복 <= 2000
fatal: not a git repository (or any of the parent directories): .git
fatal: not a git repository (or any of the parent directories): .git
/home/skyjun/miniconda3/envs/lammps_mof/lib/python3.11/multiprocessing/resource_tracker.py:254: UserWarning: resource_tracker: There appear to be 5 leaked semaphore objects to clean up at shutdown
  warnings.warn('resource_tracker: There appear to be %d '
  [spawn 안전 실행기] 최상위에서 STRUCT 고정: /home/skyjun/mof_project/21_ZIF69_MTV/structures_v3_stage
  [spawn 안전 실행기] 최상위에서 STRUCT 고정: /home/skyjun/mof_project/21_ZIF69_MTV/structures_v3_stage
  staging 30종 -> /home/skyjun/mof_project/21_ZIF69_MTV/structures_v3_stage
  staging 30종 -> /home/skyjun/mof_project/21_ZIF69_MTV/structures_v3_stage
  대상 31종
  STRUCT   /home/skyjun/mof_project/21_ZIF69_MTV/structures_v3_stage
  결과     /home/skyjun/mof_project/21_ZIF69_MTV/risk_results_v3.json
  워커     2  (Zeo++ 3.2 GB/건)

대상: risk_v3_index.json -> 31종, 작업 /home/skyjun/mof_project/21_ZIF69_MTV/lmp_v3
구조 31개 UFF4MOF 이완 + Zeo++

  대상 31종
  STRUCT   /home/skyjun/mof_project/21_ZIF69_MTV/structures_v3_stage
  결과     /home/skyjun/mof_project/21_ZIF69_MTV/risk_results_v3.json
  워커     2  (Zeo++ 3.2 GB/건)

대상: risk_v3_index.json -> 31종, 작업 /home/skyjun/mof_project/21_ZIF69_MTV/lmp_v3
구조 31개 UFF4MOF 이완 + Zeo++

/home/skyjun/miniconda3/envs/lammps_mof/lib/python3.11/site-packages/ase/io/lammpsdata.py:72: FutureWarning: "style" is deprecated; please use "atom_style".
  warnings.warn(
/home/skyjun/miniconda3/envs/lammps_mof/lib/python3.11/site-packages/ase/io/lammpsdata.py:72: FutureWarning: "style" is deprecated; please use "atom_style".
  warnings.warn(
    brbIm025: 이완 산출물 재사용 (다시 돌리지 않음)
    brbIm025: 이완 산출물 재사용 (다시 돌리지 않음)
    base: group 1개 제거(상한 32), min_eval 1e-6 -> 1e-4, 바깥루프 <= 12, 안쪽반복 <= 2000
fatal: not a git repository (or any of the parent directories): .git
fatal: not a git repository (or any of the parent directories): .git
/home/skyjun/miniconda3/envs/lammps_mof/lib/python3.11/site-packages/ase/io/lammpsdata.py:72: FutureWarning: "style" is deprecated; please use "atom_style".
  warnings.warn(
    brbIm050: 이완 산출물 재사용 (다시 돌리지 않음)
/home/skyjun/miniconda3/envs/lammps_mof/lib/python3.11/site-packages/ase/io/lammpsdata.py:72: FutureWarning: "style" is deprecated; please use "atom_style".
  warnings.warn(
    brbIm050: 이완 산출물 재사용 (다시 돌리지 않음)
/home/skyjun/miniconda3/envs/lammps_mof/lib/python3.11/site-packages/ase/io/lammpsdata.py:72: FutureWarning: "style" is deprecated; please use "atom_style".
  warnings.warn(
    brbIm075: 이완 산출물 재사용 (다시 돌리지 않음)
/home/skyjun/miniconda3/envs/lammps_mof/lib/python3.11/site-packages/ase/io/lammpsdata.py:72: FutureWarning: "style" is deprecated; please use "atom_style".
  warnings.warn(
    brbIm075: 이완 산출물 재사용 (다시 돌리지 않음)
/home/skyjun/miniconda3/envs/lammps_mof/lib/python3.11/multiprocessing/resource_tracker.py:254: UserWarning: resource_tracker: There appear to be 5 leaked semaphore objects to clean up at shutdown
  warnings.warn('resource_tracker: There appear to be %d '
/home/skyjun/miniconda3/envs/lammps_mof/lib/python3.11/site-packages/ase/io/lammpsdata.py:72: FutureWarning: "style" is deprecated; please use "atom_style".
  warnings.warn(
    brbIm100: 이완 산출물 재사용 (다시 돌리지 않음)
  [spawn 안전 실행기] 최상위에서 STRUCT 고정: /home/skyjun/mof_project/21_ZIF69_MTV/structures_v3_stage
  [spawn 안전 실행기] 최상위에서 STRUCT 고정: /home/skyjun/mof_project/21_ZIF69_MTV/structures_v3_stage
  staging 30종 -> /home/skyjun/mof_project/21_ZIF69_MTV/structures_v3_stage
  대상 31종
  STRUCT   /home/skyjun/mof_project/21_ZIF69_MTV/structures_v3_stage
  결과     /home/skyjun/mof_project/21_ZIF69_MTV/risk_results_v3.json
  워커     3  (Zeo++ 3.2 GB/건)

대상: risk_v3_index.json -> 31종, 작업 /home/skyjun/mof_project/21_ZIF69_MTV/lmp_v3
구조 31개 UFF4MOF 이완 + Zeo++

  staging 30종 -> /home/skyjun/mof_project/21_ZIF69_MTV/structures_v3_stage
  대상 31종
  STRUCT   /home/skyjun/mof_project/21_ZIF69_MTV/structures_v3_stage
  결과     /home/skyjun/mof_project/21_ZIF69_MTV/risk_results_v3.json
  워커     3  (Zeo++ 3.2 GB/건)

대상: risk_v3_index.json -> 31종, 작업 /home/skyjun/mof_project/21_ZIF69_MTV/lmp_v3
구조 31개 UFF4MOF 이완 + Zeo++

/home/skyjun/miniconda3/envs/lammps_mof/lib/python3.11/site-packages/ase/io/lammpsdata.py:72: FutureWarning: "style" is deprecated; please use "atom_style".
  warnings.warn(
/home/skyjun/miniconda3/envs/lammps_mof/lib/python3.11/site-packages/ase/io/lammpsdata.py:72: FutureWarning: "style" is deprecated; please use "atom_style".
  warnings.warn(
/home/skyjun/miniconda3/envs/lammps_mof/lib/python3.11/site-packages/ase/io/lammpsdata.py:72: FutureWarning: "style" is deprecated; please use "atom_style".
  warnings.warn(
/home/skyjun/miniconda3/envs/lammps_mof/lib/python3.11/site-packages/ase/io/lammpsdata.py:72: FutureWarning: "style" is deprecated; please use "atom_style".
  warnings.warn(
    brbIm025: 이완 산출물 재사용 (다시 돌리지 않음)
    brbIm050: 이완 산출물 재사용 (다시 돌리지 않음)
    brbIm025: 이완 산출물 재사용 (다시 돌리지 않음)
    brbIm050: 이완 산출물 재사용 (다시 돌리지 않음)
    base: group 1개 제거(상한 32), min_eval 1e-6 -> 1e-4, 바깥루프 <= 12, 안쪽반복 <= 2000
fatal: not a git repository (or any of the parent directories): .git
fatal: not a git repository (or any of the parent directories): .git
    [zeo res 실패] after: CalledProcessError
    [zeo res 실패] after: CalledProcessError
  [spawn 안전 실행기] 최상위에서 STRUCT 고정: /home/skyjun/mof_project/21_ZIF69_MTV/structures_v3_stage
  staging 30종 -> /home/skyjun/mof_project/21_ZIF69_MTV/structures_v3_stage
  대상 31종
  STRUCT   /home/skyjun/mof_project/21_ZIF69_MTV/structures_v3_stage
  결과     /home/skyjun/mof_project/21_ZIF69_MTV/risk_results_v3.json
  워커     2  (Zeo++ 3.2 GB/건)

대상: risk_v3_index.json -> 31종, 작업 /home/skyjun/mof_project/21_ZIF69_MTV/lmp_v3
구조 31개 UFF4MOF 이완 + Zeo++

/home/skyjun/miniconda3/envs/lammps_mof/lib/python3.11/site-packages/ase/io/lammpsdata.py:72: FutureWarning: "style" is deprecated; please use "atom_style".
  warnings.warn(
    brbIm025: 이완 산출물 재사용 (다시 돌리지 않음)
    base: group 1개 제거(상한 32), min_eval 1e-6 -> 1e-4, 바깥루프 <= 12, 안쪽반복 <= 2000
fatal: not a git repository (or any of the parent directories): .git
/home/skyjun/miniconda3/envs/lammps_mof/lib/python3.11/multiprocessing/resource_tracker.py:254: UserWarning: resource_tracker: There appear to be 5 leaked semaphore objects to clean up at shutdown
  warnings.warn('resource_tracker: There appear to be %d '
/home/skyjun/miniconda3/envs/lammps_mof/lib/python3.11/site-packages/ase/io/lammpsdata.py:72: FutureWarning: "style" is deprecated; please use "atom_style".
  warnings.warn(
    brbIm050: 이완 산출물 재사용 (다시 돌리지 않음)
/home/skyjun/miniconda3/envs/lammps_mof/lib/python3.11/site-packages/ase/io/lammpsdata.py:72: FutureWarning: "style" is deprecated; please use "atom_style".
  warnings.warn(
    brbIm075: 이완 산출물 재사용 (다시 돌리지 않음)
/home/skyjun/miniconda3/envs/lammps_mof/lib/python3.11/site-packages/ase/io/lammpsdata.py:72: FutureWarning: "style" is deprecated; please use "atom_style".
  warnings.warn(
    brbIm100: 이완 산출물 재사용 (다시 돌리지 않음)
    cf3Im025: group 1개 제거(상한 32), min_eval 1e-6 -> 1e-4, 바깥루프 <= 12, 안쪽반복 <= 2000
fatal: not a git repository (or any of the parent directories): .git
/home/skyjun/miniconda3/envs/lammps_mof/lib/python3.11/site-packages/ase/io/lammpsdata.py:72: FutureWarning: "style" is deprecated; please use "atom_style".
  warnings.warn(
  [                          ok] base
  [                          ok] brbIm025
  [                          ok] brbIm050
  [                          ok] brbIm075
  [                          ok] brbIm100
    cf3Im050: group 1개 제거(상한 32), min_eval 1e-6 -> 1e-4, 바깥루프 <= 12, 안쪽반복 <= 2000
fatal: not a git repository (or any of the parent directories): .git
/home/skyjun/miniconda3/envs/lammps_mof/lib/python3.11/site-packages/ase/io/lammpsdata.py:72: FutureWarning: "style" is deprecated; please use "atom_style".
  warnings.warn(
  [                          ok] cf3Im025
    cf3Im075: group 1개 제거(상한 32), min_eval 1e-6 -> 1e-4, 바깥루프 <= 12, 안쪽반복 <= 2000
fatal: not a git repository (or any of the parent directories): .git
/home/skyjun/miniconda3/envs/lammps_mof/lib/python3.11/site-packages/ase/io/lammpsdata.py:72: FutureWarning: "style" is deprecated; please use "atom_style".
  warnings.warn(
  [                          ok] cf3Im050
    cnbIm025: group 1개 제거(상한 32), min_eval 1e-6 -> 1e-4, 바깥루프 <= 12, 안쪽반복 <= 2000
fatal: not a git repository (or any of the parent directories): .git
/home/skyjun/miniconda3/envs/lammps_mof/lib/python3.11/site-packages/ase/io/lammpsdata.py:72: FutureWarning: "style" is deprecated; please use "atom_style".
  warnings.warn(
  [                          ok] cf3Im075
    cnbIm050: group 1개 제거(상한 32), min_eval 1e-6 -> 1e-4, 바깥루프 <= 12, 안쪽반복 <= 2000
fatal: not a git repository (or any of the parent directories): .git
/home/skyjun/miniconda3/envs/lammps_mof/lib/python3.11/site-packages/ase/io/lammpsdata.py:72: FutureWarning: "style" is deprecated; please use "atom_style".
  warnings.warn(
  [spawn 안전 실행기] 최상위에서 STRUCT 고정: /home/skyjun/mof_project/21_ZIF69_MTV/structures_v3_stage
  staging 30종 -> /home/skyjun/mof_project/21_ZIF69_MTV/structures_v3_stage
  대상 31종
  STRUCT   /home/skyjun/mof_project/21_ZIF69_MTV/structures_v3_stage
  결과     /home/skyjun/mof_project/21_ZIF69_MTV/risk_results_v3.json
  워커     2  (Zeo++ 3.2 GB/건)

대상: risk_v3_index.json -> 31종, 작업 /home/skyjun/mof_project/21_ZIF69_MTV/lmp_v3
구조 31개 UFF4MOF 이완 + Zeo++

/home/skyjun/miniconda3/envs/lammps_mof/lib/python3.11/site-packages/ase/io/lammpsdata.py:72: FutureWarning: "style" is deprecated; please use "atom_style".
  warnings.warn(
/home/skyjun/miniconda3/envs/lammps_mof/lib/python3.11/site-packages/ase/io/lammpsdata.py:72: FutureWarning: "style" is deprecated; please use "atom_style".
  warnings.warn(
    brbIm025: 이완 산출물 재사용 (다시 돌리지 않음)
    base: 이완 산출물 재사용 (다시 돌리지 않음)
  [                          ok] base
  [                          ok] brbIm025
/home/skyjun/miniconda3/envs/lammps_mof/lib/python3.11/site-packages/ase/io/lammpsdata.py:72: FutureWarning: "style" is deprecated; please use "atom_style".
  warnings.warn(
    brbIm050: 이완 산출물 재사용 (다시 돌리지 않음)
/home/skyjun/miniconda3/envs/lammps_mof/lib/python3.11/site-packages/ase/io/lammpsdata.py:72: FutureWarning: "style" is deprecated; please use "atom_style".
  warnings.warn(
    brbIm075: 이완 산출물 재사용 (다시 돌리지 않음)
  [                          ok] brbIm050
  [                          ok] brbIm075
/home/skyjun/miniconda3/envs/lammps_mof/lib/python3.11/site-packages/ase/io/lammpsdata.py:72: FutureWarning: "style" is deprecated; please use "atom_style".
  warnings.warn(
    brbIm100: 이완 산출물 재사용 (다시 돌리지 않음)
/home/skyjun/miniconda3/envs/lammps_mof/lib/python3.11/site-packages/ase/io/lammpsdata.py:72: FutureWarning: "style" is deprecated; please use "atom_style".
  warnings.warn(
    cf3Im025: 이완 산출물 재사용 (다시 돌리지 않음)
  [                          ok] brbIm100
  [                          ok] cf3Im025
/home/skyjun/miniconda3/envs/lammps_mof/lib/python3.11/site-packages/ase/io/lammpsdata.py:72: FutureWarning: "style" is deprecated; please use "atom_style".
  warnings.warn(
    cf3Im050: 이완 산출물 재사용 (다시 돌리지 않음)
/home/skyjun/miniconda3/envs/lammps_mof/lib/python3.11/site-packages/ase/io/lammpsdata.py:72: FutureWarning: "style" is deprecated; please use "atom_style".
  warnings.warn(
    cf3Im075: 이완 산출물 재사용 (다시 돌리지 않음)
  [                          ok] cf3Im050
/home/skyjun/miniconda3/envs/lammps_mof/lib/python3.11/site-packages/ase/io/lammpsdata.py:72: FutureWarning: "style" is deprecated; please use "atom_style".
  warnings.warn(
    cnbIm025: 이완 산출물 재사용 (다시 돌리지 않음)
  [                          ok] cf3Im075
    cnbIm050: group 1개 제거(상한 32), min_eval 1e-6 -> 1e-4, 바깥루프 <= 12, 안쪽반복 <= 2000
fatal: not a git repository (or any of the parent directories): .git
  [                          ok] cnbIm025
    cnbIm075: group 1개 제거(상한 32), min_eval 1e-6 -> 1e-4, 바깥루프 <= 12, 안쪽반복 <= 2000
fatal: not a git repository (or any of the parent directories): .git
/home/skyjun/miniconda3/envs/lammps_mof/lib/python3.11/site-packages/ase/io/lammpsdata.py:72: FutureWarning: "style" is deprecated; please use "atom_style".
  warnings.warn(
  [                          ok] cnbIm050
    cnbIm100: group 1개 제거(상한 32), min_eval 1e-6 -> 1e-4, 바깥루프 <= 12, 안쪽반복 <= 2000
fatal: not a git repository (or any of the parent directories): .git
/home/skyjun/miniconda3/envs/lammps_mof/lib/python3.11/site-packages/ase/io/lammpsdata.py:72: FutureWarning: "style" is deprecated; please use "atom_style".
  warnings.warn(
  [                          ok] cnbIm075
    fbIm025: group 1개 제거(상한 32), min_eval 1e-6 -> 1e-4, 바깥루프 <= 12, 안쪽반복 <= 2000
fatal: not a git repository (or any of the parent directories): .git
/home/skyjun/miniconda3/envs/lammps_mof/lib/python3.11/site-packages/ase/io/lammpsdata.py:72: FutureWarning: "style" is deprecated; please use "atom_style".
  warnings.warn(
/home/skyjun/miniconda3/envs/lammps_mof/lib/python3.11/site-packages/ase/io/lammpsdata.py:72: FutureWarning: "style" is deprecated; please use "atom_style".
  warnings.warn(
  [                          ok] cnbIm100
    fbIm050: group 1개 제거(상한 32), min_eval 1e-6 -> 1e-4, 바깥루프 <= 12, 안쪽반복 <= 2000
fatal: not a git repository (or any of the parent directories): .git
  [                          ok] fbIm025
    fbIm075: group 1개 제거(상한 32), min_eval 1e-6 -> 1e-4, 바깥루프 <= 12, 안쪽반복 <= 2000
fatal: not a git repository (or any of the parent directories): .git
/home/skyjun/miniconda3/envs/lammps_mof/lib/python3.11/site-packages/ase/io/lammpsdata.py:72: FutureWarning: "style" is deprecated; please use "atom_style".
  warnings.warn(
/home/skyjun/miniconda3/envs/lammps_mof/lib/python3.11/site-packages/ase/io/lammpsdata.py:72: FutureWarning: "style" is deprecated; please use "atom_style".
  warnings.warn(
  [                          ok] fbIm050
    fbIm100: group 1개 제거(상한 32), min_eval 1e-6 -> 1e-4, 바깥루프 <= 12, 안쪽반복 <= 2000
fatal: not a git repository (or any of the parent directories): .git
  [                          ok] fbIm075
    mbIm025: group 1개 제거(상한 32), min_eval 1e-6 -> 1e-4, 바깥루프 <= 12, 안쪽반복 <= 2000
fatal: not a git repository (or any of the parent directories): .git
/home/skyjun/miniconda3/envs/lammps_mof/lib/python3.11/site-packages/ase/io/lammpsdata.py:72: FutureWarning: "style" is deprecated; please use "atom_style".
  warnings.warn(
/home/skyjun/miniconda3/envs/lammps_mof/lib/python3.11/site-packages/ase/io/lammpsdata.py:72: FutureWarning: "style" is deprecated; please use "atom_style".
  warnings.warn(
  [                          ok] fbIm100
    mbIm050: group 1개 제거(상한 32), min_eval 1e-6 -> 1e-4, 바깥루프 <= 12, 안쪽반복 <= 2000
fatal: not a git repository (or any of the parent directories): .git
  [                          ok] mbIm025
    mbIm075: group 1개 제거(상한 32), min_eval 1e-6 -> 1e-4, 바깥루프 <= 12, 안쪽반복 <= 2000
fatal: not a git repository (or any of the parent directories): .git
/home/skyjun/miniconda3/envs/lammps_mof/lib/python3.11/site-packages/ase/io/lammpsdata.py:72: FutureWarning: "style" is deprecated; please use "atom_style".
  warnings.warn(
  [                          ok] mbIm050
    mbIm100: group 1개 제거(상한 32), min_eval 1e-6 -> 1e-4, 바깥루프 <= 12, 안쪽반복 <= 2000
fatal: not a git repository (or any of the parent directories): .git
/home/skyjun/miniconda3/envs/lammps_mof/lib/python3.11/site-packages/ase/io/lammpsdata.py:72: FutureWarning: "style" is deprecated; please use "atom_style".
  warnings.warn(
  [                          ok] mbIm075
    mslm025: group 1개 제거(상한 32), min_eval 1e-6 -> 1e-4, 바깥루프 <= 12, 안쪽반복 <= 2000
fatal: not a git repository (or any of the parent directories): .git
/home/skyjun/miniconda3/envs/lammps_mof/lib/python3.11/site-packages/ase/io/lammpsdata.py:72: FutureWarning: "style" is deprecated; please use "atom_style".
  warnings.warn(
/home/skyjun/miniconda3/envs/lammps_mof/lib/python3.11/site-packages/ase/io/lammpsdata.py:72: FutureWarning: "style" is deprecated; please use "atom_style".
  warnings.warn(
  [                          ok] mbIm100
    mslm050: group 1개 제거(상한 32), min_eval 1e-6 -> 1e-4, 바깥루프 <= 12, 안쪽반복 <= 2000
fatal: not a git repository (or any of the parent directories): .git
  [                          ok] mslm025
    mslm075: group 1개 제거(상한 32), min_eval 1e-6 -> 1e-4, 바깥루프 <= 12, 안쪽반복 <= 2000
fatal: not a git repository (or any of the parent directories): .git
/home/skyjun/miniconda3/envs/lammps_mof/lib/python3.11/site-packages/ase/io/lammpsdata.py:72: FutureWarning: "style" is deprecated; please use "atom_style".
  warnings.warn(
  [                          ok] mslm050
    nbIm025: group 1개 제거(상한 32), min_eval 1e-6 -> 1e-4, 바깥루프 <= 12, 안쪽반복 <= 2000
fatal: not a git repository (or any of the parent directories): .git
/home/skyjun/miniconda3/envs/lammps_mof/lib/python3.11/site-packages/ase/io/lammpsdata.py:72: FutureWarning: "style" is deprecated; please use "atom_style".
  warnings.warn(
  [                          ok] mslm075
    nbIm050: group 1개 제거(상한 32), min_eval 1e-6 -> 1e-4, 바깥루프 <= 12, 안쪽반복 <= 2000
fatal: not a git repository (or any of the parent directories): .git
/home/skyjun/miniconda3/envs/lammps_mof/lib/python3.11/site-packages/ase/io/lammpsdata.py:72: FutureWarning: "style" is deprecated; please use "atom_style".
  warnings.warn(
  [                          ok] nbIm025
    nbIm075: group 1개 제거(상한 32), min_eval 1e-6 -> 1e-4, 바깥루프 <= 12, 안쪽반복 <= 2000
fatal: not a git repository (or any of the parent directories): .git
/home/skyjun/miniconda3/envs/lammps_mof/lib/python3.11/site-packages/ase/io/lammpsdata.py:72: FutureWarning: "style" is deprecated; please use "atom_style".
  warnings.warn(
  [                          ok] nbIm050
    nbIm100: group 1개 제거(상한 32), min_eval 1e-6 -> 1e-4, 바깥루프 <= 12, 안쪽반복 <= 2000
fatal: not a git repository (or any of the parent directories): .git
/home/skyjun/miniconda3/envs/lammps_mof/lib/python3.11/site-packages/ase/io/lammpsdata.py:72: FutureWarning: "style" is deprecated; please use "atom_style".
  warnings.warn(
  [                          ok] nbIm075
    saIm025: group 1개 제거(상한 32), min_eval 1e-6 -> 1e-4, 바깥루프 <= 12, 안쪽반복 <= 2000
fatal: not a git repository (or any of the parent directories): .git
/home/skyjun/miniconda3/envs/lammps_mof/lib/python3.11/site-packages/ase/io/lammpsdata.py:72: FutureWarning: "style" is deprecated; please use "atom_style".
  warnings.warn(
  [                          ok] nbIm100
    saIm050: group 1개 제거(상한 32), min_eval 1e-6 -> 1e-4, 바깥루프 <= 12, 안쪽반복 <= 2000
fatal: not a git repository (or any of the parent directories): .git
/home/skyjun/miniconda3/envs/lammps_mof/lib/python3.11/site-packages/ase/io/lammpsdata.py:72: FutureWarning: "style" is deprecated; please use "atom_style".
  warnings.warn(
  [                          ok] saIm025
    saIm075: group 1개 제거(상한 32), min_eval 1e-6 -> 1e-4, 바깥루프 <= 12, 안쪽반복 <= 2000
fatal: not a git repository (or any of the parent directories): .git
/home/skyjun/miniconda3/envs/lammps_mof/lib/python3.11/site-packages/ase/io/lammpsdata.py:72: FutureWarning: "style" is deprecated; please use "atom_style".
  warnings.warn(
  [                          ok] saIm050
    saIm100: group 1개 제거(상한 32), min_eval 1e-6 -> 1e-4, 바깥루프 <= 12, 안쪽반복 <= 2000
fatal: not a git repository (or any of the parent directories): .git
/home/skyjun/miniconda3/envs/lammps_mof/lib/python3.11/site-packages/ase/io/lammpsdata.py:72: FutureWarning: "style" is deprecated; please use "atom_style".
  warnings.warn(
  [                          ok] saIm075
/home/skyjun/miniconda3/envs/lammps_mof/lib/python3.11/site-packages/ase/io/lammpsdata.py:72: FutureWarning: "style" is deprecated; please use "atom_style".
  warnings.warn(
  [                          ok] saIm100

==============================================================================================================================
조성             PLD(전)     AV(전)   LCD(전)   LCD(후)    LCD감소%      최소거리    루프      EDiff  판정
------------------------------------------------------------------------------------------------------------------------------
base            5.157    1232.2    8.898    7.631       0.0     1.079    12      0.854  통과 *덜수렴
brbIm025        5.032    1234.5    9.002    7.489       1.9     1.079    12       1.62  통과 *덜수렴
brbIm050        4.638    1173.9    8.838    7.369       3.4     1.079    12       1.08  통과 *덜수렴
brbIm075        4.644    1140.1    8.830    7.094       7.0     1.079    12      0.666  통과 *덜수렴
brbIm100        4.652    1116.7    8.809    7.044       7.7     1.079    12       0.68  통과 *덜수렴
cf3Im025        5.210    1336.8    9.338    7.534       1.3     1.078    12      0.988  통과 *덜수렴
cf3Im050        4.785    1182.5    8.717    7.279       4.6     1.078    12       1.63  통과 *덜수렴
cf3Im075        4.682    1031.5    8.387    7.033       7.8     1.078    12      0.654  통과 *덜수렴
cnbIm025        5.246    1419.8    9.652    7.345       3.7     1.079    12       1.71  통과 *덜수렴
cnbIm050        4.960    1402.6    9.692    7.143       6.4     1.079    12      0.443  통과 *덜수렴
cnbIm075        5.031    1383.2    9.721    7.078       7.3     1.079    12      0.433  통과 *덜수렴
cnbIm100        5.003    1323.7    9.570    6.874       9.9     1.080    12       1.21  통과 *덜수렴
fbIm025         5.200    1301.4    9.028    7.678      -0.6     1.079    12      0.302  통과 *덜수렴
fbIm050         5.192    1351.7    9.018    8.673     -13.7     1.079    12        0.2  통과 *덜수렴
fbIm075         5.577    1418.0    9.003    9.039     -18.4     1.079    12      0.148  통과 *덜수렴
fbIm100         6.292    1475.2    9.284    9.406     -23.3     1.081    12     0.0292  통과 *덜수렴
mbIm025         5.222    1415.7    9.388    7.672      -0.5     1.079    12      0.166  통과 *덜수렴
mbIm050         4.848    1217.9    8.838    7.704      -1.0     1.079    12     0.0574  통과 *덜수렴
mbIm075         4.917    1234.5    8.783    9.185     -20.4     1.079    12     0.0861  통과 *덜수렴
mbIm100         4.936    1211.0    8.718    9.224     -20.9     1.080    12     0.0832  통과 *덜수렴
mslm025         4.583    1195.6    8.582    7.231       5.2     1.077    12       1.33  통과 *덜수렴
mslm050         3.940     451.7    7.498    7.122       6.7     1.075    12      0.474  통과 *덜수렴
mslm075         3.635     854.8    9.209    5.977      21.7     1.076    12       1.45  탈락: LCD_drop *덜수렴
nbIm025         4.921    1483.2    9.987    7.612       0.3     1.079    12       1.03  통과 *덜수렴
nbIm050         4.515    1419.8    9.683    7.639      -0.1     1.079    12      0.395  통과 *덜수렴
nbIm075         5.343    1411.2   10.502    7.558       1.0     1.079    12       1.86  통과 *덜수렴
nbIm100         5.554    1414.6   10.247    7.455       2.3     1.076    12      0.298  통과 *덜수렴
saIm025         4.479    1290.0    9.359    7.121       6.7     0.990    12      0.911  통과 *덜수렴
saIm050         4.495    1084.7   10.153    6.582      13.8     0.990    12      0.854  통과 *덜수렴
saIm075         3.747     923.4    9.408    6.085      20.3     0.990    12       1.79  탈락: LCD_drop *덜수렴
saIm100         4.229     723.3    8.910    5.914      22.5     0.990    12       1.34  탈락: LCD_drop *덜수렴

[OK] risk_results_v3.json

주: PLD/AV 는 이완 **전**, LCD 감소·최소거리는 이완 **후** 값으로 판정했습니다 (MIGRATION.md 3-6).
