RH90 유지율 재계산 — **v3w 계열** (수정 힘장)
  HERE /home/leehk/mof_project/21_ZIF69_MTV/v3w_water_ruler_sa25nb75e4
  RUNS /home/leehk/mof_project/21_ZIF69_MTV/water_runs_v3w_ruler_sa25nb75e4
  CHARGED /home/leehk/mof_project/21_ZIF69_MTV/charged_v3
  RH [0.0, 0.9] · 워커 1 · 대상 1종  [--only]: sa25nb75e4
  [파일 관문] /home/leehk/RASPA/simulations/share/raspa/forcefield/UFF_MOF/force_field_mixing_rules.def
              md5 8e8ec933f9013c7e932da04dc256efd3  (**일치**)
구조 1개 x RH 2단계 중 실행 2개
CO2 0.15 bar 고정, 298 K, TIP5P-Ew(5사이트), 15000 사이클

RH90 유지율 재계산 — **v3w 계열** (수정 힘장)
  HERE /home/leehk/mof_project/21_ZIF69_MTV/v3w_water_ruler_sa25nb75e4
  RUNS /home/leehk/mof_project/21_ZIF69_MTV/water_runs_v3w_ruler_sa25nb75e4
  CHARGED /home/leehk/mof_project/21_ZIF69_MTV/charged_v3
  RH [0.0, 0.9] · 워커 1 · 대상 1종  [--only]: sa25nb75e4
  [파일 관문] /home/leehk/RASPA/simulations/share/raspa/forcefield/UFF_MOF/force_field_mixing_rules.def
              md5 8e8ec933f9013c7e932da04dc256efd3  (**일치**)
구조 1개 x RH 2단계 중 실행 2개
CO2 0.15 bar 고정, 298 K, TIP5P-Ew(5사이트), 15000 사이클

  [이어받기 시도] rh00_sa25nb75e4 — 체크포인트에서 분자 배치를 복원합니다 (진행도가 아니라 배치만 복원되므로 생산 사이클은 다시 돕니다).
  [              ok] RH  0% sa25nb75e4 CO2  0.9955  H2O   0.0000
