T-MTV-2w — 혼합 sa50nb50 의 습윤 배치 단위 (MAGI-002 §6-9-1 등록)
  HERE /home/skyjun/mof_project/21_ZIF69_MTV/v3w_water_sng_nb050
  RUNS /home/skyjun/mof_project/21_ZIF69_MTV/water_runs_v3w_sng_nb050
  CHARGED /home/skyjun/mof_project/21_ZIF69_MTV/charged_v3
  RH [0.9, 0.0] · 워커 5 · 대상 5종: nbIm050e1, nbIm050e2, nbIm050e3, nbIm050e4, nbIm050e5
  [파일 관문] /home/skyjun/RASPA/simulations/share/raspa/forcefield/UFF_MOF/force_field_mixing_rules.def
              md5 8e8ec933f9013c7e932da04dc256efd3  (**일치**)

=== 단계 RH 0.00 — 5건 동시 ===
구조 5개 x RH 1단계 중 실행 5개
CO2 0.15 bar 고정, 298 K, TIP5P-Ew(5사이트), 15000 사이클

  [              ok] RH  0% nbIm050e1  CO2  0.8371  H2O   0.0000
  [              ok] RH  0% nbIm050e2  CO2  0.8639  H2O   0.0000
  [              ok] RH  0% nbIm050e3  CO2  0.8255  H2O   0.0000
  [              ok] RH  0% nbIm050e4  CO2  0.8784  H2O   0.0000
  [              ok] RH  0% nbIm050e5  CO2  0.8470  H2O   0.0000

============================================================================================================
구조                                  RH         CO2 [mol/kg]         H2O [mol/kg]               건조대비   H2O/CO2
------------------------------------------------------------------------------------------------------------
NO2 50 % 실현 1 (T-MTV-2w″)           0%      0.8371 ± 0.0077      0.0000 ± 0.0000      100.0% (0.0σ)      0.00

NO2 50 % 실현 2 (T-MTV-2w″)           0%      0.8639 ± 0.0198      0.0000 ± 0.0000      100.0% (0.0σ)      0.00

NO2 50 % 실현 3 (T-MTV-2w″)           0%      0.8255 ± 0.0117      0.0000 ± 0.0000      100.0% (0.0σ)      0.00

NO2 50 % 실현 4 (T-MTV-2w″)           0%      0.8784 ± 0.0124      0.0000 ± 0.0000      100.0% (0.0σ)      0.00

NO2 50 % 실현 5 (T-MTV-2w″)           0%      0.8470 ± 0.0157      0.0000 ± 0.0000      100.0% (0.0σ)      0.00

[OK] water_results.json — 이번 실행 5행, 보존 0행, 합계 5행

판정 기준(19_WaterCompetition 과 동일, 계산 전 확정):
  RH90 유지율 80% 이상 -> 유효 / 50~80% -> 조건부(전처리 건조 비용) / 50% 미만 -> 종료
  차이의 유의성은 1.5σ 를 기준으로 본다.

=== 단계 RH 0.90 — 5건 동시 ===
이어받기: 완료 5개 건너뜀
구조 5개 x RH 1단계 중 실행 5개
CO2 0.15 bar 고정, 298 K, TIP5P-Ew(5사이트), 15000 사이클

  [              ok] RH 90% nbIm050e1  CO2  0.8131  H2O   0.0939
  [              ok] RH 90% nbIm050e2  CO2  0.8300  H2O   0.1549
  [              ok] RH 90% nbIm050e3  CO2  0.8092  H2O   0.0751
  [              ok] RH 90% nbIm050e4  CO2  0.8304  H2O   0.1590
  [              ok] RH 90% nbIm050e5  CO2  0.8118  H2O   0.1381

============================================================================================================
구조                                  RH         CO2 [mol/kg]         H2O [mol/kg]               건조대비   H2O/CO2
------------------------------------------------------------------------------------------------------------
NO2 50 % 실현 1 (T-MTV-2w″)          90%      0.8131 ± 0.0094      0.0939 ± 0.0097       97.1% (2.0σ)      0.12

NO2 50 % 실현 2 (T-MTV-2w″)          90%      0.8300 ± 0.0093      0.1549 ± 0.0244       96.1% (1.6σ)      0.19

NO2 50 % 실현 3 (T-MTV-2w″)          90%      0.8092 ± 0.0183      0.0751 ± 0.0115       98.0% (0.8σ)      0.09

NO2 50 % 실현 4 (T-MTV-2w″)          90%      0.8304 ± 0.0116      0.1590 ± 0.0094       94.5% (2.8σ)      0.19

NO2 50 % 실현 5 (T-MTV-2w″)          90%      0.8118 ± 0.0149      0.1381 ± 0.0128       95.9% (1.6σ)      0.17

[OK] water_results.json — 이번 실행 5행, 보존 5행, 합계 10행

판정 기준(19_WaterCompetition 과 동일, 계산 전 확정):
  RH90 유지율 80% 이상 -> 유효 / 50~80% -> 조건부(전처리 건조 비용) / 50% 미만 -> 종료
  차이의 유의성은 1.5σ 를 기준으로 본다.
  기기 태그 사본 water_results_desktop-nvsrr9m.json — 10행
  난수 씨앗 회수 10/10행 · 힘장 확인 **10/10행 통과**
