T-MTV-2w — 혼합 sa50nb50 의 습윤 배치 단위 (MAGI-002 §6-9-1 등록)
  HERE /home/skyjun/mof_project/21_ZIF69_MTV/v3w_water_sng050
  RUNS /home/skyjun/mof_project/21_ZIF69_MTV/water_runs_v3w_sng050
  CHARGED /home/skyjun/mof_project/21_ZIF69_MTV/charged_v3
  RH [0.9, 0.0] · 워커 4 · 대상 5종: saIm050e1, saIm050e2, saIm050e3, saIm050e4, saIm050e5
  [파일 관문] /home/skyjun/RASPA/simulations/share/raspa/forcefield/UFF_MOF/force_field_mixing_rules.def
              md5 8e8ec933f9013c7e932da04dc256efd3  (**일치**)

=== 단계 RH 0.00 — 5건 동시 ===
구조 5개 x RH 1단계 중 실행 5개
CO2 0.15 bar 고정, 298 K, TIP5P-Ew(5사이트), 15000 사이클

  [              ok] RH  0% saIm050e1  CO2  1.2518  H2O   0.0000
  [              ok] RH  0% saIm050e2  CO2  1.0660  H2O   0.0000
  [              ok] RH  0% saIm050e3  CO2  1.2603  H2O   0.0000
  [              ok] RH  0% saIm050e4  CO2  1.1473  H2O   0.0000
  [              ok] RH  0% saIm050e5  CO2  1.2542  H2O   0.0000

============================================================================================================
구조                                  RH         CO2 [mol/kg]         H2O [mol/kg]               건조대비   H2O/CO2
------------------------------------------------------------------------------------------------------------
SO3H 50 % 실현 1 (T-MTV-2w′)          0%      1.2518 ± 0.0226      0.0000 ± 0.0000      100.0% (0.0σ)      0.00

SO3H 50 % 실현 2 (T-MTV-2w′)          0%      1.0660 ± 0.0172      0.0000 ± 0.0000      100.0% (0.0σ)      0.00

SO3H 50 % 실현 3 (T-MTV-2w′)          0%      1.2603 ± 0.0258      0.0000 ± 0.0000      100.0% (0.0σ)      0.00

SO3H 50 % 실현 4 (T-MTV-2w′)          0%      1.1473 ± 0.0142      0.0000 ± 0.0000      100.0% (0.0σ)      0.00

SO3H 50 % 실현 5 (T-MTV-2w′)          0%      1.2542 ± 0.0215      0.0000 ± 0.0000      100.0% (0.0σ)      0.00

[OK] water_results.json — 이번 실행 5행, 보존 0행, 합계 5행

판정 기준(19_WaterCompetition 과 동일, 계산 전 확정):
  RH90 유지율 80% 이상 -> 유효 / 50~80% -> 조건부(전처리 건조 비용) / 50% 미만 -> 종료
  차이의 유의성은 1.5σ 를 기준으로 본다.

=== 단계 RH 0.90 — 5건 동시 ===
이어받기: 완료 5개 건너뜀
구조 5개 x RH 1단계 중 실행 5개
CO2 0.15 bar 고정, 298 K, TIP5P-Ew(5사이트), 15000 사이클

  [              ok] RH 90% saIm050e1  CO2  0.8737  H2O   1.6135
  [              ok] RH 90% saIm050e2  CO2  0.9265  H2O   0.6645
  [              ok] RH 90% saIm050e3  CO2  1.0094  H2O   0.8653
  [              ok] RH 90% saIm050e4  CO2  1.0352  H2O   0.7050
  [              ok] RH 90% saIm050e5  CO2  1.1325  H2O   0.6454

============================================================================================================
구조                                  RH         CO2 [mol/kg]         H2O [mol/kg]               건조대비   H2O/CO2
------------------------------------------------------------------------------------------------------------
SO3H 50 % 실현 1 (T-MTV-2w′)         90%      0.8737 ± 0.0231      1.6135 ± 0.0478       69.8% (11.7σ)      1.85

SO3H 50 % 실현 2 (T-MTV-2w′)         90%      0.9265 ± 0.0194      0.6645 ± 0.0528       86.9% (5.4σ)      0.72

SO3H 50 % 실현 3 (T-MTV-2w′)         90%      1.0094 ± 0.0128      0.8653 ± 0.0816       80.1% (8.7σ)      0.86

SO3H 50 % 실현 4 (T-MTV-2w′)         90%      1.0352 ± 0.0142      0.7050 ± 0.1435       90.2% (5.6σ)      0.68

SO3H 50 % 실현 5 (T-MTV-2w′)         90%      1.1325 ± 0.0124      0.6454 ± 0.0771       90.3% (4.9σ)      0.57

[OK] water_results.json — 이번 실행 5행, 보존 5행, 합계 10행

판정 기준(19_WaterCompetition 과 동일, 계산 전 확정):
  RH90 유지율 80% 이상 -> 유효 / 50~80% -> 조건부(전처리 건조 비용) / 50% 미만 -> 종료
  차이의 유의성은 1.5σ 를 기준으로 본다.
  기기 태그 사본 water_results_desktop-nvsrr9m.json — 10행
  난수 씨앗 회수 10/10행 · 힘장 확인 **10/10행 통과**
