T-MTV-2w — 혼합 sa50nb50 의 습윤 배치 단위 (MAGI-002 §6-9-1 등록)
  HERE /home/skyjun/mof_project/21_ZIF69_MTV/v3w_water_mix
  RUNS /home/skyjun/mof_project/21_ZIF69_MTV/water_runs_v3w_mix
  CHARGED /home/skyjun/mof_project/21_ZIF69_MTV/charged_v3
  RH [0.9, 0.0] · 워커 5 · 대상 5종: sa50nb50e1, sa50nb50e2, sa50nb50e3, sa50nb50e4, sa50nb50e5
  [파일 관문] /home/skyjun/RASPA/simulations/share/raspa/forcefield/UFF_MOF/force_field_mixing_rules.def
              md5 8e8ec933f9013c7e932da04dc256efd3  (**일치**)

=== 단계 RH 0.90 — 5건 동시 ===
구조 5개 x RH 1단계 중 실행 5개
CO2 0.15 bar 고정, 298 K, TIP5P-Ew(5사이트), 15000 사이클

  [              ok] RH 90% sa50nb50e1 CO2  0.8164  H2O   0.1072
  [              ok] RH 90% sa50nb50e2 CO2  0.8983  H2O   1.1574
  [              ok] RH 90% sa50nb50e3 CO2  0.9954  H2O   0.8012
  [              ok] RH 90% sa50nb50e4 CO2  0.9899  H2O   0.8369
  [              ok] RH 90% sa50nb50e5 CO2  0.8538  H2O   0.3903

============================================================================================================
구조                                  RH         CO2 [mol/kg]         H2O [mol/kg]               건조대비   H2O/CO2
------------------------------------------------------------------------------------------------------------
saIm 12 + nbIm 12 실현 1             90%      0.8164 ± 0.0184      0.1072 ± 0.0135        nan% (nanσ)      0.13

saIm 12 + nbIm 12 실현 2             90%      0.8983 ± 0.0309      1.1574 ± 0.1518        nan% (nanσ)      1.29

saIm 12 + nbIm 12 실현 3             90%      0.9954 ± 0.0202      0.8012 ± 0.0274        nan% (nanσ)      0.80

saIm 12 + nbIm 12 실현 4             90%      0.9899 ± 0.0355      0.8369 ± 0.0361        nan% (nanσ)      0.85

saIm 12 + nbIm 12 실현 5             90%      0.8538 ± 0.0238      0.3903 ± 0.0404        nan% (nanσ)      0.46

[OK] water_results.json — 이번 실행 5행, 보존 0행, 합계 5행

판정 기준(19_WaterCompetition 과 동일, 계산 전 확정):
  RH90 유지율 80% 이상 -> 유효 / 50~80% -> 조건부(전처리 건조 비용) / 50% 미만 -> 종료
  차이의 유의성은 1.5σ 를 기준으로 본다.

=== 단계 RH 0.00 — 5건 동시 ===
이어받기: 완료 5개 건너뜀
구조 5개 x RH 1단계 중 실행 5개
CO2 0.15 bar 고정, 298 K, TIP5P-Ew(5사이트), 15000 사이클

  [              ok] RH  0% sa50nb50e1 CO2  0.8299  H2O   0.0000
  [              ok] RH  0% sa50nb50e2 CO2  1.1596  H2O   0.0000
  [              ok] RH  0% sa50nb50e3 CO2  1.2381  H2O   0.0000
  [              ok] RH  0% sa50nb50e4 CO2  1.2569  H2O   0.0000
  [              ok] RH  0% sa50nb50e5 CO2  0.8801  H2O   0.0000

============================================================================================================
구조                                  RH         CO2 [mol/kg]         H2O [mol/kg]               건조대비   H2O/CO2
------------------------------------------------------------------------------------------------------------
saIm 12 + nbIm 12 실현 1              0%      0.8299 ± 0.0108      0.0000 ± 0.0000      100.0% (0.0σ)      0.00

saIm 12 + nbIm 12 실현 2              0%      1.1596 ± 0.0120      0.0000 ± 0.0000      100.0% (0.0σ)      0.00

saIm 12 + nbIm 12 실현 3              0%      1.2381 ± 0.0202      0.0000 ± 0.0000      100.0% (0.0σ)      0.00

saIm 12 + nbIm 12 실현 4              0%      1.2569 ± 0.0200      0.0000 ± 0.0000      100.0% (0.0σ)      0.00

saIm 12 + nbIm 12 실현 5              0%      0.8801 ± 0.0171      0.0000 ± 0.0000      100.0% (0.0σ)      0.00

[OK] water_results.json — 이번 실행 5행, 보존 5행, 합계 10행

판정 기준(19_WaterCompetition 과 동일, 계산 전 확정):
  RH90 유지율 80% 이상 -> 유효 / 50~80% -> 조건부(전처리 건조 비용) / 50% 미만 -> 종료
  차이의 유의성은 1.5σ 를 기준으로 본다.
  난수 씨앗 회수 10/10행 · 힘장 확인 **10/10행 통과**
