T-NF GCMC 드라이버 — 등록문 TNF_REGISTRATION_20260910.md
  CIF   /home/skyjun/mof_project/21_ZIF69_MTV/charged_v3/mbIm050_DDEC6.cif
  골격  mbIm050_DDEC6
  RUNS  /home/skyjun/mof_project/21_ZIF69_MTV/tnf0e_runs_mb50e100_s1
  OUT   /home/skyjun/mof_project/21_ZIF69_MTV/tnf_results_mb50e100_s1.json
  조건  298 K · CO2 0.15 bar · RH 90
  P_sat 3169.0 Pa  [--psat 로 지정]  ->  p_H2O RH90=2852.1 Pa
  복제  UnitCells 2 2 2  (수직 폭 22.59/22.59/19.41 A -> 45.18/45.18/38.82 A >= 24 A, 등록문 §0)
  [파일 관문] /home/skyjun/RASPA/simulations/share/raspa/forcefield/UFF_MOF/force_field_mixing_rules.def
              md5 8e8ec933f9013c7e932da04dc256efd3  (**일치**)
T-NF GCMC 드라이버 — 등록문 TNF_REGISTRATION_20260910.md
  CIF   /home/skyjun/mof_project/21_ZIF69_MTV/charged_v3/mbIm050_DDEC6.cif
  골격  mbIm050_DDEC6
  RUNS  /home/skyjun/mof_project/21_ZIF69_MTV/tnf0e_runs_mb50e100_s1
  OUT   /home/skyjun/mof_project/21_ZIF69_MTV/tnf_results_mb50e100_s1.json
  조건  298 K · CO2 0.15 bar · RH 90
  P_sat 3169.0 Pa  [--psat 로 지정]  ->  p_H2O RH90=2852.1 Pa
  복제  UnitCells 2 2 2  (수직 폭 22.59/22.59/19.41 A -> 45.18/45.18/38.82 A >= 24 A, 등록문 §0)
  [파일 관문] /home/skyjun/RASPA/simulations/share/raspa/forcefield/UFF_MOF/force_field_mixing_rules.def
              md5 8e8ec933f9013c7e932da04dc256efd3  (**일치**)
  [              ok] RH 90% CO2 0.5897336292  H2O 0.2517950717  seed 1789105239  ff_ok True
[OK] /home/skyjun/mof_project/21_ZIF69_MTV/tnf_results_mb50e100_s1.json — 이번 실행 1행, 합계 1행 (실패 0 · 머리말 관문 실패 0)
