### 1파: mbIm050 + saIm050 2026-09-11 14:40:23
=== 2026-09-11 14:40:23  mb50e050_s1  적재 652 ===
=== 2026-09-11 14:40:30  mb50e050_s2  적재 652 ===
=== 2026-09-11 14:40:37  mb50e100_s1  적재 1305 ===
=== 2026-09-11 14:40:44  mb50e100_s2  적재 1305 ===
=== 2026-09-11 14:40:51  sa50e050_s1  적재 695 ===
=== 2026-09-11 14:40:58  sa50e050_s2  적재 695 ===
--- 씨앗 대조 14:41:53 ---
    tnf0e_runs_mb50e050_s1  1789105224
    tnf0e_runs_mb50e050_s2  1789105232
    tnf0e_runs_mb50e100_s1  1789105239
    tnf0e_runs_mb50e100_s2  1789105246
    tnf0e_runs_sa50e050_s1  1789105253
    tnf0e_runs_sa50e050_s2  1789105260
--- (전부 달라야 합니다) ---
    rc=0 mb50e050_s1 18:55:54
    rc=0 mb50e100_s2 18:58:16
    rc=0 mb50e100_s1 18:59:30
    rc=0 mb50e050_s2 19:00:45
    rc=0 sa50e050_s2 22:27:24
    rc=0 sa50e050_s1 22:31:54
### 1파 끝 2026-09-11 22:31:54
### 2파: saIm050(100%) + nbIm050 2026-09-11 22:31:54
=== 2026-09-11 22:31:54  sa50e100_s1  적재 1391 ===
=== 2026-09-11 22:32:01  sa50e100_s2  적재 1391 ===
=== 2026-09-11 22:32:08  nb50e050_s1  적재 743 ===
=== 2026-09-11 22:32:15  nb50e050_s2  적재 743 ===
=== 2026-09-11 22:32:22  nb50e100_s1  적재 1486 ===
=== 2026-09-11 22:32:29  nb50e100_s2  적재 1486 ===
--- 씨앗 대조 22:33:24 ---
    tnf0e_runs_sa50e100_s1  1789133516
    tnf0e_runs_sa50e100_s2  1789133523
    tnf0e_runs_nb50e050_s1  1789133530
    tnf0e_runs_nb50e050_s2  1789133537
    tnf0e_runs_nb50e100_s1  1789133544
    tnf0e_runs_nb50e100_s2  1789133551
--- (전부 달라야 합니다) ---
    rc=0 nb50e050_s1 03:29:06
    rc=0 nb50e100_s1 03:29:44
    rc=0 nb50e100_s2 03:31:02
    rc=0 nb50e050_s2 03:38:51
    rc=0 sa50e100_s1 06:28:06
    rc=0 sa50e100_s2 06:30:16
### 2단계 12건 완료 2026-09-12 06:30:16
