분할 실행 — base RH90%
  조각 5개 x 생산 3000 = 15000 (총 사이클 불변)
  조각 0 만 초기화 5000, 조각 1~4 은 0 + RestartFile yes
  입력 /home/skyjun/mof_project/21_ZIF69_MTV/charged_v3/base_DDEC6.cif
  작업 /home/skyjun/mof_project/21_ZIF69_MTV/water_runs_v3w_chunk/rh90_base
  물 정의 사이트 5개 (TIP5P-Ew 는 5)
  [조각 0] 실행 중...
  [조각 0] CO2 0.5517 mol/kg
  [조각 1] 이어 넘기기 — 1개 이어 넘김
  [조각 1] 실행 중...
  [조각 1] CO2 0.5901 mol/kg
  [조각 2] 이어 넘기기 — 1개 이어 넘김
  [조각 2] 실행 중...
  [조각 2] CO2 0.5892 mol/kg
  [조각 3] 이어 넘기기 — 1개 이어 넘김
  [조각 3] 실행 중...
  [조각 3] CO2 0.6038 mol/kg
  [조각 4] 이어 넘기기 — 1개 이어 넘김
  [조각 4] 실행 중...
  [조각 4] CO2 0.5880 mol/kg

  조각별 CO2: ['0.5517', '0.5901', '0.5892', '0.6038', '0.5880']
  평균 0.5846  표본SD 0.0194  SEM 0.0087
  **CO2 = 0.5846 ± 0.0241 mol/kg** (95% CI, t(0.975,4)x SEM)
  사슬 연속성: ✅ 단조 추세 없음
  (판정은 CHUNKED_PROTOCOL_20260826.md 3절. 통짜 값과 대면 사람이 한다)
