분할 실행 — saIm050 RH90%
  조각 5개 x 생산 3000 = 15000 (총 사이클 불변)
  조각 0 만 초기화 5000, 조각 1~4 은 0 + RestartFile yes
  입력 /home/skyjun/mof_project/21_ZIF69_MTV/charged_v3/saIm050_DDEC6.cif
  작업 /home/skyjun/mof_project/21_ZIF69_MTV/water_runs_v3w_chunk/rh90_saIm050
  물 정의 사이트 5개 (TIP5P-Ew 는 5)
  [조각 0] 실행 중...
  [조각 0] CO2 1.1387 mol/kg
  [조각 1] 이어 넘기기 — 1개 이어 넘김
  [조각 1] 실행 중...
  [조각 1] CO2 1.1174 mol/kg
  [조각 2] 이어 넘기기 — 1개 이어 넘김
  [조각 2] 실행 중...
  [조각 2] CO2 1.1205 mol/kg
  [조각 3] 이어 넘기기 — 1개 이어 넘김
  [조각 3] 실행 중...
  [조각 3] CO2 1.1081 mol/kg
  [조각 4] 이어 넘기기 — 1개 이어 넘김
  [조각 4] 실행 중...
  [조각 4] CO2 1.1093 mol/kg

  조각별 CO2: ['1.1387', '1.1174', '1.1205', '1.1081', '1.1093']
  평균 1.1188  표본SD 0.0123  SEM 0.0055
  **CO2 = 1.1188 ± 0.0153 mol/kg** (95% CI, t(0.975,4)x SEM)
  사슬 연속성: ✅ 단조 추세 없음
  (판정은 CHUNKED_PROTOCOL_20260826.md 3절. 통짜 값과 대면 사람이 한다)
