수분 경쟁 — saIm0583 앙상블 e1~e5, RH0/RH90 (10작업)
  입력   /home/mangwon/mof_project/21_ZIF69_MTV/charged_v3
  작업   /home/mangwon/mof_project/21_ZIF69_MTV/water_runs_v3ens
  결과   /home/mangwon/mof_project/21_ZIF69_MTV/v3_water_ens/water_results.json
  워커   6
  대상   saIm0583e1 saIm0583e2 saIm0583e3 saIm0583e4 saIm0583e5
  RH     [0.9, 0.0]  (비싼 RH90 먼저 — LPT)
  물 정의 사이트 5개 (TIP5P-Ew 는 5)

구조 5개 x RH 2단계 중 실행 10개
CO2 0.15 bar 고정, 298 K, TIP5P-Ew(5사이트), 15000 사이클

  [              ok] RH 90% saIm0583e1 CO2  0.8149  H2O   1.4595
  [              ok] RH  0% saIm0583e1 CO2  1.2024  H2O   0.0000
  [              ok] RH 90% saIm0583e2 CO2  0.8267  H2O   1.2612
  [              ok] RH  0% saIm0583e2 CO2  1.0320  H2O   0.0000
  [              ok] RH 90% saIm0583e3 CO2  0.9130  H2O   1.2141
  [              ok] RH  0% saIm0583e3 CO2  1.2030  H2O   0.0000
  [              ok] RH 90% saIm0583e4 CO2  0.9059  H2O   1.4271
  [              ok] RH  0% saIm0583e4 CO2  1.2314  H2O   0.0000
  [              ok] RH 90% saIm0583e5 CO2  0.8942  H2O   0.8962
  [              ok] RH  0% saIm0583e5 CO2  1.1716  H2O   0.0000

============================================================================================================
구조                                  RH         CO2 [mol/kg]         H2O [mol/kg]               건조대비   H2O/CO2
------------------------------------------------------------------------------------------------------------
SO3H 58.3% 실현 1                    90%      0.8149 ± 0.0191      1.4595 ± 0.0390       67.8% (12.3σ)      1.79
SO3H 58.3% 실현 1                     0%      1.2024 ± 0.0251      0.0000 ± 0.0000      100.0% (0.0σ)      0.00

SO3H 58.3% 실현 2                    90%      0.8267 ± 0.0158      1.2612 ± 0.0693       80.1% (9.6σ)      1.53
SO3H 58.3% 실현 2                     0%      1.0320 ± 0.0143      0.0000 ± 0.0000      100.0% (0.0σ)      0.00

SO3H 58.3% 실현 3                    90%      0.9130 ± 0.0225      1.2141 ± 0.0372       75.9% (11.8σ)      1.33
SO3H 58.3% 실현 3                     0%      1.2030 ± 0.0097      0.0000 ± 0.0000      100.0% (0.0σ)      0.00

SO3H 58.3% 실현 4                    90%      0.9059 ± 0.0200      1.4271 ± 0.0449       73.6% (12.5σ)      1.58
SO3H 58.3% 실현 4                     0%      1.2314 ± 0.0168      0.0000 ± 0.0000      100.0% (0.0σ)      0.00

SO3H 58.3% 실현 5                    90%      0.8942 ± 0.0088      0.8962 ± 0.0419       76.3% (13.9σ)      1.00
SO3H 58.3% 실현 5                     0%      1.1716 ± 0.0179      0.0000 ± 0.0000      100.0% (0.0σ)      0.00

[OK] water_results.json

판정 기준(19_WaterCompetition 과 동일, 계산 전 확정):
  RH90 유지율 80% 이상 -> 유효 / 50~80% -> 조건부(전처리 건조 비용) / 50% 미만 -> 종료
  차이의 유의성은 1.5σ 를 기준으로 본다.
  기기명 사본 저장: /home/mangwon/mof_project/21_ZIF69_MTV/v3_water_ens/water_results_junseok.json
