수분 경쟁 v3 — 격자 나머지 3종 (12작업)
  입력   /home/skyjun/mof_project/21_ZIF69_MTV/charged_v3
  작업   /home/skyjun/mof_project/21_ZIF69_MTV/water_runs_v3grid
  결과   /home/skyjun/mof_project/21_ZIF69_MTV/v3_water_grid/water_results.json
  워커   8
  제외   saIm0583 (4코어 컨테이너가 별도로 돌림)
  대상   saIm0625 saIm0667 saIm0875
  물 정의 사이트 5개 (TIP5P-Ew 는 5)

구조 3개 x RH 4단계 중 실행 12개
CO2 0.15 bar 고정, 298 K, TIP5P-Ew(5사이트), 15000 사이클

  [              ok] RH  0% saIm0625   CO2  1.3804  H2O   0.0000
  [              ok] RH 25% saIm0625   CO2  1.1319  H2O   0.6983
  [              ok] RH 50% saIm0625   CO2  1.0658  H2O   0.9932
  [              ok] RH 90% saIm0625   CO2  0.9902  H2O   1.3691
  [              ok] RH  0% saIm0667   CO2  1.3682  H2O   0.0000
  [              ok] RH 25% saIm0667   CO2  1.1644  H2O   0.7363
  [              ok] RH 50% saIm0667   CO2  1.0971  H2O   1.0519
  [              ok] RH 90% saIm0667   CO2  1.0269  H2O   1.4337
  [              ok] RH  0% saIm0875   CO2  1.3031  H2O   0.0000
  [              ok] RH 25% saIm0875   CO2  1.1498  H2O   0.9239
  [              ok] RH 50% saIm0875   CO2  1.0582  H2O   1.3315
  [              ok] RH 90% saIm0875   CO2  0.9671  H2O   1.7094

============================================================================================================
구조                                  RH         CO2 [mol/kg]         H2O [mol/kg]               건조대비   H2O/CO2
------------------------------------------------------------------------------------------------------------
SO3H 62.5% (15/24)                  0%      1.3804 ± 0.0135      0.0000 ± 0.0000      100.0% (0.0σ)      0.00
SO3H 62.5% (15/24)                 25%      1.1319 ± 0.0189      0.6983 ± 0.0406       82.0% (10.7σ)      0.62
SO3H 62.5% (15/24)                 50%      1.0658 ± 0.0114      0.9932 ± 0.0365       77.2% (17.8σ)      0.93
SO3H 62.5% (15/24)                 90%      0.9902 ± 0.0223      1.3691 ± 0.0422       71.7% (14.9σ)      1.38

SO3H 66.7% (16/24)                  0%      1.3682 ± 0.0301      0.0000 ± 0.0000      100.0% (0.0σ)      0.00
SO3H 66.7% (16/24)                 25%      1.1644 ± 0.0258      0.7363 ± 0.0072       85.1% (5.1σ)      0.63
SO3H 66.7% (16/24)                 50%      1.0971 ± 0.0058      1.0519 ± 0.0423       80.2% (8.8σ)      0.96
SO3H 66.7% (16/24)                 90%      1.0269 ± 0.0387      1.4337 ± 0.0815       75.1% (7.0σ)      1.40

SO3H 87.5% (21/24)                  0%      1.3031 ± 0.0215      0.0000 ± 0.0000      100.0% (0.0σ)      0.00
SO3H 87.5% (21/24)                 25%      1.1498 ± 0.0240      0.9239 ± 0.0522       88.2% (4.8σ)      0.80
SO3H 87.5% (21/24)                 50%      1.0582 ± 0.0423      1.3315 ± 0.0775       81.2% (5.2σ)      1.26
SO3H 87.5% (21/24)                 90%      0.9671 ± 0.0482      1.7094 ± 0.0692       74.2% (6.4σ)      1.77

[OK] water_results.json

판정 기준(19_WaterCompetition 과 동일, 계산 전 확정):
  RH90 유지율 80% 이상 -> 유효 / 50~80% -> 조건부(전처리 건조 비용) / 50% 미만 -> 종료
  차이의 유의성은 1.5σ 를 기준으로 본다.
