수분 저압 확장 — RH 5/10/15%, 6조성 (18작업)
  입력   /home/skyjun/mof_project/21_ZIF69_MTV/charged_v3
  작업   /home/skyjun/mof_project/21_ZIF69_MTV/water_runs_lowrh
  결과   /home/skyjun/mof_project/21_ZIF69_MTV/v3_water_lowrh/water_results.json
  워커   8
  RH     [0.15, 0.1, 0.05]  (온셋 ≈0.30 아래)
  대상   base saIm050 saIm0583 sa50nb50 ms50nb50 sa25nb75
  물 정의 사이트 5개 (TIP5P-Ew 는 5)

구조 6개 x RH 3단계 중 실행 18개
CO2 0.15 bar 고정, 298 K, TIP5P-Ew(5사이트), 15000 사이클

  [              ok] RH 15% base       CO2  0.5917  H2O   0.1558
  [              ok] RH 10% base       CO2  0.5919  H2O   0.1255
  [              ok] RH  5% base       CO2  0.5769  H2O   0.0711
  [              ok] RH 15% saIm050    CO2  1.1157  H2O   0.2512
  [              ok] RH 10% saIm050    CO2  1.1410  H2O   0.1873
  [              ok] RH  5% saIm050    CO2  1.1867  H2O   0.1058
  [              ok] RH 15% saIm0583   CO2  1.1679  H2O   0.4456
  [              ok] RH 10% saIm0583   CO2  1.2012  H2O   0.3431
  [              ok] RH  5% saIm0583   CO2  1.2465  H2O   0.2097
  [              ok] RH 15% sa50nb50   CO2  1.0122  H2O   0.3459
  [              ok] RH 10% sa50nb50   CO2  1.0390  H2O   0.2623
  [              ok] RH  5% sa50nb50   CO2  1.0634  H2O   0.1497
  [              ok] RH 15% ms50nb50   CO2  0.7972  H2O   0.1793
  [              ok] RH 10% ms50nb50   CO2  0.8069  H2O   0.1283
  [              ok] RH  5% ms50nb50   CO2  0.8185  H2O   0.0948
  [              ok] RH 15% sa25nb75   CO2  0.8273  H2O   0.1674
  [              ok] RH 10% sa25nb75   CO2  0.8419  H2O   0.1368
  [              ok] RH  5% sa25nb75   CO2  0.8656  H2O   0.0835

============================================================================================================
구조                                  RH         CO2 [mol/kg]         H2O [mol/kg]               건조대비   H2O/CO2
------------------------------------------------------------------------------------------------------------
무치환 모체 — 대조군                       15%      0.5917 ± 0.0113      0.1558 ± 0.0093        nan% (nanσ)      0.26
무치환 모체 — 대조군                       10%      0.5919 ± 0.0096      0.1255 ± 0.0100        nan% (nanσ)      0.21
무치환 모체 — 대조군                        5%      0.5769 ± 0.0106      0.0711 ± 0.0098        nan% (nanσ)      0.12

SO3H 50%                           15%      1.1157 ± 0.0242      0.2512 ± 0.0107        nan% (nanσ)      0.23
SO3H 50%                           10%      1.1410 ± 0.0205      0.1873 ± 0.0110        nan% (nanσ)      0.16
SO3H 50%                            5%      1.1867 ± 0.0179      0.1058 ± 0.0118        nan% (nanσ)      0.09

SO3H 58.3% — 제약 하 1위               15%      1.1679 ± 0.0214      0.4456 ± 0.0236        nan% (nanσ)      0.38
SO3H 58.3% — 제약 하 1위               10%      1.2012 ± 0.0315      0.3431 ± 0.0243        nan% (nanσ)      0.29
SO3H 58.3% — 제약 하 1위                5%      1.2465 ± 0.0220      0.2097 ± 0.0169        nan% (nanσ)      0.17

SO3H 50% + NO2 50%                 15%      1.0122 ± 0.0193      0.3459 ± 0.0294        nan% (nanσ)      0.34
SO3H 50% + NO2 50%                 10%      1.0390 ± 0.0264      0.2623 ± 0.0150        nan% (nanσ)      0.25
SO3H 50% + NO2 50%                  5%      1.0634 ± 0.0227      0.1497 ± 0.0129        nan% (nanσ)      0.14

SO2CH3 50% + NO2 50% — 유지율 1위      15%      0.7972 ± 0.0136      0.1793 ± 0.0097        nan% (nanσ)      0.22
SO2CH3 50% + NO2 50% — 유지율 1위      10%      0.8069 ± 0.0181      0.1283 ± 0.0124        nan% (nanσ)      0.16
SO2CH3 50% + NO2 50% — 유지율 1위       5%      0.8185 ± 0.0230      0.0948 ± 0.0158        nan% (nanσ)      0.12

SO3H 25% + NO2 75%                 15%      0.8273 ± 0.0112      0.1674 ± 0.0195        nan% (nanσ)      0.20
SO3H 25% + NO2 75%                 10%      0.8419 ± 0.0156      0.1368 ± 0.0211        nan% (nanσ)      0.16
SO3H 25% + NO2 75%                  5%      0.8656 ± 0.0156      0.0835 ± 0.0144        nan% (nanσ)      0.10

[OK] water_results.json

판정 기준(19_WaterCompetition 과 동일, 계산 전 확정):
  RH90 유지율 80% 이상 -> 유효 / 50~80% -> 조건부(전처리 건조 비용) / 50% 미만 -> 종료
  차이의 유의성은 1.5σ 를 기준으로 본다.
  기기명 사본 저장: water_results_laptop.json
