수분 경쟁 — saIm0583 앙상블 e1·e2 RH25 (2작업)
  입력   /home/mangwon/mof_project/21_ZIF69_MTV/charged_v3
  작업   /home/mangwon/mof_project/21_ZIF69_MTV/water_runs_v3ens
  결과   /home/mangwon/mof_project/21_ZIF69_MTV/v3_water_ens/water_results.json  (앙상블과 같은 파일)
  워커   6
  대상   saIm0583e1 saIm0583e2   RH [0.25]
  순서 관문 통과 — 앙상블 10작업 완주 확인
  물 정의 사이트 5개 (TIP5P-Ew 는 5)

이어받기: 완료 10개 건너뜀
구조 2개 x RH 1단계 중 실행 2개
CO2 0.15 bar 고정, 298 K, TIP5P-Ew(5사이트), 15000 사이클

  [              ok] RH 25% saIm0583e1 CO2  0.9795  H2O   0.7148
  [              ok] RH 25% saIm0583e2 CO2  0.9285  H2O   0.5554

============================================================================================================
구조                                  RH         CO2 [mol/kg]         H2O [mol/kg]               건조대비   H2O/CO2
------------------------------------------------------------------------------------------------------------
SO3H 58.3% 실현 1 — RH25 온셋          25%      0.9795 ± 0.0230      0.7148 ± 0.0495       81.5% (6.6σ)      0.73

SO3H 58.3% 실현 2 — RH25 온셋          25%      0.9285 ± 0.0099      0.5554 ± 0.0373       90.0% (5.9σ)      0.60

[OK] water_results.json

판정 기준(19_WaterCompetition 과 동일, 계산 전 확정):
  RH90 유지율 80% 이상 -> 유효 / 50~80% -> 조건부(전처리 건조 비용) / 50% 미만 -> 종료
  차이의 유의성은 1.5σ 를 기준으로 본다.

  W25(e1) 0.7148 / W25(e2) 0.5554 mol/kg
  d = 0.1595  ->  배치에 견딤 — W25 를 순위 자 후보로 유지
  기기명 사본 저장: /home/mangwon/mof_project/21_ZIF69_MTV/v3_water_ens/water_results_junseok.json
