수분 경쟁 — v4 혼합 링커 3종 (12작업)
  입력   /home/skyjun/mof_project/21_ZIF69_MTV/charged_v3
  작업   /home/skyjun/mof_project/21_ZIF69_MTV/water_runs_v4mix
  결과   /home/skyjun/mof_project/21_ZIF69_MTV/v4_water_mix/water_results.json
  워커   8
  대상   sa50nb50 sa25nb75 ms50nb50
  물 정의 사이트 5개 (TIP5P-Ew 는 5)

구조 3개 x RH 4단계 중 실행 12개
CO2 0.15 bar 고정, 298 K, TIP5P-Ew(5사이트), 15000 사이클

  [              ok] RH  0% sa50nb50   CO2  1.1257  H2O   0.0000
  [              ok] RH 25% sa50nb50   CO2  0.9768  H2O   0.5280
  [              ok] RH 50% sa50nb50   CO2  0.9095  H2O   0.7709
  [              ok] RH 90% sa50nb50   CO2  0.8464  H2O   1.0957
  [              ok] RH  0% sa25nb75   CO2  0.8953  H2O   0.0000
  [              ok] RH 25% sa25nb75   CO2  0.8061  H2O   0.2641
  [              ok] RH 50% sa25nb75   CO2  0.7805  H2O   0.3660
  [              ok] RH 90% sa25nb75   CO2  0.7590  H2O   0.4829
  [              ok] RH  0% ms50nb50   CO2  0.8177  H2O   0.0000
  [              ok] RH 25% ms50nb50   CO2  0.7809  H2O   0.2635
  [              ok] RH 50% ms50nb50   CO2  0.7842  H2O   0.3846
  [              ok] RH 90% ms50nb50   CO2  0.7516  H2O   0.5574

============================================================================================================
구조                                  RH         CO2 [mol/kg]         H2O [mol/kg]               건조대비   H2O/CO2
------------------------------------------------------------------------------------------------------------
SO3H 50% + NO2 50% — 혼합, 술폰산 절반     0%      1.1257 ± 0.0110      0.0000 ± 0.0000      100.0% (0.0σ)      0.00
SO3H 50% + NO2 50% — 혼합, 술폰산 절반    25%      0.9768 ± 0.0290      0.5280 ± 0.0341       86.8% (4.8σ)      0.54
SO3H 50% + NO2 50% — 혼합, 술폰산 절반    50%      0.9095 ± 0.0196      0.7709 ± 0.0571       80.8% (9.6σ)      0.85
SO3H 50% + NO2 50% — 혼합, 술폰산 절반    90%      0.8464 ± 0.0176      1.0957 ± 0.0372       75.2% (13.5σ)      1.29

SO3H 25% + NO2 75% — 혼합, 술폰산 소수     0%      0.8953 ± 0.0194      0.0000 ± 0.0000      100.0% (0.0σ)      0.00
SO3H 25% + NO2 75% — 혼합, 술폰산 소수    25%      0.8061 ± 0.0232      0.2641 ± 0.0267       90.0% (2.9σ)      0.33
SO3H 25% + NO2 75% — 혼합, 술폰산 소수    50%      0.7805 ± 0.0106      0.3660 ± 0.0155       87.2% (5.2σ)      0.47
SO3H 25% + NO2 75% — 혼합, 술폰산 소수    90%      0.7590 ± 0.0231      0.4829 ± 0.0286       84.8% (4.5σ)      0.64

SO2CH3 50% + NO2 50% — 술폰 대신 메틸술폰    0%      0.8177 ± 0.0117      0.0000 ± 0.0000      100.0% (0.0σ)      0.00
SO2CH3 50% + NO2 50% — 술폰 대신 메틸술폰   25%      0.7809 ± 0.0114      0.2635 ± 0.0194       95.5% (2.2σ)      0.34
SO2CH3 50% + NO2 50% — 술폰 대신 메틸술폰   50%      0.7842 ± 0.0181      0.3846 ± 0.0363       95.9% (1.6σ)      0.49
SO2CH3 50% + NO2 50% — 술폰 대신 메틸술폰   90%      0.7516 ± 0.0161      0.5574 ± 0.0440       91.9% (3.3σ)      0.74

[OK] water_results.json

판정 기준(19_WaterCompetition 과 동일, 계산 전 확정):
  RH90 유지율 80% 이상 -> 유효 / 50~80% -> 조건부(전처리 건조 비용) / 50% 미만 -> 종료
  차이의 유의성은 1.5σ 를 기준으로 본다.
