수분 경쟁 v3 — saIm0875 한 종 (4코어 축소판)
  입력   /home/mangwon/mof_project/21_ZIF69_MTV/charged_v3
  작업   /home/mangwon/mof_project/21_ZIF69_MTV/water_runs_v3grid
  결과   /home/mangwon/mof_project/21_ZIF69_MTV/v3_water_grid/water_results.json
  워커   6
  대상   saIm0875
  물 정의 사이트 5개 (TIP5P-Ew 는 5)

구조 1개 x RH 4단계 중 실행 4개
CO2 0.15 bar 고정, 298 K, TIP5P-Ew(5사이트), 15000 사이클

  [              ok] RH  0% saIm0875   CO2  1.2905  H2O   0.0000
  [              ok] RH 25% saIm0875   CO2  1.1743  H2O   0.8667
  [              ok] RH 50% saIm0875   CO2  1.0564  H2O   1.3371
  [              ok] RH 90% saIm0875   CO2  0.9619  H2O   1.7281

============================================================================================================
구조                                  RH         CO2 [mol/kg]         H2O [mol/kg]               건조대비   H2O/CO2
------------------------------------------------------------------------------------------------------------
SO3H 87.5% (21/24)                  0%      1.2905 ± 0.0333      0.0000 ± 0.0000      100.0% (0.0σ)      0.00
SO3H 87.5% (21/24)                 25%      1.1743 ± 0.0222      0.8667 ± 0.0310       91.0% (2.9σ)      0.74
SO3H 87.5% (21/24)                 50%      1.0564 ± 0.0373      1.3371 ± 0.0704       81.9% (4.7σ)      1.27
SO3H 87.5% (21/24)                 90%      0.9619 ± 0.0181      1.7281 ± 0.0444       74.5% (8.7σ)      1.80

[OK] water_results.json

판정 기준(19_WaterCompetition 과 동일, 계산 전 확정):
  RH90 유지율 80% 이상 -> 유효 / 50~80% -> 조건부(전처리 건조 비용) / 50% 미만 -> 종료
  차이의 유의성은 1.5σ 를 기준으로 본다.
  기기명 사본 저장: /home/mangwon/mof_project/21_ZIF69_MTV/v3_water_grid/water_results_junseok.json
