건조 작업 용량 v3 — saIm0583 (경계 생존자 보강)
  CHARGED  /home/mangwon1/mof_project/21_ZIF69_MTV/charged_v3
  RUNS     /home/mangwon1/mof_project/21_ZIF69_MTV/wc_runs_v3g0583
  RESULT   /home/mangwon1/mof_project/21_ZIF69_MTV/v3_wc/working_capacity_g0583.json
  TARGETS  ['saIm0583']
  MAX_WORKERS 4

작업 4개 (구조 1 x 조건 4), 워커 4
  ads     0.15 bar  298.0 K
  vsa10   0.10 bar  298.0 K
  vsa05   0.05 bar  298.0 K
  tsa     0.15 bar  373.0 K

  [              ok] ads    saIm0583 로딩 1.3229
  [              ok] vsa10  saIm0583 로딩 1.0173
  [              ok] vsa05  saIm0583 로딩 0.6148
  [              ok] tsa    saIm0583 로딩 0.1962

================================================================================================
조성               흡착 0.15bar         VSA 0.10         VSA 0.05         TSA 373K
------------------------------------------------------------------------------------------------
saIm0583      1.3229±0.0252    1.0173±0.0230    0.6148±0.0105    0.1962±0.0054

================================================================================================
조성                 WC(VSA 0.10)         WC(VSA 0.05)              WC(TSA)
------------------------------------------------------------------------------------------------
saIm0583          0.3056±0.0341        0.7080±0.0273        1.1267±0.0258

[OK] working_capacity_g0583.json

주: 작업 용량의 오차는 두 로딩 오차의 제곱합근입니다. 개별 로딩보다 큽니다.
    1.5σ 미만 차이는 순위를 매기지 마세요.
