08-18 01:11  완료  0/24  시작  6  simulate 6  최장 23:27     load 7.60
08-18 01:26  완료  0/24  시작  6  simulate 6  최장 38:27     load 7.35
08-18 01:41  완료  2/24  시작  8  simulate 6  최장 53:27     load 6.01
08-18 01:56  완료  3/24  시작  9  simulate 6  최장 01:08:27  load 6.01
08-18 02:11  완료  4/24  시작 10  simulate 6  최장 01:23:27  load 6.00
08-18 02:26  완료  5/24  시작 11  simulate 6  최장 01:38:27  load 6.01
08-18 02:41  완료  7/24  시작 13  simulate 6  최장 01:53:27  load 6.03
08-18 02:56  완료  7/24  시작 13  simulate 6  최장 02:08:28  load 6.00
08-18 03:11  완료  9/24  시작 15  simulate 6  최장 01:25:46  load 6.00
08-18 03:26  완료  9/24  시작 15  simulate 6  최장 01:40:46  load 6.00
08-18 03:41  완료 10/24  시작 16  simulate 6  최장 01:55:46  load 6.00
08-18 03:56  완료 10/24  시작 16  simulate 6  최장 02:10:46  load 6.00
08-18 04:11  완료 11/24  시작 17  simulate 6  최장 02:25:46  load 6.00
08-18 04:26  완료 12/24  시작 18  simulate 6  최장 02:40:47  load 6.00
08-18 04:41  완료 13/24  시작 19  simulate 6  최장 02:13:17  load 6.00
08-18 04:56  완료 14/24  시작 20  simulate 6  최장 02:28:18  load 6.00
08-18 05:11  완료 14/24  시작 20  simulate 6  최장 02:43:18  load 6.00
08-18 05:26  완료 14/24  시작 20  simulate 6  최장 02:58:18  load 6.00
08-18 05:41  완료 15/24  시작 21  simulate 6  최장 03:13:18  load 6.00
08-18 05:56  완료 18/24  시작 24  simulate 6  최장 01:45:08  load 6.00
08-18 06:11  완료 18/24  시작 24  simulate 6  최장 02:00:08  load 6.08
08-18 06:26  완료 19/24  시작 24  simulate 5  최장 02:15:08  load 5.00
08-18 06:41  완료 20/24  시작 24  simulate 4  최장 02:30:09  load 4.03
08-18 06:56  완료 21/24  시작 24  simulate 3  최장 01:19:17  load 3.01
08-18 07:11  완료 21/24  시작 24  simulate 3  최장 01:34:17  load 3.00
08-18 07:26  완료 21/24  시작 24  simulate 3  최장 01:49:17  load 3.00
08-18 07:41  완료 21/24  시작 24  simulate 3  최장 02:04:17  load 3.00
08-18 07:56  완료 22/24  시작 24  simulate 2  최장 02:19:17  load 2.01
08-18 08:11  완료 22/24  시작 24  simulate 2  최장 02:34:18  load 2.00
08-18 08:26  완료 22/24  시작 24  simulate 2  최장 02:49:18  load 2.00
08-18 08:41  완료 23/24  시작 24  simulate 1  최장 03:04:18  load 1.08
08-18 08:56  완료 23/24  시작 24  simulate 1  최장 03:19:18  load 1.00
08-18 09:11  === 러너 종료 === 완료 24/24
