작업 용량 v3 (이완된 구조)
  입력   /home/skyjun/mof_project/21_ZIF69_MTV/charged_v3
  작업   /home/skyjun/mof_project/21_ZIF69_MTV/wc_runs_v3
  결과   /home/skyjun/mof_project/21_ZIF69_MTV/v3_wc/working_capacity.json
  대상   ['base', 'saIm025', 'saIm050', 'saIm075', 'mslm075', 'saIm100']
  워커   6
  (처음부터)

작업 24개 (구조 6 x 조건 4), 워커 6
  ads     0.15 bar  298.0 K
  vsa10   0.10 bar  298.0 K
  vsa05   0.05 bar  298.0 K
  tsa     0.15 bar  373.0 K

  [              ok] ads    base     로딩 0.5763
  [              ok] vsa10  base     로딩 0.4180
  [              ok] vsa05  base     로딩 0.2306
  [              ok] tsa    base     로딩 0.0918
  [              ok] ads    saIm025  로딩 0.9613
  [              ok] vsa10  saIm025  로딩 0.7084
  [              ok] vsa05  saIm025  로딩 0.4343
  [              ok] tsa    saIm025  로딩 0.1539
  [              ok] ads    saIm050  로딩 1.2303
  [              ok] vsa10  saIm050  로딩 0.9475
  [              ok] vsa05  saIm050  로딩 0.5621
  [              ok] tsa    saIm050  로딩 0.1678
  [              ok] ads    saIm075  로딩 1.3664
  [              ok] vsa10  saIm075  로딩 1.0761
  [              ok] vsa05  saIm075  로딩 0.6981
  [              ok] tsa    saIm075  로딩 0.2196
  [              ok] ads    mslm075  로딩 0.9837
  [              ok] vsa10  mslm075  로딩 0.7625
  [              ok] vsa05  mslm075  로딩 0.4603
  [              ok] tsa    mslm075  로딩 0.1508
  [              ok] ads    saIm100  로딩 1.5461
  [              ok] vsa10  saIm100  로딩 1.2346
  [              ok] vsa05  saIm100  로딩 0.8191
  [              ok] tsa    saIm100  로딩 0.2485

================================================================================================
조성               흡착 0.15bar         VSA 0.10         VSA 0.05         TSA 373K
------------------------------------------------------------------------------------------------
base          0.5763±0.0111    0.4180±0.0022    0.2306±0.0114    0.0918±0.0018
saIm025       0.9613±0.0178    0.7084±0.0129    0.4343±0.0088    0.1539±0.0037
saIm050       1.2303±0.0137    0.9475±0.0225    0.5621±0.0207    0.1678±0.0051
saIm075       1.3664±0.0145    1.0761±0.0263    0.6981±0.0129    0.2196±0.0094
mslm075       0.9837±0.0233    0.7625±0.0175    0.4603±0.0120    0.1508±0.0031
saIm100       1.5461±0.0163    1.2346±0.0213    0.8191±0.0317    0.2485±0.0066

================================================================================================
조성                 WC(VSA 0.10)         WC(VSA 0.05)              WC(TSA)
------------------------------------------------------------------------------------------------
base              0.1583±0.0113        0.3457±0.0159        0.4845±0.0112
saIm025           0.2529±0.0220        0.5270±0.0198        0.8074±0.0182
saIm050           0.2828±0.0263        0.6682±0.0248        1.0625±0.0146
saIm075           0.2903±0.0301        0.6683±0.0194        1.1468±0.0173
mslm075           0.2212±0.0292        0.5234±0.0263        0.8329±0.0235
saIm100           0.3115±0.0268        0.7269±0.0356        1.2976±0.0176

[OK] working_capacity.json

주: 작업 용량의 오차는 두 로딩 오차의 제곱합근입니다. 개별 로딩보다 큽니다.
    1.5σ 미만 차이는 순위를 매기지 마세요.
