10
 energy: -24.480576925016 gnorm: 0.066748214258 xtb: 6.7.1 (edcfbbe)
O            2.65876703000000        0.83693205000000        0.63240564000000
N            2.04899966000000       -0.10460384000000        0.08753186000000
O            2.60403079000000       -1.10559509000000       -0.40760308000000
C            0.60265659000000       -0.03077901000000        0.02576919000000
N           -0.15603389000000        0.99512636000000        0.51987600000000
C           -1.44387924000000        0.68199117000000        0.26280556000000
C           -1.47811496000000       -0.53283789000000       -0.38759540000000
N           -0.21159098000000       -0.97633725000000       -0.53561825000000
H           -2.27884722000000        1.30935203000000        0.53903578000000
H           -2.34598778000000       -1.07324853000000       -0.73660729000000
10
 energy: -24.490430849457 gnorm: 0.027921763205 xtb: 6.7.1 (edcfbbe)
O            2.59266587776919        0.82611995910013        0.62201972548087
N            1.97816800407861       -0.10097744370995        0.08448650705870
O            2.53872588108638       -1.08807712833803       -0.40282374772015
C            0.57424601867520       -0.02931948410644        0.02453730573748
N           -0.13403819179143        1.01431808477461        0.53169582176749
C           -1.40093090249563        0.68685250071910        0.26838563788007
C           -1.43556202303674       -0.54204747901454       -0.38955432946935
N           -0.19073866295228       -0.99775107522924       -0.54554533485639
H           -2.22733855032150        1.31948492794152        0.54803834158022
H           -2.29519745101179       -1.08860286213716       -0.74123991745894
10
 energy: -24.491441363287 gnorm: 0.010629447581 xtb: 6.7.1 (edcfbbe)
O            2.56718019322682        0.82128185419221        0.61763076400402
N            1.94478472415384       -0.09930729472976        0.08312386508265
O            2.51358501457499       -1.08063234594305       -0.40063812729081
C            0.56860679737711       -0.02903559570533        0.02430382596775
N           -0.12410685358881        1.01440475445254        0.53241035490759
C           -1.38574019281030        0.68836217676843        0.27025354007720
C           -1.42049919574350       -0.54510061571640       -0.39013224275332
N           -0.18083949691504       -0.99882641285965       -0.54545734029062
H           -2.20735780404340        1.32550245054184        0.55265348620184
H           -2.27561318623171       -1.09664897100083       -0.74414811590630
10
 energy: -24.491500389267 gnorm: 0.004856942719 xtb: 6.7.1 (edcfbbe)
O            2.56997094119500        0.82084389919837        0.61769241652678
N            1.94362329417548       -0.09916170651719        0.08291296532130
O            2.51638995852942       -1.08056333396607       -0.40030541008530
C            0.56999189974229       -0.02907744115637        0.02430936217835
N           -0.12489641505732        1.01297051322981        0.53161091344890
C           -1.38751791362283        0.68884693248595        0.27040219580428
C           -1.42229924744749       -0.54541464790335       -0.39041172051028
N           -0.18154638074625       -0.99733286959697       -0.54468962279025
H           -2.20767670768248        1.32742374532639        0.55365909446071
H           -2.27603942908582       -1.09853509110058       -0.74518018435449
10
 energy: -24.491516041088 gnorm: 0.000993650461 xtb: 6.7.1 (edcfbbe)
O            2.57259864435315        0.82061250222389        0.61732510941973
N            1.94267611345796       -0.09945051526692        0.08350220720876
O            2.51903307302546       -1.08024484074462       -0.40037835488765
C            0.57084939607511       -0.02924512277844        0.02457767634957
N           -0.12615268402704        1.01241579928253        0.53121909269431
C           -1.38890195097670        0.68927658737436        0.27047278425110
C           -1.42370190690861       -0.54565068007232       -0.39069760505380
N           -0.18276747823307       -0.99664482413964       -0.54441627672585
H           -2.20759141035337        1.32899894258313        0.55444921128166
H           -2.27604179641289       -1.10006784846198       -0.74605383453783
10
 energy: -24.491513394043 gnorm: 0.001357588642 xtb: 6.7.1 (edcfbbe)
O            2.57288172613421        0.81974171795702        0.61873028089246
N            1.94267362946593       -0.09804312183914        0.08087362590053
O            2.51932094290787       -1.08094413710629       -0.39888097919847
C            0.57106370874364       -0.02870818014194        0.02356354209918
N           -0.12663544572538        1.01262477046836        0.53122760596964
C           -1.38902263092732        0.68923722643242        0.27069976879190
C           -1.42382599756972       -0.54581244277628       -0.39053618832979
N           -0.18325895709970       -0.99674650282668       -0.54457393410481
H           -2.20736378602701        1.32919552624761        0.55488019744311
H           -2.27583318990253       -1.10054485641508       -0.74598390946375
10
 energy: -24.491516827157 gnorm: 0.000189842289 xtb: 6.7.1 (edcfbbe)
O            2.57278056760054        0.82040855642873        0.61751758628427
N            1.94257637780433       -0.09920540193976        0.08304966413714
O            2.51921914311733       -1.08030017903824       -0.40010588421926
C            0.57098064735843       -0.02916985637344        0.02443021909279
N           -0.12664354911701        1.01267879391682        0.53135693641092
C           -1.38889309042490        0.68930150438629        0.27053240787906
C           -1.42369551659835       -0.54571451296516       -0.39068549650204
N           -0.18327245599081       -0.99688363538355       -0.54454693071822
H           -2.20729300128989        1.32925414976730        0.55462656693217
H           -2.27575912245967       -1.10036941879898       -0.74617505929683
