High accuracy requested (DEF (default) settings). 
Opening File: 2019_Ni__pcu_3_ASR_1.cif
Order 4 vertex memory scaled up to 16
Order 4 vertex memory scaled up to 16
Order 4 vertex memory scaled up to 16
Order 4 vertex memory scaled up to 16
Order 4 vertex memory scaled up to 16
Order 4 vertex memory scaled up to 16
Order 4 vertex memory scaled up to 16
Order 4 vertex memory scaled up to 16
Order 4 vertex memory scaled up to 16
Order 4 vertex memory scaled up to 16
Order 4 vertex memory scaled up to 16
Order 4 vertex memory scaled up to 16
Order 4 vertex memory scaled up to 16
Order 4 vertex memory scaled up to 16
Order 4 vertex memory scaled up to 16
Order 4 vertex memory scaled up to 16
Order 4 vertex memory scaled up to 16
Order 4 vertex memory scaled up to 16
Order 4 vertex memory scaled up to 16
Order 4 vertex memory scaled up to 16
Radii analysis: the smallest atom r = 1.09 while the largest atoms r = 1.7.
Starting Voronoi decomposition
Box dimensions:
  va=(15.412600 0 0)
  vb=(-2.446578 15.217178 0)
  vc=(-2.446578 -2.871352 14.943823)

Total particles = 6876

Internal grid size = (10 10 10)

Using voro++ with radii for particles.
Performing Voronoi decomposition.
Volume check:
  Total domain volume  = 3504.868457
  Total Voronoi volume = 3504.868457
Voronoi decomposition finished. Rerouting Voronoi network information.
Finished rerouting information.
Finished Voronoi decomposition
Command 0  -ha
Command 1  -block
Box dimensions:
  va=(15.412600 0 0)
  vb=(-2.446578 15.217178 0)
  vc=(-2.446578 -2.871352 14.943823)

Total particles = 6876

Internal grid size = (10 10 10)

Using voro++ with radii for particles.
Performing Voronoi decomposition.
Volume check:
  Total domain volume  = 3504.868457
  Total Voronoi volume = 3504.868457
Voronoi decomposition finished. Rerouting Voronoi network information.
Finished rerouting information.
Voronoi network with 37336 nodes. 1896 of them are accessible. 

Finding channels and pockets in Dijkstra network of 37336 node(s). 1896 are expected to compose pores.
Analyzed and assigned 37336 nodes.
Identified 2 channels and 1 pockets.
1896 nodes assigned to pores. 
