High accuracy requested (DEF (default) settings). 
Opening File: 2016_Co__pts_3_ASR_5.cif
Radii analysis: the smallest atom r = 1.09 while the largest atoms r = 2.
Starting Voronoi decomposition
Box dimensions:
  va=(13.064800 0 0)
  vb=(-10.170597 8.200485 0)
  vc=(-0.009507 0.003355 7.129443)

Total particles = 1962

Internal grid size = (9 6 5)

Using voro++ with radii for particles.
Performing Voronoi decomposition.
Volume check:
  Total domain volume  = 763.832048
  Total Voronoi volume = 763.832048
Voronoi decomposition finished. Rerouting Voronoi network information.
Finished rerouting information.
Finished Voronoi decomposition
Command 0  -ha
Command 1  -block
Box dimensions:
  va=(13.064800 0 0)
  vb=(-10.170597 8.200485 0)
  vc=(-0.009507 0.003355 7.129443)

Total particles = 1962

Internal grid size = (9 6 5)

Using voro++ with radii for particles.
Performing Voronoi decomposition.
Volume check:
  Total domain volume  = 763.832048
  Total Voronoi volume = 763.832048
Voronoi decomposition finished. Rerouting Voronoi network information.
Finished rerouting information.
Voronoi network with 10559 nodes. 172 of them are accessible. 

Finding channels and pockets in Dijkstra network of 10559 node(s). 172 are expected to compose pores.
Analyzed and assigned 10559 nodes.
Identified 1 channels and 0 pockets.
172 nodes assigned to pores. 
