High accuracy requested (DEF (default) settings). 
Opening File: 2017_Cd__hcb_2_ASR_1.cif
Radii analysis: the smallest atom r = 1.09 while the largest atoms r = 1.7.
Starting Voronoi decomposition
Box dimensions:
  va=(11.068200 0 0)
  vb=(0.495764 13.494496 0)
  vc=(-2.720040 -4.907340 13.553667)

Total particles = 3926

Internal grid size = (7 9 9)

Using voro++ with radii for particles.
Performing Voronoi decomposition.
Volume check:
  Total domain volume  = 2024.372815
  Total Voronoi volume = 2024.372815
Voronoi decomposition finished. Rerouting Voronoi network information.
Finished rerouting information.
Finished Voronoi decomposition
Command 0  -ha
Command 1  -res
