구조 7개 -> 작업 21개 (Widom CO2/N2 + 0.15bar GCMC)

  [       ok] widom CO2 clIm025_mIm050_nIm025_DDEC6
  [       ok] widom N2  clIm025_mIm050_nIm025_DDEC6
  [       ok] widom CO2 clIm025_mIm075_DDEC6
  [       ok] widom N2  clIm025_mIm075_DDEC6
  [       ok] widom CO2 clIm050_mIm050_DDEC6
  [       ok] widom N2  clIm050_mIm050_DDEC6
  [       ok] widom CO2 cnIm025_mIm075_DDEC6
  [       ok] widom N2  cnIm025_mIm075_DDEC6
  [       ok] widom CO2 mIm050_nIm050_DDEC6
  [       ok] widom N2  mIm050_nIm050_DDEC6
  [       ok] widom CO2 mIm075_nIm025_DDEC6
  [       ok] widom N2  mIm075_nIm025_DDEC6
  [       ok] widom CO2 mIm100_DDEC6
  [       ok] widom N2  mIm100_DDEC6
  [       ok] gcmc  CO2 clIm025_mIm050_nIm025_DDEC6
  [       ok] gcmc  CO2 clIm025_mIm075_DDEC6
  [       ok] gcmc  CO2 clIm050_mIm050_DDEC6
  [       ok] gcmc  CO2 cnIm025_mIm075_DDEC6
  [       ok] gcmc  CO2 mIm050_nIm050_DDEC6
  [       ok] gcmc  CO2 mIm075_nIm025_DDEC6
  [       ok] gcmc  CO2 mIm100_DDEC6

========================================================================================================
구조                             KH(CO2)      KH(N2)   CO2/N2      Qst    0.15bar 로딩
--------------------------------------------------------------------------------------------------------
clIm025_mIm050_nIm025       2.3542e-05  1.5663e-06    15.03    19.17        0.3422
clIm025_mIm075              4.7774e-05  2.1197e-06    22.54    20.57        0.6536
clIm050_mIm050              3.0308e-05  1.8017e-06    16.82    19.41        0.4044
cnIm025_mIm075              2.1411e-05  1.9734e-06    10.85    16.05        0.3195
mIm050_nIm050               2.6292e-05  1.4646e-06    17.95    19.68        0.4006
mIm075_nIm025               1.9994e-05  1.9282e-06    10.37    16.01        0.3020
mIm100                      1.7633e-05  2.4388e-06     7.23    14.02        0.2738

[OK] 저장: ddec6_results.json
