구조 16개 이완 + Zeo++ (CO2 프로브 3.3 A)...

/home/skyjun/miniconda3/envs/lammps_mof/lib/python3.11/site-packages/ase/io/lammpsdata.py:72: FutureWarning: "style" is deprecated; please use "atom_style".
  warnings.warn(
/home/skyjun/miniconda3/envs/lammps_mof/lib/python3.11/site-packages/ase/io/lammpsdata.py:72: FutureWarning: "style" is deprecated; please use "atom_style".
  warnings.warn(
/home/skyjun/miniconda3/envs/lammps_mof/lib/python3.11/site-packages/ase/io/lammpsdata.py:72: FutureWarning: "style" is deprecated; please use "atom_style".
  warnings.warn(
/home/skyjun/miniconda3/envs/lammps_mof/lib/python3.11/site-packages/ase/io/lammpsdata.py:72: FutureWarning: "style" is deprecated; please use "atom_style".
  warnings.warn(
  [              ok] mIm100__closed
  [              ok] clIm050_mIm050__closed
  [              ok] clIm075_mIm025__closed
  [              ok] clIm100__closed
/home/skyjun/miniconda3/envs/lammps_mof/lib/python3.11/site-packages/ase/io/lammpsdata.py:72: FutureWarning: "style" is deprecated; please use "atom_style".
  warnings.warn(
/home/skyjun/miniconda3/envs/lammps_mof/lib/python3.11/site-packages/ase/io/lammpsdata.py:72: FutureWarning: "style" is deprecated; please use "atom_style".
  warnings.warn(
  [              ok] mIm050_saIm050__closed
/home/skyjun/miniconda3/envs/lammps_mof/lib/python3.11/site-packages/ase/io/lammpsdata.py:72: FutureWarning: "style" is deprecated; please use "atom_style".
  warnings.warn(
/home/skyjun/miniconda3/envs/lammps_mof/lib/python3.11/site-packages/ase/io/lammpsdata.py:72: FutureWarning: "style" is deprecated; please use "atom_style".
  warnings.warn(
/home/skyjun/miniconda3/envs/lammps_mof/lib/python3.11/site-packages/ase/io/lammpsdata.py:72: FutureWarning: "style" is deprecated; please use "atom_style".
  warnings.warn(
  [              ok] mIm025_saIm075__closed
/home/skyjun/miniconda3/envs/lammps_mof/lib/python3.11/site-packages/ase/io/lammpsdata.py:72: FutureWarning: "style" is deprecated; please use "atom_style".
  warnings.warn(
/home/skyjun/miniconda3/envs/lammps_mof/lib/python3.11/site-packages/ase/io/lammpsdata.py:72: FutureWarning: "style" is deprecated; please use "atom_style".
  warnings.warn(
  [              ok] clIm050_saIm050__closed
  [              ok] clIm050_mIm025_saIm025__closed
  [              ok] mIm100__open
  [              ok] clIm050_mIm050__open
  [              ok] clIm075_mIm025__open
/home/skyjun/miniconda3/envs/lammps_mof/lib/python3.11/site-packages/ase/io/lammpsdata.py:72: FutureWarning: "style" is deprecated; please use "atom_style".
  warnings.warn(
  [              ok] clIm100__open
/home/skyjun/miniconda3/envs/lammps_mof/lib/python3.11/site-packages/ase/io/lammpsdata.py:72: FutureWarning: "style" is deprecated; please use "atom_style".
  warnings.warn(
/home/skyjun/miniconda3/envs/lammps_mof/lib/python3.11/site-packages/ase/io/lammpsdata.py:72: FutureWarning: "style" is deprecated; please use "atom_style".
  warnings.warn(
/home/skyjun/miniconda3/envs/lammps_mof/lib/python3.11/site-packages/ase/io/lammpsdata.py:72: FutureWarning: "style" is deprecated; please use "atom_style".
  warnings.warn(
/home/skyjun/miniconda3/envs/lammps_mof/lib/python3.11/site-packages/ase/io/lammpsdata.py:72: FutureWarning: "style" is deprecated; please use "atom_style".
  warnings.warn(
  [              ok] mIm050_saIm050__open
  [              ok] mIm025_saIm075__open
  [              ok] clIm050_saIm050__open
  [              ok] clIm050_mIm025_saIm025__open

======================================================================================================================
구조                         상               PLD 전→후         LCD 전→후   ΔLCD%      AV/셀     최소거리  판정
----------------------------------------------------------------------------------------------------------------------
대조군 순수 ZIF-8               closed    3.41→3.24      11.39→10.99       +0.0     909.8    1.081  통과
Cl 50%                     closed    3.41→3.21      11.10→10.67       -2.9     876.8    1.081  통과
Cl 75%                     closed    3.41→3.19      10.88→10.43       -5.2     857.5    1.081  통과
Cl 100% (상한 참고)            closed    3.41→3.18      10.87→10.43       -5.2     839.6    1.081  통과
SO3H 50%                   closed    3.39→3.31      10.79→10.29       -6.4     768.4    0.977  통과
SO3H 75%                   closed    3.25→3.24      10.35→9.10       -17.2       0.0    0.979  탈락: PLD 3.25<3.3, AV 0~0
Cl 50% + SO3H 50%          closed    3.39→3.34      10.57→9.61       -12.6     732.7    0.978  통과
Cl 50% + SO3H 25%          closed    3.41→3.28      10.57→9.86       -10.3     796.6    0.976  통과
대조군 순수 ZIF-8               open      3.95→3.25      11.49→11.05       +0.0     827.2    1.081  통과
Cl 50%                     open      3.89→3.21      11.47→10.42       -5.7     801.2    1.081  통과
Cl 75%                     open      3.89→3.21      11.47→10.43       -5.7     787.8    1.081  통과
Cl 100% (상한 참고)            open      3.49→3.18      11.46→10.43       -5.7     778.9    1.081  통과
SO3H 50%                   open      3.11→3.39      10.07→9.44       -14.6       0.0    0.987  탈락: PLD 3.11<3.3, AV 0~0
SO3H 75%                   open      3.11→3.44      10.05→8.94       -19.1       0.0    0.988  탈락: PLD 3.11<3.3, AV 0~0
Cl 50% + SO3H 50%          open      3.02→3.51      10.07→9.20       -16.7       0.0    0.989  탈락: PLD 3.02<3.3, AV 0~0
Cl 50% + SO3H 25%          open      3.89→3.44      10.63→9.99        -9.6     734.9    0.990  통과

통과 12/16 -> GCMC 대상
   mIm100__closed
   clIm050_mIm050__closed
   clIm075_mIm025__closed
   clIm100__closed
   mIm050_saIm050__closed
   clIm050_saIm050__closed
   clIm050_mIm025_saIm025__closed
   mIm100__open
   clIm050_mIm050__open
   clIm075_mIm025__open
   clIm100__open
   clIm050_mIm025_saIm025__open

[OK] risk_results.json
