9
 energy: -18.502144869692 gnorm: 0.089450425628 xtb: 6.7.1 (edcfbbe)
N            3.56169728000000       -0.13043477000000        0.05803984000000
C            2.39563976000000       -0.08773018000000        0.03903698000000
C            0.80383459000000       -0.02943236000000        0.01309786000000
N           -0.01124113000000       -0.08113786000000        1.10485514000000
C           -1.28328746000000       -0.00359358000000        0.66454133000000
C           -1.25728560000000        0.09662931000000       -0.70594058000000
N            0.03067808000000        0.08043379000000       -1.10453940000000
H           -2.14560450000000       -0.02099050000000        1.31407656000000
H           -2.09443101000000        0.17625614000000       -1.38316773000000
9
 energy: -18.528329779250 gnorm: 0.060411861540 xtb: 6.7.1 (edcfbbe)
N            3.41283972685538       -0.12498330001018        0.05561428284855
C            2.26090081872937       -0.08279400230306        0.03684097136277
C            0.79412994752638       -0.02907776027149        0.01293985415348
N            0.03064838679549       -0.08474190791221        1.13356178752165
C           -1.23073073188688       -0.00593031200847        0.67099131560125
C           -1.20451677563816        0.09511000731562       -0.71067412043943
N            0.07363013527249        0.08092712214063       -1.13186331311669
H           -2.09419227752844       -0.02347448398990        1.32306791621300
H           -2.04270922012562        0.17496462703908       -1.39047869414459
9
 energy: -18.531348727740 gnorm: 0.045939080582 xtb: 6.7.1 (edcfbbe)
N            3.31107402215988       -0.12125325054618        0.05395350842208
C            2.15371011056031       -0.07887587284189        0.03509781276716
C            0.80326936241940       -0.02941213996878        0.01308936675142
N            0.05978388184441       -0.08631560066244        1.14092540465343
C           -1.19682328430024       -0.00722904958054        0.67232657081649
C           -1.17057907618190        0.09392537769227       -0.71090448058616
N            0.10302723014835        0.08035956597714       -1.13827276273587
H           -2.05756259337250       -0.02516377547201        1.32837230960490
H           -2.00589964327767        0.17396473540243       -1.39458772969345
9
 energy: -18.532750295102 gnorm: 0.009197526392 xtb: 6.7.1 (edcfbbe)
N            3.35011919645638       -0.12269017865946        0.05459514116560
C            2.19421323169886       -0.08034400482152        0.03575067802171
C            0.79523158116501       -0.02911840418245        0.01295681061338
N            0.04575012989099       -0.08567347654177        1.13893931733085
C           -1.20968225297948       -0.00676420870266        0.67217846047892
C           -1.18343708264372        0.09439902216742       -0.71117391998017
N            0.08892461491385        0.08074487920028       -1.13674639467254
H           -2.06643657850830       -0.02502099318439        1.33068911096188
H           -2.01468282999359        0.17446735472455       -1.39718920391963
9
 energy: -18.532817846958 gnorm: 0.002576035048 xtb: 6.7.1 (edcfbbe)
N            3.34387430078622       -0.12244118240793        0.05447577839146
C            2.18808014937802       -0.08016026293043        0.03566961660637
C            0.79661305978553       -0.02916902380570        0.01298612143064
N            0.04657454767598       -0.08567957921331        1.13865646939037
C           -1.20845548100504       -0.00681481737547        0.67233444797875
C           -1.18219946851166        0.09436814721619       -0.71129377984039
N            0.08974711117354        0.08069477249235       -1.13643023053021
H           -2.06304983814200       -0.02533821560152        1.33340905559789
H           -2.01118437114058        0.17454015162580       -1.39980747902488
9
 energy: -18.532825905060 gnorm: 0.000776635267 xtb: 6.7.1 (edcfbbe)
N            3.34255162518810       -0.12249830181347        0.05454075000801
C            2.18661127715155       -0.07989366979587        0.03554789889000
C            0.79699406492854       -0.02918345513647        0.01296066294950
N            0.04605469157564       -0.08565333829133        1.13837632419447
C           -1.20865337968413       -0.00683863566989        0.67246532686928
C           -1.18241955463018        0.09436338255783       -0.71141072664432
N            0.08917219517389        0.08068492869361       -1.13619747440697
H           -2.06111266261761       -0.02562166266842        1.33607939844559
H           -2.00919824708579        0.17464074212400       -1.40236216030554
9
 energy: -18.532827221734 gnorm: 0.000796232160 xtb: 6.7.1 (edcfbbe)
N            3.34254105654210       -0.12153055074399        0.05374409338279
C            2.18641896601014       -0.08182566431279        0.03643730361552
C            0.79704778875929       -0.02919299253633        0.01325595900925
N            0.04490532074554       -0.08549004046646        1.13825361971568
C           -1.20946117433055       -0.00661321068647        0.67244355988676
C           -1.18297468463484        0.09459194129070       -0.71160090512951
N            0.08843368417096        0.08079754775595       -1.13582919941761
H           -2.05970035044100       -0.02570278268412        1.33875754338484
H           -2.00721059682161        0.17496574238350       -1.40546197444772
