10
 energy: -18.812587599436 gnorm: 0.050157489188 xtb: 6.7.1 (edcfbbe)
N            3.36952882000000        0.18554890000000        0.04430109000000
C            2.21145767000000        0.24788754000000       -0.01613845000000
C            0.78624256000000        0.24560860000000       -0.06219750000000
N            0.02817186000000        1.25353796000000       -0.44854279000000
C           -1.26544158000000        0.81154081000000       -0.33261755000000
C           -1.29721280000000       -0.48200360000000        0.13015633000000
N            0.01501375000000       -0.83062095000000        0.29833238000000
H           -2.10305879000000        1.44870735000000       -0.58864234000000
H           -2.11050194000000       -1.16051856000000        0.34668803000000
H            0.36580046000000       -1.71968805000000        0.62866079000000
10
 energy: -18.814507066758 gnorm: 0.017933218524 xtb: 6.7.1 (edcfbbe)
N            3.32869565928343        0.18697791778267        0.04244496505093
C            2.18848517554943        0.24421978579405       -0.01557130587361
C            0.77901795663777        0.24436291155559       -0.06198815023124
N            0.02124843641424        1.24931573554095       -0.44725699232729
C           -1.25621542118619        0.81218079506513       -0.33254242361050
C           -1.28119118128181       -0.47820503671239        0.12932052485835
N            0.02186889799467       -0.83491303433885        0.30009108790284
H           -2.08294356473297        1.44778459362728       -0.58764616568943
H           -2.08936992009960       -1.14931219991024        0.34336595223079
H            0.37040397142105       -1.72241146840420        0.62978249768915
10
 energy: -18.814653901149 gnorm: 0.004346124357 xtb: 6.7.1 (edcfbbe)
N            3.32405926479812        0.18849001932982        0.04175088023205
C            2.18032100286071        0.24205681250757       -0.01507219326453
C            0.77601968050056        0.24465444734040       -0.06218914007597
N            0.01674123730622        1.24738485713431       -0.44671161038153
C           -1.25399194090223        0.81241566440894       -0.33255431276773
C           -1.27641384582554       -0.47804522643865        0.12942078320919
N            0.02339542315460       -0.83617317575164        0.30059686405503
H           -2.07652149385778        1.44847498516831       -0.58768594985864
H           -2.08420849302936       -1.14628980020225        0.34245119095112
H            0.37059917499470       -1.72296858349679        0.62999347790101
10
 energy: -18.814668346141 gnorm: 0.002320833935 xtb: 6.7.1 (edcfbbe)
N            3.32432648759581        0.18965918847516        0.04133971965511
C            2.18006084086372        0.24072079114238       -0.01459124776610
C            0.77661025089705        0.24532298840429       -0.06241251234579
N            0.01580413666251        1.24713062956995       -0.44665254619388
C           -1.25378674335436        0.81241977568908       -0.33254846085013
C           -1.27584012509055       -0.47898227244841        0.12977376281891
N            0.02358580613291       -0.83608042184691        0.30056410667883
H           -2.07584724219044        1.44918235495865       -0.58791143583839
H           -2.08486428314658       -1.14642567529523        0.34247937488383
H            0.36995088162993       -1.72294735864897        0.62995922895760
10
 energy: -18.814677045830 gnorm: 0.001117711804 xtb: 6.7.1 (edcfbbe)
N            3.32529532597703        0.19187361033336        0.04057972509748
C            2.18071303346634        0.23853753811929       -0.01381435579079
C            0.77772462499530        0.24613661469501       -0.06266023045547
N            0.01511264440015        1.24700096378990       -0.44662594207311
C           -1.25372219627082        0.81223348493549       -0.33248076420109
C           -1.27553954349176       -0.48017098311939        0.13021442547940
N            0.02355773226614       -0.83582190963780        0.30048456464213
H           -2.07559031883928        1.44964890814519       -0.58808544159728
H           -2.08625371255077       -1.14631196318104        0.34239023450890
H            0.36870242004768       -1.72312626408000        0.62999777438984
10
 energy: -18.814678741499 gnorm: 0.000742148515 xtb: 6.7.1 (edcfbbe)
N            3.32578433266896        0.19376785956765        0.03991060584541
C            2.18115337415735        0.23737729734457       -0.01330253109568
C            0.77800623302127        0.24597344953644       -0.06261521951106
N            0.01542237480663        1.24689246372543       -0.44658580274338
C           -1.25363269298813        0.81206659236671       -0.33241440908344
C           -1.27562990898739       -0.48031430704553        0.13024931148689
N            0.02336203645869       -0.83594468928764        0.30047904537274
H           -2.07554122532044        1.44949859808134       -0.58798452743814
H           -2.08688414324388       -1.14572432278078        0.34216707592543
H            0.36795962942694       -1.72359294150819        0.63009644124123
