11
 energy: -17.149314644844 gnorm: 0.072207082389 xtb: 6.7.1 (edcfbbe)
C            1.87171771000000       -0.02742326000000       -0.03866938000000
C            0.40341428000000       -0.00197925000000       -0.01670911000000
N           -0.39130717000000       -1.00001912000000       -0.46136920000000
C           -1.66394589000000       -0.60062889000000       -0.25518161000000
C           -1.63371350000000        0.64906114000000        0.32310957000000
N           -0.34259277000000        1.01366039000000        0.47045397000000
H            2.24679975000000       -0.47065606000000        0.88861194000000
H            2.27243312000000        0.98654150000000       -0.13309979000000
H            2.23315638000000       -0.61958729000000       -0.88502328000000
H           -2.52769879000000       -1.19289843000000       -0.51450761000000
H           -2.46826312000000        1.26392927000000        0.62238451000000
11
 energy: -17.152847347734 gnorm: 0.029547298809 xtb: 6.7.1 (edcfbbe)
C            1.85604421936832       -0.02818546338962       -0.03628409266328
C            0.37235494713121       -0.00053811324073       -0.01823905712338
N           -0.38449656397528       -1.01676938180236       -0.47585495109629
C           -1.65121320345052       -0.60257386751036       -0.25598176927413
C           -1.62088041074366        0.65045377461846        0.32385300928327
N           -0.33481507940227        1.03524459506098        0.47371089744088
H            2.25558523312490       -0.46855664992823        0.88357545825735
H            2.25380957083195        0.98509424472210       -0.12485364774283
H            2.21485910408988       -0.62424153869350       -0.87820010615827
H           -2.51061578278979       -1.20392680298528       -0.51918936601483
H           -2.45063203418474        1.27399920314853        0.62746363509150
11
 energy: -17.153284813776 gnorm: 0.010083205201 xtb: 6.7.1 (edcfbbe)
C            1.85498296450566       -0.02770998541254       -0.03726821742470
C            0.36082383738918       -0.00227612895902       -0.01400134213450
N           -0.38008641955775       -1.02267768274230       -0.47158944159181
C           -1.64996899019122       -0.60053968536373       -0.25586032820504
C           -1.61968197537459        0.64900122497355        0.32236154610699
N           -0.33018914952457        1.03557895061651        0.48086124911514
H            2.26233570603963       -0.46728764845665        0.88052224145178
H            2.24679788490269        0.98681755971338       -0.12463263301932
H            2.20797229206203       -0.62521046843814       -0.87922312465775
H           -2.50663312669630       -1.20630609669750       -0.52599189344793
H           -2.44635302355476        1.28060996076645        0.62482195380716
11
 energy: -17.153344377846 gnorm: 0.002776212323 xtb: 6.7.1 (edcfbbe)
C            1.85699767397304       -0.02799434707030       -0.03674994685149
C            0.35886825444049       -0.00260631178884       -0.01327772738164
N           -0.37825805609888       -1.02069407692897       -0.47415212746111
C           -1.65146267434622       -0.59915403459288       -0.25542038007730
C           -1.62121394528661        0.64783024904211        0.32161151901352
N           -0.32835463944036        1.03613201893700        0.47762587093613
H            2.26175362603111       -0.46773858550103        0.88154822128442
H            2.24589931926083        0.98699520476744       -0.12406664210320
H            2.20712826428074       -0.62566606512624       -0.87897937614132
H           -2.50588971721978       -1.20889500175932       -0.52534247610312
H           -2.44546810559436        1.28179095002103        0.62720307488512
11
 energy: -17.153351731508 gnorm: 0.000996992405 xtb: 6.7.1 (edcfbbe)
C            1.85802313075911       -0.02773015158673       -0.03736852099921
C            0.35925886323823       -0.00314247763730       -0.01217990822557
N           -0.37777794912513       -1.02138234489685       -0.47119556136021
C           -1.65245415729696       -0.59864905175704       -0.25533972447518
C           -1.62221772633810        0.64748416328096        0.32129072403480
N           -0.32788691871271        1.03428986647421        0.48003551134181
H            2.26098657366462       -0.46750276223072        0.88106925829180
H            2.24556669000510        0.98749248325757       -0.12511137837275
H            2.20681039217107       -0.62514087381048       -0.88003870929153
H           -2.50539763272877       -1.20915924520699       -0.52728901176855
H           -2.44491126563646        1.28344039411337        0.62612733082459
11
 energy: -17.153352817764 gnorm: 0.000385654398 xtb: 6.7.1 (edcfbbe)
C            1.85810721826386       -0.02786671584465       -0.03707678490593
C            0.35970333258235       -0.00269901668679       -0.01317285751429
N           -0.37800114813666       -1.02043419993987       -0.47289149987376
C           -1.65285031414533       -0.59870103540388       -0.25513891629695
C           -1.62261360933375        0.64738557771634        0.32145912543484
N           -0.32811295892868        1.03498084438693        0.47820106714094
H            2.25949838411938       -0.46775450347076        0.88165133478042
H            2.24602345781784        0.98715429014451       -0.12467581425324
H            2.20728472058626       -0.62523840139938       -0.87952680420158
H           -2.50478104624229       -1.21040140602478       -0.52643049256270
H           -2.44425803658298        1.28357456652234        0.62760165225225
