=== 0. 경제성 상수 검산
  연매출 10.80 조원 · 수율 0.1% = 108.0 억 · 웨이퍼당 1만원 = 72.0 억

=== 1. 이중 계상 검사 — 두 패턴 창의 겹침(최적 초점 편차 d) 대 표의 공통 DoF(CD)
  LP: 겹침(115,95,d=15) = 90.0  대 공통 DoF 88  (편차 없이 겹침 = 95)
  MC: 겹침(100,85,d=12) = 80.5  대 공통 DoF 75  (편차 없이 겹침 = 85)
  M1: 겹침(125,110,d=20) = 97.5  대 공통 DoF 97  (편차 없이 겹침 = 110)
  CD→결함 인지 감소폭: {'LP': 30.0, 'MC': 27.0, 'M1': 25.0} · 토포 평균 {'LP': 22.0, 'MC': 80.0, 'M1': 65.0} · 현 세대 {'LP': 35.0, 'M1': 30.0}

=== 2. 무작위 항 합(전폭)
  LP fab16: 선형 43.5 · RSS 24.46
  LP ven10: 선형 37.5 · RSS 21.03
  LP ven20: 선형 47.5 · RSS 27.24
  MC fab16: 선형 37.5 · RSS 21.59
  MC ven10: 선형 31.5 · RSS 17.61
  MC ven20: 선형 41.5 · RSS 24.70
  M1 fab16: 선형 37.5 · RSS 21.59
  M1 ven10: 선형 31.5 · RSS 17.61
  M1 ven20: 선형 41.5 · RSS 24.70

=== 3. N+1 감도표 — 마진 = 결함 인지 공통 DoF − 예산 (편차 제외; [하한, 상한] = DoF 95% 구간) | CD 공통 DoF 기준 마진
  -- LP (결함 인지 58 [45,70] · CD 공통 88)
    linear fab16  mean 예산   73.5 →  -15.5 [ -28.5,  -3.5] | CD  +14.5  ‖  max 예산   85.5 →  -27.5 [ -40.5, -15.5] | CD   +2.5
    linear ven10  mean 예산   67.5 →   -9.5 [ -22.5,  +2.5] | CD  +20.5  ‖  max 예산   79.5 →  -21.5 [ -34.5,  -9.5] | CD   +8.5
    linear ven20  mean 예산   77.5 →  -19.5 [ -32.5,  -7.5] | CD  +10.5  ‖  max 예산   89.5 →  -31.5 [ -44.5, -19.5] | CD   -1.5
    mack   fab16  mean 예산   54.5 →   +3.5 [  -9.5, +15.5] | CD  +33.5  ‖  max 예산   66.5 →   -8.5 [ -21.5,  +3.5] | CD  +21.5
    mack   ven10  mean 예산   51.0 →   +7.0 [  -6.0, +19.0] | CD  +37.0  ‖  max 예산   63.0 →   -5.0 [ -18.0,  +7.0] | CD  +25.0
    mack   ven20  mean 예산   57.2 →   +0.8 [ -12.2, +12.8] | CD  +30.8  ‖  max 예산   69.2 →  -11.2 [ -24.2,  +0.8] | CD  +18.8
    rss    fab16  mean 예산   33.4 →  +24.6 [ +11.6, +36.6] | CD  +54.6  ‖  max 예산   42.3 →  +15.7 [  +2.7, +27.7] | CD  +45.7
    rss    ven10  mean 예산   31.0 →  +27.0 [ +14.0, +39.0] | CD  +57.0  ‖  max 예산   40.4 →  +17.6 [  +4.6, +29.6] | CD  +47.6
    rss    ven20  mean 예산   35.5 →  +22.5 [  +9.5, +34.5] | CD  +52.5  ‖  max 예산   44.0 →  +14.0 [  +1.0, +26.0] | CD  +44.0
    linear+편차(팹 문서 그대로) fab16: mean -30.5 · max -42.5
    linear+편차(팹 문서 그대로) ven10: mean -24.5 · max -36.5
    linear+편차(팹 문서 그대로) ven20: mean -34.5 · max -46.5
  -- MC (결함 인지 48 [35,60] · CD 공통 75)
    linear fab16  mean 예산  125.5 →  -77.5 [ -90.5, -65.5] | CD  -50.5  ‖  max 예산  155.5 → -107.5 [-120.5, -95.5] | CD  -80.5
    linear ven10  mean 예산  119.5 →  -71.5 [ -84.5, -59.5] | CD  -44.5  ‖  max 예산  149.5 → -101.5 [-114.5, -89.5] | CD  -74.5
    linear ven20  mean 예산  129.5 →  -81.5 [ -94.5, -69.5] | CD  -54.5  ‖  max 예산  159.5 → -111.5 [-124.5, -99.5] | CD  -84.5
    mack   fab16  mean 예산  109.6 →  -61.6 [ -74.6, -49.6] | CD  -34.6  ‖  max 예산  139.6 →  -91.6 [-104.6, -79.6] | CD  -64.6
    mack   ven10  mean 예산  105.6 →  -57.6 [ -70.6, -45.6] | CD  -30.6  ‖  max 예산  135.6 →  -87.6 [-100.6, -75.6] | CD  -60.6
    mack   ven20  mean 예산  112.7 →  -64.7 [ -77.7, -52.7] | CD  -37.7  ‖  max 예산  142.7 →  -94.7 [-107.7, -82.7] | CD  -67.7
    rss    fab16  mean 예산   83.1 →  -35.1 [ -48.1, -23.1] | CD   -8.1  ‖  max 예산  112.3 →  -64.3 [ -77.3, -52.3] | CD  -37.3
    rss    ven10  mean 예산   82.1 →  -34.1 [ -47.1, -22.1] | CD   -7.1  ‖  max 예산  111.6 →  -63.6 [ -76.6, -51.6] | CD  -36.6
    rss    ven20  mean 예산   83.9 →  -35.9 [ -48.9, -23.9] | CD   -8.9  ‖  max 예산  112.9 →  -64.9 [ -77.9, -52.9] | CD  -37.9
    linear+편차(팹 문서 그대로) fab16: mean -89.5 · max -119.5
    linear+편차(팹 문서 그대로) ven10: mean -83.5 · max -113.5
    linear+편차(팹 문서 그대로) ven20: mean -93.5 · max -123.5
  -- M1 (결함 인지 72 [60,84] · CD 공통 97)
    linear fab16  mean 예산  110.5 →  -38.5 [ -50.5, -26.5] | CD  -13.5  ‖  max 예산  140.5 →  -68.5 [ -80.5, -56.5] | CD  -43.5
    linear ven10  mean 예산  104.5 →  -32.5 [ -44.5, -20.5] | CD   -7.5  ‖  max 예산  134.5 →  -62.5 [ -74.5, -50.5] | CD  -37.5
    linear ven20  mean 예산  114.5 →  -42.5 [ -54.5, -30.5] | CD  -17.5  ‖  max 예산  144.5 →  -72.5 [ -84.5, -60.5] | CD  -47.5
    mack   fab16  mean 예산   94.6 →  -22.6 [ -34.6, -10.6] | CD   +2.4  ‖  max 예산  124.6 →  -52.6 [ -64.6, -40.6] | CD  -27.6
    mack   ven10  mean 예산   90.6 →  -18.6 [ -30.6,  -6.6] | CD   +6.4  ‖  max 예산  120.6 →  -48.6 [ -60.6, -36.6] | CD  -23.6
    mack   ven20  mean 예산   97.7 →  -25.7 [ -37.7, -13.7] | CD   -0.7  ‖  max 예산  127.7 →  -55.7 [ -67.7, -43.7] | CD  -30.7
    rss    fab16  mean 예산   68.7 →   +3.3 [  -8.7, +15.3] | CD  +28.3  ‖  max 예산   97.6 →  -25.6 [ -37.6, -13.6] | CD   -0.6
    rss    ven10  mean 예산   67.6 →   +4.4 [  -7.6, +16.4] | CD  +29.4  ‖  max 예산   96.8 →  -24.8 [ -36.8, -12.8] | CD   +0.2
    rss    ven20  mean 예산   69.8 →   +2.2 [  -9.8, +14.2] | CD  +27.2  ‖  max 예산   98.3 →  -26.3 [ -38.3, -14.3] | CD   -1.3
    linear+편차(팹 문서 그대로) fab16: mean -58.5 · max -88.5
    linear+편차(팹 문서 그대로) ven10: mean -52.5 · max -82.5
    linear+편차(팹 문서 그대로) ven20: mean -62.5 · max -92.5

=== 4. 현 세대 N — 같은 규칙 · 같은 무작위 항(같은 NXE 장비군 가정) · 편차 제외
  linear fab16 LP mean   -1.5 max  -11.5 · M1 mean  -20.5 max  -50.5  · 마진 순서 ['LP>M1', 'LP>M1'] 대 손실 LP 0.3 > M1 0.2(= LP 마진이 작아야 정합)
  linear ven10 LP mean   +4.5 max   -5.5 · M1 mean  -14.5 max  -44.5  · 마진 순서 ['LP>M1', 'LP>M1'] 대 손실 LP 0.3 > M1 0.2(= LP 마진이 작아야 정합)
  linear ven20 LP mean   -5.5 max  -15.5 · M1 mean  -24.5 max  -54.5  · 마진 순서 ['LP>M1', 'LP>M1'] 대 손실 LP 0.3 > M1 0.2(= LP 마진이 작아야 정합)
  mack   fab16 LP mean  +17.5 max   +7.5 · M1 mean   -4.6 max  -34.6  · 마진 순서 ['LP>M1', 'LP>M1'] 대 손실 LP 0.3 > M1 0.2(= LP 마진이 작아야 정합)
  mack   ven10 LP mean  +21.0 max  +11.0 · M1 mean   -0.6 max  -30.6  · 마진 순서 ['LP>M1', 'LP>M1'] 대 손실 LP 0.3 > M1 0.2(= LP 마진이 작아야 정합)
  mack   ven20 LP mean  +14.8 max   +4.8 · M1 mean   -7.7 max  -37.7  · 마진 순서 ['LP>M1', 'LP>M1'] 대 손실 LP 0.3 > M1 0.2(= LP 마진이 작아야 정합)
  rss    fab16 LP mean  +37.9 max  +30.9 · M1 mean  +21.5 max   -7.5  · 마진 순서 ['LP>M1', 'LP>M1'] 대 손실 LP 0.3 > M1 0.2(= LP 마진이 작아야 정합)
  rss    ven10 LP mean  +40.4 max  +32.9 · M1 mean  +22.6 max   -6.7  · 마진 순서 ['LP>M1', 'LP>M1'] 대 손실 LP 0.3 > M1 0.2(= LP 마진이 작아야 정합)
  rss    ven20 LP mean  +35.7 max  +29.1 · M1 mean  +20.5 max   -8.2  · 마진 순서 ['LP>M1', 'LP>M1'] 대 손실 LP 0.3 > M1 0.2(= LP 마진이 작아야 정합)

=== 5. 차분 — (N+1 마진) − (N 마진), 같은 레이어 · 같은 장비군 → 공통 항 상쇄
  LP mean: ΔDoF -12 − Δ토포 +2 = -14.0 (linear·mack 공통) · 구간 ≈ [-27.9,-0.1] (95% 반폭 제곱합 13.9) · rss -13.4~-13.2
  LP max: ΔDoF -12 − Δ토포 +4 = -16.0 (linear·mack 공통) · 구간 ≈ [-29.9,-2.1] (95% 반폭 제곱합 13.9) · rss -15.3~-15.0
  M1 mean: ΔDoF -23 − Δ토포 -5 = -18.0 (linear·mack 공통) · 구간 ≈ [-31.9,-4.1] (95% 반폭 제곱합 13.9) · rss -18.3~-18.2
  M1 max: ΔDoF -23 − Δ토포 -5 = -18.0 (linear·mack 공통) · 구간 ≈ [-31.9,-4.1] (95% 반폭 제곱합 13.9) · rss -18.2~-18.1

=== 6. 조종 산술(가설 — 기울기 = 파일럿 손실 추정과 차분에서; 선형 가정)
  LP: 기울기 0.0071~0.0429 %/nm (파일럿 0.4~0.9% · 현 0.3% · 차분 14 nm)
     LP 가 0.2% 에 닿으려면 현 LP 보다 2.3~14.0 nm 더 → N+1 LP 필요 개선 16.3~28.0 nm
  M1: 기울기 0.0222~0.0556 %/nm (파일럿 0.6~1.2% · 현 0.2% · 차분 18 nm)

=== 7. 레버 산술 (선택 규칙 mack · 스캐너 fab16; 토포 평균 · 최대는 비례 환산)
  P2 분산 해석 계수(스캐너, 평탄도): {0.25: (0.859, 0.908), 0.35: (0.808, 0.877)}
  P2 진폭 해석 red 0.25: 스캐너 계수 0.850 · 평탄도 계수 0.900
  P2 진폭 해석 red 0.35: 스캐너 계수 0.790 · 평탄도 계수 0.860
  P2 이득 LP: mack(RSS) 2.0~2.6 nm · linear 3.4~4.5 nm
  P2 이득 MC: mack(RSS) 2.3~3.0 nm · linear 3.4~4.5 nm
  P2 이득 M1: mack(RSS) 2.3~3.0 nm · linear 3.4~4.5 nm
  P1 LP: CD 기준 +10.6~17.6 · 결함 인지에 같은 % 가정 +7.0~11.6 (미측정)
  P1 MC: CD 기준 +9.0~15.0 · 결함 인지에 같은 % 가정 +5.8~9.6 (미측정)
  P1 M1: CD 기준 +11.6~19.4 · 결함 인지에 같은 % 가정 +8.6~14.4 (미측정)
  D1 LP: 편차 15→8~10 이면 CD 겹침 90.0 → 95.0~95.0 (+5.0~5.0) · 토포 22→10~14 (−8~−12; 최대 34→15.5~21.6)
  -- MC (결함 인지 48 [35,60])
    레버 없음          mean: 단독(중앙 48) -61.6~-61.6 · +P1 -55.8~-52.0 · +P1+P2 -53.6~-49.0 · 전체(35~48 · P1 0~20%) -74.6~-52.0
    레버 없음          max: 단독(중앙 48) -91.6~-91.6 · +P1 -85.8~-82.0 · +P1+P2 -83.6~-79.0 · 전체(35~48 · P1 0~20%) -104.6~-82.0
    C1             mean: 단독(중앙 48) -31.6~-16.6 · +P1 -25.8~-7.0 · +P1+P2 -23.6~-4.0 · 전체(35~48 · P1 0~20%) -44.6~-7.0
    C1             max: 단독(중앙 48) -50.3~-29.7 · +P1 -44.6~-20.1 · +P1+P2 -42.3~-17.1 · 전체(35~48 · P1 0~20%) -63.3~-20.1
    C2             mean: 단독(중앙 48) -6.6~+3.4 · +P1 -0.8~+13.0 · +P1+P2 +1.4~+16.0 · 전체(35~48 · P1 0~20%) -19.6~+13.0
    C2             max: 단독(중앙 48) -16.0~-2.2 · +P1 -10.2~+7.4 · +P1+P2 -8.0~+10.4 · 전체(35~48 · P1 0~20%) -29.0~+7.4
    C3(제조사 발표)     mean: 단독(중앙 48) +13.4~+13.4 · +P1 +19.2~+23.0 · +P1+P2 +21.4~+26.0 · 전체(35~48 · P1 0~20%) +0.4~+23.0
    C3(제조사 발표)     max: 단독(중앙 48) +11.5~+11.5 · +P1 +17.3~+21.1 · +P1+P2 +19.5~+24.2 · 전체(35~48 · P1 0~20%) -1.5~+21.1
  -- M1 (결함 인지 72 [60,84])
    레버 없음        mean: 절대(중앙) -22.6~-22.6 · 절대(하한 60) -34.6~-34.6 · 차분(현 M1=0.2% 기준) -18.0~-18.0
    레버 없음        max: 절대(중앙) -52.6~-52.6 · 절대(하한 60) -64.6~-64.6 · 차분(현 M1=0.2% 기준) -18.0~-18.0
    C1(M1 추정)    mean: 절대(중앙) -2.6~+12.4 · 절대(하한 60) -14.6~+0.4 · 차분(현 M1=0.2% 기준) +2.0~+17.0
    C1(M1 추정)    max: 절대(중앙) -23.4~-1.4 · 절대(하한 60) -35.4~-13.4 · 차분(현 M1=0.2% 기준) +11.2~+33.2
    C2(M1 추정)    mean: 절대(중앙) +20.4~+30.4 · 절대(하한 60) +8.4~+18.4 · 차분(현 M1=0.2% 기준) +25.0~+35.0
    C2(M1 추정)    max: 절대(중앙) +10.3~+24.9 · 절대(하한 60) -1.7~+12.9 · 차분(현 M1=0.2% 기준) +44.8~+59.5
    P1만          mean: 절대(중앙) -14.0~-8.2 · 절대(하한 60) -27.4~-22.6 · 차분(현 M1=0.2% 기준) -9.4~-3.6
    P1만          max: 절대(중앙) -44.0~-38.2 · 절대(하한 60) -57.4~-52.6 · 차분(현 M1=0.2% 기준) -9.4~-3.6
    P1+P2        mean: 절대(중앙) -11.7~-5.2 · 절대(하한 60) -25.1~-19.6 · 차분(현 M1=0.2% 기준) -7.1~-0.6
    P1+P2        max: 절대(중앙) -41.7~-35.2 · 절대(하한 60) -55.1~-49.6 · 차분(현 M1=0.2% 기준) -7.1~-0.6
  -- LP (결함 인지 58 [45,70]) — 평탄화 레버(C) 는 LP 에 해당 없음(커패시터 전). D1 의 DoF 이득 = 겹침 산술 +5(결함 인지에도 같은 절대값 가정)
    레버 없음      mean: 절대 mack +3.5~+3.5 · 차분(현 LP=0.3% 기준) -14.0~-14.0
    레버 없음      max: 절대 mack -8.5~-8.5 · 차분(현 LP=0.3% 기준) -16.0~-16.0
    P1         mean: 절대 mack +10.5~+15.1 · 차분(현 LP=0.3% 기준) -7.0~-2.4
    P1         max: 절대 mack -1.5~+3.1 · 차분(현 LP=0.3% 기준) -9.0~-4.4
    P1+P2      mean: 절대 mack +12.5~+17.8 · 차분(현 LP=0.3% 기준) -5.1~+0.2
    P1+P2      max: 절대 mack +0.5~+5.8 · 차분(현 LP=0.3% 기준) -7.1~-1.8
    P1+P2+D1   mean: 절대 mack +25.5~+34.8 · 차분(현 LP=0.3% 기준) +7.9~+17.2
    P1+P2+D1   max: 절대 mack +17.8~+29.3 · 차분(현 LP=0.3% 기준) +10.3~+21.8
    D1         mean: 절대 mack +16.5~+20.5 · 차분(현 LP=0.3% 기준) -1.0~+3.0
    D1         max: 절대 mack +8.9~+15.1 · 차분(현 LP=0.3% 기준) +1.4~+7.5
    P2+D1      mean: 절대 mack +18.5~+23.2 · 차분(현 LP=0.3% 기준) +1.0~+5.6
    P2+D1      max: 절대 mack +10.9~+17.7 · 차분(현 LP=0.3% 기준) +3.3~+10.2

=== 8. 비용(억원) — 연간 | 일회성
  P1(레이어당): 연간 0 | 일회성 5
  P2: 연간 0 | 일회성 120
  C1: 연간 57.6 | 일회성 0
  C2: 연간 (306.0, 414.0) | 일회성 1
  C3: 연간 144.0 | 일회성 1400
  D1(순다이 −0.4%): 연간 432.0 | 일회성 0
  X1: 연간 432.0 | 일회성 0
  목표 초과 손실(파일럿 − 0.2%) LP: 216~756 억/년
  목표 초과 손실(파일럿 − 0.2%) MC: 4104~8424 억/년
  목표 초과 손실(파일럿 − 0.2%) M1: 432~1080 억/년
  C2 레이어당 연간(수혜 1): 306~414 · C3 레이어당 일회 1400 + 연간 144
  C2 레이어당 연간(수혜 2): 153~207 · C3 레이어당 일회 700 + 연간 72
  C2 레이어당 연간(수혜 3): 102~138 · C3 레이어당 일회 467 + 연간 48

=== 9. Q4 — 0.55NA
  문제 모의 40~55                  결함/CD 0.64(MC)   레버 없음       : Photo 이득(결함 인지 척도) +0.0~0.0 · 허용 단차 문턱 -4.0~+5.6 nm
  문제 모의 40~55                  결함/CD 0.64(MC)   SMO+SRAF 18%: Photo 이득(결함 인지 척도) +4.6~6.3 · 허용 단차 문턱 +0.6~+11.9 nm
  문제 모의 40~55                  결함/CD 0.64(MC)   비대칭 32%     : Photo 이득(결함 인지 척도) +8.2~11.3 · 허용 단차 문턱 +4.2~+16.9 nm
  문제 모의 40~55                  0.74(M1)         레버 없음       : Photo 이득(결함 인지 척도) +0.0~0.0 · 허용 단차 문턱 +0.0~+11.1 nm
  문제 모의 40~55                  0.74(M1)         SMO+SRAF 18%: Photo 이득(결함 인지 척도) +5.3~7.3 · 허용 단차 문턱 +5.3~+18.4 nm
  문제 모의 40~55                  0.74(M1)         비대칭 32%     : Photo 이득(결함 인지 척도) +9.5~13.0 · 허용 단차 문턱 +9.5~+24.1 nm
  imec 2~3배 감소(88/3~88/2)      결함/CD 0.64(MC)   레버 없음       : Photo 이득(결함 인지 척도) +0.0~0.0 · 허용 단차 문턱 -10.8~-1.4 nm
  imec 2~3배 감소(88/3~88/2)      결함/CD 0.64(MC)   SMO+SRAF 18%: Photo 이득(결함 인지 척도) +3.4~5.1 · 허용 단차 문턱 -7.4~+3.6 nm
  imec 2~3배 감소(88/3~88/2)      결함/CD 0.64(MC)   비대칭 32%     : Photo 이득(결함 인지 척도) +6.0~9.0 · 허용 단차 문턱 -4.8~+7.6 nm
  imec 2~3배 감소(88/3~88/2)      0.74(M1)         레버 없음       : Photo 이득(결함 인지 척도) +0.0~0.0 · 허용 단차 문턱 -7.9~+3.0 nm
  imec 2~3배 감소(88/3~88/2)      0.74(M1)         SMO+SRAF 18%: Photo 이득(결함 인지 척도) +3.9~5.9 · 허용 단차 문턱 -4.0~+8.8 nm
  imec 2~3배 감소(88/3~88/2)      0.74(M1)         비대칭 32%     : Photo 이득(결함 인지 척도) +6.9~10.4 · 허용 단차 문턱 -0.9~+13.4 nm
  0.33NA 허용 단차 문턱(레버 없음): M1 42.4 · MC 18.4 · LP 25.5
  0.33NA P1 이득 CD 10.6~17.6 → 결함 인지 7.0~11.6
  0.33NA P1 이득 CD 9.0~15.0 → 결함 인지 5.8~9.6
  0.33NA P1 이득 CD 11.6~19.4 → 결함 인지 8.6~14.4
