High accuracy requested (DEF (default) settings). 
Opening File: e4zif90_relaxed.cif
Radii analysis: the smallest atom r = 1.09 while the largest atoms r = 1.7.
Starting Voronoi decomposition
Box dimensions:
  va=(17.271500 0 0)
  vb=(0.000000 17.271500 0)
  vc=(0.000000 0.000000 17.271500)

Total particles = 9252

Internal grid size = (11 11 11)

Using voro++ with radii for particles.
Performing Voronoi decomposition.
Volume check:
  Total domain volume  = 5152.169838
  Total Voronoi volume = 5152.169838
Voronoi decomposition finished. Rerouting Voronoi network information.
Finished rerouting information.
Finished Voronoi decomposition
Command 0  -ha
Command 1  -block
Box dimensions:
  va=(17.271500 0 0)
  vb=(0.000000 17.271500 0)
  vc=(0.000000 0.000000 17.271500)

Total particles = 9252

Internal grid size = (11 11 11)

Using voro++ with radii for particles.
Performing Voronoi decomposition.
Volume check:
  Total domain volume  = 5152.169838
  Total Voronoi volume = 5152.169838
Voronoi decomposition finished. Rerouting Voronoi network information.
Finished rerouting information.
Voronoi network with 50076 nodes. 2091 of them are accessible. 

Finding channels and pockets in Dijkstra network of 50076 node(s). 2091 are expected to compose pores.
Analyzed and assigned 50076 nodes.
Identified 0 channels and 2 pockets.
2091 nodes assigned to pores. 
