== D-2 (A-2) P2 이득: 네 가지 읽기 · 감소율 25 / 35 % ==
  LP 25% 가 분산 몫 · σ 감소 (R1 "분산")            계수(0.859,0.908)  Mack 1.97  선형 3.36
  LP 25% 나 선형 진폭 분할 (R1 "진폭" · B)           계수(0.850,0.900)  Mack 2.10  선형 3.60
  LP 25% 다 분산 몫 · 분산 감소 (종합자 "분산")          계수(0.922,0.949)  Mack 1.10  선형 1.86
  LP 25% 라 σ 몫 · σ 감소                       계수(0.918,0.964)  Mack 1.05  선형 1.74
  LP 35% 가 분산 몫 · σ 감소 (R1 "분산")            계수(0.808,0.877)  Mack 2.64  선형 4.54
  LP 35% 나 선형 진폭 분할 (R1 "진폭" · B)           계수(0.790,0.860)  Mack 2.91  선형 5.04
  LP 35% 다 분산 몫 · 분산 감소 (종합자 "분산")          계수(0.889,0.927)  Mack 1.56  선형 2.65
  LP 35% 라 σ 몫 · σ 감소                       계수(0.890,0.953)  Mack 1.40  선형 2.33
  MC 25% 가 분산 몫 · σ 감소 (R1 "분산")            계수(0.859,0.908)  Mack 2.26  선형 3.36
  MC 25% 나 선형 진폭 분할 (R1 "진폭" · B)           계수(0.850,0.900)  Mack 2.41  선형 3.60
  MC 25% 다 분산 몫 · 분산 감소 (종합자 "분산")          계수(0.922,0.949)  Mack 1.26  선형 1.86
  MC 25% 라 σ 몫 · σ 감소                       계수(0.918,0.964)  Mack 1.20  선형 1.74
  MC 35% 가 분산 몫 · σ 감소 (R1 "분산")            계수(0.808,0.877)  Mack 3.04  선형 4.54
  MC 35% 나 선형 진폭 분할 (R1 "진폭" · B)           계수(0.790,0.860)  Mack 3.36  선형 5.04
  MC 35% 다 분산 몫 · 분산 감소 (종합자 "분산")          계수(0.889,0.927)  Mack 1.79  선형 2.65
  MC 35% 라 σ 몫 · σ 감소                       계수(0.890,0.953)  Mack 1.60  선형 2.33
  LP 읽기 가: Mack 1.97~2.64 · 선형 3.36~4.54
  LP 읽기 나: Mack 2.10~2.91 · 선형 3.60~5.04
  LP 읽기 다: Mack 1.10~1.56 · 선형 1.86~2.65
  LP 읽기 라: Mack 1.05~1.40 · 선형 1.74~2.33
  LP 네 읽기 전체 Mack 1.05~2.91
  MC 읽기 가: Mack 2.26~3.04 · 선형 3.36~4.54
  MC 읽기 나: Mack 2.41~3.36 · 선형 3.60~5.04
  MC 읽기 다: Mack 1.26~1.79 · 선형 1.86~2.65
  MC 읽기 라: Mack 1.20~1.60 · 선형 1.74~2.33
  MC 네 읽기 전체 Mack 1.20~3.36
  R1 의 두 읽기(가 · 나) 차 LP Mack: 0.13 · 0.27 nm  (R1 "차 < 0.1" 은 틀림)
  LP P1+P2 차분(현 LP 대비, 평균): R1 −5.1~+0.2 → 네 읽기 -6.0~+0.5
  MC C2+P1+P2 절대 Mack 평균: R1 +1.4~+16.0 → 네 읽기 +0.4~+16.4
  M1 P1+P2 차분: R1 −7.1~−0.6 → 네 읽기 -8.2~-0.2
  LP P1+P2+D1 차분(평균, D1 = 편차 +5 · 토포 22→10~14): R1 +7.9~+17.2 → 네 읽기 +7.0~+17.5

== D-3 (A-3) 토포가 결함 인지 DoF 안에 일부 들어 있을 수 있는 상한 ==
  LP: 겹침 90.0 − CD 공통 88 = 2.0 (CD 창에 든 토포 상한, 편차는 모의값) · CD − DA = 30 · 토포 평균 22
  MC: 겹침 80.5 − CD 공통 75 = 5.5 (CD 창에 든 토포 상한, 편차는 모의값) · CD − DA = 27 · 토포 평균 80
  M1: 겹침 97.5 − CD 공통 97 = 0.5 (CD 창에 든 토포 상한, 편차는 모의값) · CD − DA = 25 · 토포 평균 65
  (CD − DA) 대 토포, 다섯 행 회귀: 기울기 -0.097 (95 % -0.266 ~ +0.072) — 토포가 DA 안에 f 만큼 들어 있으면 기울기 ≈ f
  MC Mack 이 0 이 되려면 DA 안에 든 토포 61.6 nm (f = 0.77) 필요 — 그러면 MC 의 CD − DA 는 기저 + 61.6 이어야 하는데 실측 27
  극단 상한: CD−DA 27 전부 + 겹침 차 5.5 전부가 토포라 해도 포함 ≤ 32.5 nm
    s16 DA 중앙 48: 선형 -45.0 · Mack -29.1 · 전 RSS -4.5  (최대 토포 110−32.5: Mack -59.1)
    s16 DA 상한 60: 선형 -33.0 · Mack -17.1 · 전 RSS +7.5  (최대 토포 110−32.5: Mack -47.1)
    s10 DA 중앙 48: 선형 -39.0 · Mack -25.1 · 전 RSS -3.0  (최대 토포 110−32.5: Mack -55.1)
    s10 DA 상한 60: 선형 -27.0 · Mack -13.1 · 전 RSS +9.0  (최대 토포 110−32.5: Mack -43.1)

== D-5 (A-5) Q3 원인 후보의 정합 검산 — 두 레이어를 동시에 맞히려면 ==
  현 LP Mack +17.5 (0.3 %) · 현 M1 -4.6 (0.2 %) → 한 곡선이면 LP 가 M1 보다 마진이 작아야 함. 필요한 이동 ≥ 22.1 nm
  J-7a(레이어별 사상 = 임계 자리 수 비): 가우스 꼬리(σ LP 4.08 · M1 3.60, k 5.15 · 2.36)면 N_LP/N_M1 ≈ 1.1e+05
      경험 e-배 폭 10.0 nm [가설 · 파일럿]면 N_LP/N_M1 ≈ 13.7
      경험 e-배 폭 17.5 nm [가설 · 파일럿]면 N_LP/N_M1 ≈ 5.3
      M1 차분 18 nm 에 파일럿 0.6 % → e-배 폭 16.4 nm
      M1 차분 18 nm 에 파일럿 1.2 % → e-배 폭 10.0 nm
      참고 — M1 σ 3.60 가우스면 18 nm 악화 → 35 % (파일럿 0.6~1.2 %)
  J-7c(LP 스택 LS 과소): 현 LP 마진을 M1 수준(-4.6)까지 내리려면 LS 가 무작위면 42.1 · 계통(선형)이면 26.5 nm 필요(문제 값 14)
      비교: LS 를 계통으로만 옮기면 현 LP +7.9 · 현 M1 -11.1 → 역전 유지
  J-7b(M1 단차가 창을 통째로 먹지 않음) — 두 패턴 장난감 모형: 제한 패턴이 한 높이에만 있을 때 소모 = 겹침 차
    M1: 단차 65 · 편차 20 → 소모 순방향 25.0 / 역방향 65.0 (선형 뺄셈 = 65)
    MC: 단차 80 · 편차 12 → 소모 순방향 56.0 / 역방향 80.0 (선형 뺄셈 = 80)
    현 M1 이 현 LP 보다 마진이 커지려면 실효 소모 ≤ 47.9 (70 중). 순방향이면 30.0 → 맞음 · 역방향 또는 제한 패턴이 두 높이 모두에 있으면 70 → 안 맞음
    MC 는 순방향이어도 Mack -37.6 → 부족 불변

== D-7 (A-7) 레버 뒤 — 최대 토포 환산 세 방식 · 원인 a 의 양날 ==
  MC C2+P1+P2 최대 토포 비율(R1)             20.6~34.4 → 절대 Mack -9.0~+10.7
  MC C2+P1+P2 최대 토포 가산(최대−평균 일정)       45.0~55.0 → 절대 Mack -29.6~-13.6
  MC C2+P1+P2 최대 토포 바닥(최대 = 평균)        15.0~25.0 → 절대 Mack +0.4~+16.4
  M1 C2 최대 토포 비율(R1)             17.5~32.2 → 차분(현 M1 최대 100 대비) +44.8~+59.5
  M1 C2 최대 토포 가산(최대−평균 일정)       42.0~52.0 → 차분(현 M1 최대 100 대비) +25.0~+35.0
  M1 C2 최대 토포 바닥(최대 = 평균)        12.0~22.0 → 차분(현 M1 최대 100 대비) +55.0~+65.0
  M1 C2 차분이 0 이 되는 잔여 단차: 평균 ≤ 47 · 최대 ≤ 77 nm
  원인 a(순방향) 가정: N+1 M1 소모 25.0 → C2 뒤 -12.0~-12.5 → C2 이득 37.0~37.5 (선형이면 43~53)
      현 M1 소모 30.0 [가정: 편차 20 같음] → 차분 레버 없음 -18.0 · C2 뒤 +19.0~+19.5 (선형 +25~+35)

== D-9 (A-9) LS 를 상수 오프셋(보정됨)으로 볼 때 ==
  N+1 LP Mack: 평균 +3.5 → LS 제외 +7.9 · 최대 -8.5 → -4.1
  N+1 MC Mack: 평균 -61.6 → LS 제외 -60.1 · 최대 -91.6 → -90.1
  N+1 M1 Mack: 평균 -22.6 → LS 제외 -21.1 · 최대 -52.6 → -51.1
  현 LP Mack 평균: +17.5 → +21.9
  현 M1 Mack 평균: -4.6 → -3.1
  LP 에서만 LS 제외(M1 유지): 현 LP +21.9 대 현 M1 -4.6 → 역전 유지. 차분은 두 세대 같은 LS 면 불변

== D-11 (A-11) 공정 기간 +1.2 일 · D1 비용의 가정 ==
  재공 2400 장 × 1,500만원 = 360 억(매출가 상한, 일회성 운전자본) · 자본비용 r 5~10 %/년 [가정] → 18~36 억/년
  C2 연간 306~414 + 18~36 = 324~450 대 X1+C1 489.6(+ 오버레이 · ArF 라인 유지 미상)
  D1 432 = 0.4 % × 720,000 장 × 1,500만원 = 432 억/년 — 웨이퍼당 매출이 순다이 수에 비례할 때(가정)
