===== 시작 2026-08-19 16:14:07 =====
RASPA_DIR=/home/hwanhee/RASPA/simulations
simulate: /home/hwanhee/RASPA/bin/simulate
python:   /home/hwanhee/miniconda3/envs/mof/bin/python
수분 경쟁 v3 (이완된 구조)
  입력   /home/hwanhee/workspace/mtvzif/MTV-ZIF_계산지원/21_ZIF69_MTV/charged_v3
  작업   /home/hwanhee/workspace/mtvzif/MTV-ZIF_계산지원/21_ZIF69_MTV/water_runs_v3
  결과   /home/hwanhee/workspace/mtvzif/MTV-ZIF_계산지원/21_ZIF69_MTV/v3_water/water_results.json
  워커   16

구조 5개 x RH 4단계 중 실행 20개
CO2 0.15 bar 고정, 298 K, TIP5P-Ew(5사이트), 15000 사이클

  [          cached] RH  0% base       CO2  0.5839  H2O   0.0000
  [              ok] RH 25% base       CO2  0.5881  H2O   0.2258
  [              ok] RH 50% base       CO2  0.5697  H2O   0.3450
  [              ok] RH 90% base       CO2  0.5743  H2O   0.4893
  [              ok] RH  0% saIm025    CO2  0.9708  H2O   0.0000
  [              ok] RH 25% saIm025    CO2  0.8937  H2O   0.2348
  [              ok] RH 50% saIm025    CO2  0.8459  H2O   0.4306
  [              ok] RH 90% saIm025    CO2  0.7811  H2O   0.7219
  [              ok] RH  0% saIm050    CO2  1.2297  H2O   0.0000
  [              ok] RH 25% saIm050    CO2  1.0746  H2O   0.3660
  [              ok] RH 50% saIm050    CO2  1.0004  H2O   0.6114
  [              ok] RH 90% saIm050    CO2  0.9355  H2O   0.9401
  [              ok] RH  0% saIm075    CO2  1.3610  H2O   0.0000
  [              ok] RH 25% saIm075    CO2  1.2233  H2O   0.4913
  [              ok] RH 50% saIm075    CO2  1.1137  H2O   0.8593
  [              ok] RH 90% saIm075    CO2  1.0470  H2O   1.2424
  [              ok] RH  0% saIm100    CO2  1.5410  H2O   0.0000
  [              ok] RH 25% saIm100    CO2  1.2356  H2O   1.3904
  [              ok] RH 50% saIm100    CO2  1.0922  H2O   1.7261
  [              ok] RH 90% saIm100    CO2  0.9333  H2O   2.1548

============================================================================================================
구조                                  RH         CO2 [mol/kg]         H2O [mol/kg]               건조대비   H2O/CO2
------------------------------------------------------------------------------------------------------------
ZIF-69 원본 (Cl, 대조군)                 0%      0.5839 ± 0.0093      0.0000 ± 0.0000      100.0% (0.0σ)      0.00
ZIF-69 원본 (Cl, 대조군)                25%      0.5881 ± 0.0086      0.2258 ± 0.0274      100.7% (0.3σ)      0.38
ZIF-69 원본 (Cl, 대조군)                50%      0.5697 ± 0.0094      0.3450 ± 0.0146       97.6% (1.1σ)      0.61
ZIF-69 원본 (Cl, 대조군)                90%      0.5743 ± 0.0097      0.4893 ± 0.0238       98.4% (0.7σ)      0.85

SO3H 25%                            0%      0.9708 ± 0.0147      0.0000 ± 0.0000      100.0% (0.0σ)      0.00
SO3H 25%                           25%      0.8937 ± 0.0195      0.2348 ± 0.0151       92.1% (3.2σ)      0.26
SO3H 25%                           50%      0.8459 ± 0.0180      0.4306 ± 0.0193       87.1% (5.4σ)      0.51
SO3H 25%                           90%      0.7811 ± 0.0243      0.7219 ± 0.0551       80.5% (6.7σ)      0.92

SO3H 50%                            0%      1.2297 ± 0.0231      0.0000 ± 0.0000      100.0% (0.0σ)      0.00
SO3H 50%                           25%      1.0746 ± 0.0071      0.3660 ± 0.0310       87.4% (6.4σ)      0.34
SO3H 50%                           50%      1.0004 ± 0.0120      0.6114 ± 0.0304       81.4% (8.8σ)      0.61
SO3H 50%                           90%      0.9355 ± 0.0097      0.9401 ± 0.0309       76.1% (11.7σ)      1.00

SO3H 75%                            0%      1.3610 ± 0.0120      0.0000 ± 0.0000      100.0% (0.0σ)      0.00
SO3H 75%                           25%      1.2233 ± 0.0192      0.4913 ± 0.0285       89.9% (6.1σ)      0.40
SO3H 75%                           50%      1.1137 ± 0.0149      0.8593 ± 0.0446       81.8% (12.9σ)      0.77
SO3H 75%                           90%      1.0470 ± 0.0280      1.2424 ± 0.0566       76.9% (10.3σ)      1.19

SO3H 100% (목표권 진입 조성)               0%      1.5410 ± 0.0225      0.0000 ± 0.0000      100.0% (0.0σ)      0.00
SO3H 100% (목표권 진입 조성)              25%      1.2356 ± 0.0249      1.3904 ± 0.0339       80.2% (9.1σ)      1.13
SO3H 100% (목표권 진입 조성)              50%      1.0922 ± 0.0253      1.7261 ± 0.0382       70.9% (13.3σ)      1.58
SO3H 100% (목표권 진입 조성)              90%      0.9333 ± 0.0276      2.1548 ± 0.0558       60.6% (17.1σ)      2.31

[OK] water_results.json

판정 기준(19_WaterCompetition 과 동일, 계산 전 확정):
  RH90 유지율 80% 이상 -> 유효 / 50~80% -> 조건부(전처리 건조 비용) / 50% 미만 -> 종료
  차이의 유의성은 1.5σ 를 기준으로 본다.
===== 종료 2026-08-20 10:27:30 코드=0 =====
