12
 energy: -17.469706553660 gnorm: 0.029180662782 xtb: 6.7.1 (edcfbbe)
C            1.88084682000000       -0.14490620000000       -0.06220994000000
C            0.40111864000000       -0.20445827000000       -0.07278248000000
N           -0.34720987000000       -1.23058651000000       -0.41967678000000
C           -1.64384707000000       -0.81381941000000       -0.26812832000000
C           -1.68758957000000        0.48463472000000        0.17742188000000
N           -0.37948624000000        0.86225296000000        0.29820447000000
H            2.25083802000000        0.06341254000000        0.94639088000000
H            2.23964663000000        0.64002775000000       -0.73504637000000
H            2.30712282000000       -1.09742886000000       -0.39169533000000
H           -2.47474643000000       -1.47139017000000       -0.48808780000000
H           -2.50676376000000        1.14900664000000        0.41069909000000
H           -0.03992999000000        1.76325481000000        0.60491069000000
12
 energy: -17.470543124050 gnorm: 0.008910407068 xtb: 6.7.1 (edcfbbe)
C            1.87726561031181       -0.14392610550325       -0.06185033892250
C            0.39731950028328       -0.19836428401939       -0.07066722953128
N           -0.34772609922384       -1.21720400383303       -0.41508262590844
C           -1.63892949887483       -0.81095684721536       -0.26717981780077
C           -1.68178018663784        0.47888384605773        0.17541112760140
N           -0.37545192427081        0.86385721731873        0.29872861290990
H            2.25021627092039        0.06315803882695        0.94250990863815
H            2.23906903448049        0.63744180506134       -0.73213263668783
H            2.27528812978111       -1.10080968922047       -0.39264275984878
H           -2.45742526134261       -1.46960736677772       -0.48759272130273
H           -2.49798226800020        1.13415009082843        0.40554513388366
H           -0.03986330742695        1.76337729847604        0.60495333696922
12
 energy: -17.470613271851 gnorm: 0.002576124397 xtb: 6.7.1 (edcfbbe)
C            1.87757967047999       -0.14547997673010       -0.06238521230277
C            0.39554840971073       -0.19356742335248       -0.06901072214220
N           -0.34606292441590       -1.21096400640055       -0.41295498659727
C           -1.63664211492097       -0.80989605400901       -0.26683106212501
C           -1.68119633728565        0.47801092251288        0.17510792675242
N           -0.37506766505756        0.86708701181524        0.29983345352631
H            2.25197670659377        0.06056153280083        0.94032035885539
H            2.24084484932920        0.63405508128359       -0.73201798495605
H            2.26331388788773       -1.10454584675959       -0.39384402191631
H           -2.44834556751014       -1.47238751006266       -0.48860593462027
H           -2.49791029219164        1.13002187606672        0.40412895157549
H           -0.04403862261956        1.76710439283513        0.60625922395027
12
 energy: -17.470622272770 gnorm: 0.001364276032 xtb: 6.7.1 (edcfbbe)
C            1.87847342095156       -0.14638482716907       -0.06270160260540
C            0.39538171831917       -0.19113653652825       -0.06817576877530
N           -0.34460100135672       -1.20913885986565       -0.41233802670918
C           -1.63598436246630       -0.80964863770428       -0.26675097876469
C           -1.68168621490667        0.47824992043846        0.17519334611418
N           -0.37546517142922        0.86897012986494        0.30048211377036
H            2.25384282483055        0.05867183866762        0.93966665311301
H            2.24271071884003        0.63216886421192       -0.73268495690776
H            2.25950164684421       -1.10670684364424       -0.39455925550725
H           -2.44534362702145       -1.47464537568401       -0.48940099819266
H           -2.49911987023973        1.12966388722515        0.40401433256994
H           -0.04771008236544        1.76993644018741        0.60725513189476
12
 energy: -17.470625440896 gnorm: 0.000763081550 xtb: 6.7.1 (edcfbbe)
C            1.87965452010722       -0.14746031886805       -0.06307817843080
C            0.39568649897835       -0.18827158781344       -0.06719564960032
N           -0.34268913097931       -1.20754337779090       -0.41180516832100
C           -1.63547850146066       -0.80933481688023       -0.26664633838854
C           -1.68238279058098        0.47859361964992        0.17531552881564
N           -0.37605645260124        0.87100328922400        0.30118331429844
H            2.25658111242738        0.05623211620307        0.93897700534958
H            2.24544729483756        0.62983009299074       -0.73367040107201
H            2.25583891112308       -1.10933345732195       -0.39543516360174
H           -2.44253241124307       -1.47728625086033       -0.49032438094058
H           -2.50048518359587        1.12985270998048        0.40408781486912
H           -0.05358386701244        1.77371798148669        0.60859160702221
